Code Quality Checks	Run Bandit security linter	∩╗┐2025-07-20T03:41:40.3900116Z ##[group]Run bandit -r src/ -ll
Code Quality Checks	Run Bandit security linter	2025-07-20T03:41:40.3900385Z [36;1mbandit -r src/ -ll[0m
Code Quality Checks	Run Bandit security linter	2025-07-20T03:41:40.3928021Z shell: /usr/bin/bash -e {0}
Code Quality Checks	Run Bandit security linter	2025-07-20T03:41:40.3928233Z env:
Code Quality Checks	Run Bandit security linter	2025-07-20T03:41:40.3928388Z   PYTHON_VERSION: 3.11
Code Quality Checks	Run Bandit security linter	2025-07-20T03:41:40.3928587Z   DOCKER_REGISTRY: ghcr.io
Code Quality Checks	Run Bandit security linter	2025-07-20T03:41:40.3928791Z   IMAGE_NAME: LiamKujawski/MCP
Code Quality Checks	Run Bandit security linter	2025-07-20T03:41:40.3929062Z   pythonLocation: /opt/hostedtoolcache/Python/3.11.13/x64
Code Quality Checks	Run Bandit security linter	2025-07-20T03:41:40.3929453Z   PKG_CONFIG_PATH: /opt/hostedtoolcache/Python/3.11.13/x64/lib/pkgconfig
Code Quality Checks	Run Bandit security linter	2025-07-20T03:41:40.3929830Z   Python_ROOT_DIR: /opt/hostedtoolcache/Python/3.11.13/x64
Code Quality Checks	Run Bandit security linter	2025-07-20T03:41:40.3930204Z   Python2_ROOT_DIR: /opt/hostedtoolcache/Python/3.11.13/x64
Code Quality Checks	Run Bandit security linter	2025-07-20T03:41:40.3930539Z   Python3_ROOT_DIR: /opt/hostedtoolcache/Python/3.11.13/x64
Code Quality Checks	Run Bandit security linter	2025-07-20T03:41:40.3930873Z   LD_LIBRARY_PATH: /opt/hostedtoolcache/Python/3.11.13/x64/lib
Code Quality Checks	Run Bandit security linter	2025-07-20T03:41:40.3931144Z ##[endgroup]
Code Quality Checks	Run Bandit security linter	2025-07-20T03:41:40.5716616Z [main]	INFO	profile include tests: None
Code Quality Checks	Run Bandit security linter	2025-07-20T03:41:40.5717289Z [main]	INFO	profile exclude tests: None
Code Quality Checks	Run Bandit security linter	2025-07-20T03:41:40.5717822Z [main]	INFO	cli include tests: None
Code Quality Checks	Run Bandit security linter	2025-07-20T03:41:40.5718300Z [main]	INFO	cli exclude tests: None
Code Quality Checks	Run Bandit security linter	2025-07-20T03:41:40.5719499Z [main]	INFO	running on Python 3.11.13
Code Quality Checks	Run Bandit security linter	2025-07-20T03:41:40.6487496Z Run started:2025-07-20 03:41:40.648462
Code Quality Checks	Run Bandit security linter	2025-07-20T03:41:40.6487916Z 
Code Quality Checks	Run Bandit security linter	2025-07-20T03:41:40.6488077Z Test results:
Code Quality Checks	Run Bandit security linter	2025-07-20T03:41:40.6488809Z >> Issue: [B104:hardcoded_bind_all_interfaces] Possible binding to all interfaces.
Code Quality Checks	Run Bandit security linter	2025-07-20T03:41:40.6489671Z    Severity: Medium   Confidence: Medium
Code Quality Checks	Run Bandit security linter	2025-07-20T03:41:40.6490393Z    CWE: CWE-605 (https://cwe.mitre.org/data/definitions/605.html)
Code Quality Checks	Run Bandit security linter	2025-07-20T03:41:40.6491514Z    More Info: https://bandit.readthedocs.io/en/1.8.6/plugins/b104_hardcoded_bind_all_interfaces.html
Code Quality Checks	Run Bandit security linter	2025-07-20T03:41:40.6492490Z    Location: src/main.py:259:13
Code Quality Checks	Run Bandit security linter	2025-07-20T03:41:40.6492964Z 258	        "main:app",
Code Quality Checks	Run Bandit security linter	2025-07-20T03:41:40.6493386Z 259	        host="0.0.0.0",
Code Quality Checks	Run Bandit security linter	2025-07-20T03:41:40.6493835Z 260	        port=8000,
Code Quality Checks	Run Bandit security linter	2025-07-20T03:41:40.6494126Z 
Code Quality Checks	Run Bandit security linter	2025-07-20T03:41:40.6494339Z --------------------------------------------------
Code Quality Checks	Run Bandit security linter	2025-07-20T03:41:40.6495104Z 
Code Quality Checks	Run Bandit security linter	2025-07-20T03:41:40.6495293Z Code scanned:
Code Quality Checks	Run Bandit security linter	2025-07-20T03:41:40.6495700Z 	Total lines of code: 828
Code Quality Checks	Run Bandit security linter	2025-07-20T03:41:40.6496037Z 	Total lines skipped (#nosec): 0
Code Quality Checks	Run Bandit security linter	2025-07-20T03:41:40.6496523Z 	Total potential issues skipped due to specifically being disabled (e.g., #nosec BXXX): 0
Code Quality Checks	Run Bandit security linter	2025-07-20T03:41:40.6496939Z 
Code Quality Checks	Run Bandit security linter	2025-07-20T03:41:40.6497021Z Run metrics:
Code Quality Checks	Run Bandit security linter	2025-07-20T03:41:40.6497256Z 	Total issues (by severity):
Code Quality Checks	Run Bandit security linter	2025-07-20T03:41:40.6497504Z 		Undefined: 0
Code Quality Checks	Run Bandit security linter	2025-07-20T03:41:40.6497705Z 		Low: 0
Code Quality Checks	Run Bandit security linter	2025-07-20T03:41:40.6497883Z 		Medium: 1
Code Quality Checks	Run Bandit security linter	2025-07-20T03:41:40.6498402Z 		High: 0
Code Quality Checks	Run Bandit security linter	2025-07-20T03:41:40.6498612Z 	Total issues (by confidence):
Code Quality Checks	Run Bandit security linter	2025-07-20T03:41:40.6498869Z 		Undefined: 0
Code Quality Checks	Run Bandit security linter	2025-07-20T03:41:40.6499059Z 		Low: 0
Code Quality Checks	Run Bandit security linter	2025-07-20T03:41:40.6499240Z 		Medium: 1
Code Quality Checks	Run Bandit security linter	2025-07-20T03:41:40.6499415Z 		High: 0
Code Quality Checks	Run Bandit security linter	2025-07-20T03:41:40.6499602Z Files skipped (0):
Code Quality Checks	Run Bandit security linter	2025-07-20T03:41:40.6714159Z ##[error]Process completed with exit code 1.
Build & Test (o3 - baseline)	Run tests with coverage	∩╗┐2025-07-20T03:41:35.4763522Z ##[group]Run pytest tests/ -v --cov=src --cov-report=xml --cov-report=html
Build & Test (o3 - baseline)	Run tests with coverage	2025-07-20T03:41:35.4764056Z [36;1mpytest tests/ -v --cov=src --cov-report=xml --cov-report=html[0m
Build & Test (o3 - baseline)	Run tests with coverage	2025-07-20T03:41:35.4793313Z shell: /usr/bin/bash -e {0}
Build & Test (o3 - baseline)	Run tests with coverage	2025-07-20T03:41:35.4793713Z env:
Build & Test (o3 - baseline)	Run tests with coverage	2025-07-20T03:41:35.4793889Z   PYTHON_VERSION: 3.11
Build & Test (o3 - baseline)	Run tests with coverage	2025-07-20T03:41:35.4794100Z   DOCKER_REGISTRY: ghcr.io
Build & Test (o3 - baseline)	Run tests with coverage	2025-07-20T03:41:35.4794324Z   IMAGE_NAME: LiamKujawski/MCP
Build & Test (o3 - baseline)	Run tests with coverage	2025-07-20T03:41:35.4794629Z   pythonLocation: /opt/hostedtoolcache/Python/3.11.13/x64
Build & Test (o3 - baseline)	Run tests with coverage	2025-07-20T03:41:35.4795044Z   PKG_CONFIG_PATH: /opt/hostedtoolcache/Python/3.11.13/x64/lib/pkgconfig
Build & Test (o3 - baseline)	Run tests with coverage	2025-07-20T03:41:35.4795464Z   Python_ROOT_DIR: /opt/hostedtoolcache/Python/3.11.13/x64
Build & Test (o3 - baseline)	Run tests with coverage	2025-07-20T03:41:35.4795812Z   Python2_ROOT_DIR: /opt/hostedtoolcache/Python/3.11.13/x64
Build & Test (o3 - baseline)	Run tests with coverage	2025-07-20T03:41:35.4796159Z   Python3_ROOT_DIR: /opt/hostedtoolcache/Python/3.11.13/x64
Build & Test (o3 - baseline)	Run tests with coverage	2025-07-20T03:41:35.4796518Z   LD_LIBRARY_PATH: /opt/hostedtoolcache/Python/3.11.13/x64/lib
Build & Test (o3 - baseline)	Run tests with coverage	2025-07-20T03:41:35.4796803Z   MODEL_TYPE: o3
Build & Test (o3 - baseline)	Run tests with coverage	2025-07-20T03:41:35.4797026Z   PROMPT_TYPE: baseline
Build & Test (o3 - baseline)	Run tests with coverage	2025-07-20T03:41:35.4797353Z ##[endgroup]
Build & Test (o3 - baseline)	Run tests with coverage	2025-07-20T03:41:36.2246322Z ============================= test session starts ==============================
Build & Test (o3 - baseline)	Run tests with coverage	2025-07-20T03:41:36.2248210Z platform linux -- Python 3.11.13, pytest-8.4.1, pluggy-1.6.0 -- /opt/hostedtoolcache/Python/3.11.13/x64/bin/python
Build & Test (o3 - baseline)	Run tests with coverage	2025-07-20T03:41:36.2248915Z cachedir: .pytest_cache
Build & Test (o3 - baseline)	Run tests with coverage	2025-07-20T03:41:36.2249237Z rootdir: /home/runner/work/MCP/MCP
Build & Test (o3 - baseline)	Run tests with coverage	2025-07-20T03:41:36.2249593Z configfile: pytest.ini
Build & Test (o3 - baseline)	Run tests with coverage	2025-07-20T03:41:36.2249924Z plugins: cov-6.2.1, asyncio-1.1.0, anyio-4.9.0
Build & Test (o3 - baseline)	Run tests with coverage	2025-07-20T03:41:36.2250634Z asyncio: mode=Mode.STRICT, asyncio_default_fixture_loop_scope=None, asyncio_default_test_loop_scope=function
Build & Test (o3 - baseline)	Run tests with coverage	2025-07-20T03:41:37.0655348Z collecting ... collected 21 items
Build & Test (o3 - baseline)	Run tests with coverage	2025-07-20T03:41:37.0655853Z 
Build & Test (o3 - baseline)	Run tests with coverage	2025-07-20T03:41:37.0678039Z tests/integration/test_api_integration.py::test_environment PASSED       [  4%]
Build & Test (o3 - baseline)	Run tests with coverage	2025-07-20T03:41:37.0690420Z tests/integration/test_api_integration.py::test_smoke_integration PASSED [  9%]
Build & Test (o3 - baseline)	Run tests with coverage	2025-07-20T03:41:37.0701552Z tests/test_smoke.py::test_smoke PASSED                                   [ 14%]
Build & Test (o3 - baseline)	Run tests with coverage	2025-07-20T03:41:37.0713341Z tests/test_smoke.py::test_imports PASSED                                 [ 19%]
Build & Test (o3 - baseline)	Run tests with coverage	2025-07-20T03:41:37.0724814Z tests/test_synthesis_agents.py::TestKnowledgeGraph::test_add_insight PASSED [ 23%]
Build & Test (o3 - baseline)	Run tests with coverage	2025-07-20T03:41:37.1827545Z tests/test_synthesis_agents.py::TestKnowledgeGraph::test_identify_consensus FAILED [ 28%]
Build & Test (o3 - baseline)	Run tests with coverage	2025-07-20T03:41:37.2269222Z tests/test_synthesis_agents.py::TestKnowledgeGraph::test_identify_divergences FAILED [ 33%]
Build & Test (o3 - baseline)	Run tests with coverage	2025-07-20T03:41:40.2436562Z tests/test_synthesis_agents.py::TestResearchDigestionAgent::test_execute PASSED [ 38%]
Build & Test (o3 - baseline)	Run tests with coverage	2025-07-20T03:41:40.3464819Z tests/test_synthesis_agents.py::TestResearchDigestionAgent::test_process_research_file PASSED [ 42%]
Build & Test (o3 - baseline)	Run tests with coverage	2025-07-20T03:41:40.4508261Z tests/test_synthesis_agents.py::TestSynthesisReportAgent::test_execute_success PASSED [ 47%]
Build & Test (o3 - baseline)	Run tests with coverage	2025-07-20T03:41:40.4530153Z tests/test_synthesis_agents.py::TestSynthesisReportAgent::test_execute_no_knowledge_graph PASSED [ 52%]
Build & Test (o3 - baseline)	Run tests with coverage	2025-07-20T03:41:40.5573389Z tests/test_synthesis_agents.py::TestImplementationPlanAgent::test_execute PASSED [ 57%]
Build & Test (o3 - baseline)	Run tests with coverage	2025-07-20T03:41:43.7756801Z tests/test_synthesis_agents.py::Test╬úBuilderOrchestrator::test_execute_workflow PASSED [ 61%]
Build & Test (o3 - baseline)	Run tests with coverage	2025-07-20T03:41:46.9951867Z tests/test_synthesis_agents.py::TestProcessSigmaBuilderRequest::test_process_full_workflow PASSED [ 66%]
Build & Test (o3 - baseline)	Run tests with coverage	2025-07-20T03:41:50.0123016Z tests/test_synthesis_agents.py::TestProcessSigmaBuilderRequest::test_process_specific_phase PASSED [ 71%]
Build & Test (o3 - baseline)	Run tests with coverage	2025-07-20T03:41:50.0144690Z tests/test_synthesis_agents.py::TestProcessSigmaBuilderRequest::test_process_error_handling PASSED [ 76%]
Build & Test (o3 - baseline)	Run tests with coverage	2025-07-20T03:41:50.1028611Z tests/test_synthesis_agents.py::TestFastAPIEndpoints::test_root_endpoint PASSED [ 80%]
Build & Test (o3 - baseline)	Run tests with coverage	2025-07-20T03:41:50.1065761Z tests/test_synthesis_agents.py::TestFastAPIEndpoints::test_health_endpoint PASSED [ 85%]
Build & Test (o3 - baseline)	Run tests with coverage	2025-07-20T03:41:50.1099852Z tests/test_synthesis_agents.py::TestFastAPIEndpoints::test_list_agents_endpoint PASSED [ 90%]
Build & Test (o3 - baseline)	Run tests with coverage	2025-07-20T03:41:50.1167572Z tests/test_synthesis_agents.py::TestFastAPIEndpoints::test_start_workflow_endpoint PASSED [ 95%]
Build & Test (o3 - baseline)	Run tests with coverage	2025-07-20T03:41:53.3930846Z tests/test_synthesis_agents.py::TestFastAPIEndpoints::test_execute_phase_endpoint FAILED [100%]
Build & Test (o3 - baseline)	Run tests with coverage	2025-07-20T03:41:53.3932000Z 
Build & Test (o3 - baseline)	Run tests with coverage	2025-07-20T03:41:53.3932178Z =================================== FAILURES ===================================
Build & Test (o3 - baseline)	Run tests with coverage	2025-07-20T03:41:53.3932775Z __________________ TestKnowledgeGraph.test_identify_consensus __________________
Build & Test (o3 - baseline)	Run tests with coverage	2025-07-20T03:41:53.3933204Z 
Build & Test (o3 - baseline)	Run tests with coverage	2025-07-20T03:41:53.3933517Z self = <tests.test_synthesis_agents.TestKnowledgeGraph object at 0x7f364eab8b50>
Build & Test (o3 - baseline)	Run tests with coverage	2025-07-20T03:41:53.3933963Z 
Build & Test (o3 - baseline)	Run tests with coverage	2025-07-20T03:41:53.3934111Z     def test_identify_consensus(self):
Build & Test (o3 - baseline)	Run tests with coverage	2025-07-20T03:41:53.3934511Z         """Test consensus pattern identification"""
Build & Test (o3 - baseline)	Run tests with coverage	2025-07-20T03:41:53.3934919Z         graph = KnowledgeGraph()
Build & Test (o3 - baseline)	Run tests with coverage	2025-07-20T03:41:53.3935236Z     
Build & Test (o3 - baseline)	Run tests with coverage	2025-07-20T03:41:53.3935569Z         # Add insights from multiple perspectives on same type
Build & Test (o3 - baseline)	Run tests with coverage	2025-07-20T03:41:53.3936276Z >       for i, perspective in enumerate([ResearchPerspective.O3, ResearchPerspective.SONNET]):
Build & Test (o3 - baseline)	Run tests with coverage	2025-07-20T03:41:53.3936939Z                                                                  ^^^^^^^^^^^^^^^^^^^^^^^^^^
Build & Test (o3 - baseline)	Run tests with coverage	2025-07-20T03:41:53.3937481Z 
Build & Test (o3 - baseline)	Run tests with coverage	2025-07-20T03:41:53.3937632Z tests/test_synthesis_agents.py:58: 
Build & Test (o3 - baseline)	Run tests with coverage	2025-07-20T03:41:53.3938026Z _ _ _ _ _ _ _ _ _ _ _ _ _ _ _ _ _ _ _ _ _ _ _ _ _ _ _ _ _ _ _ _ _ _ _ _ _ _ _ _ 
Build & Test (o3 - baseline)	Run tests with coverage	2025-07-20T03:41:53.3938383Z 
Build & Test (o3 - baseline)	Run tests with coverage	2025-07-20T03:41:53.3938552Z cls = <enum 'ResearchPerspective'>, name = 'SONNET'
Build & Test (o3 - baseline)	Run tests with coverage	2025-07-20T03:41:53.3938842Z 
Build & Test (o3 - baseline)	Run tests with coverage	2025-07-20T03:41:53.3938962Z     def __getattr__(cls, name):
Build & Test (o3 - baseline)	Run tests with coverage	2025-07-20T03:41:53.3939272Z         """
Build & Test (o3 - baseline)	Run tests with coverage	2025-07-20T03:41:53.3939556Z         Return the enum member matching `name`
Build & Test (o3 - baseline)	Run tests with coverage	2025-07-20T03:41:53.3939914Z     
Build & Test (o3 - baseline)	Run tests with coverage	2025-07-20T03:41:53.3940286Z         We use __getattr__ instead of descriptors or inserting into the enum
Build & Test (o3 - baseline)	Run tests with coverage	2025-07-20T03:41:53.3940944Z         class' __dict__ in order to support `name` and `value` being both
Build & Test (o3 - baseline)	Run tests with coverage	2025-07-20T03:41:53.3941588Z         properties for enum members (which live in the class' __dict__) and
Build & Test (o3 - baseline)	Run tests with coverage	2025-07-20T03:41:53.3942104Z         enum members themselves.
Build & Test (o3 - baseline)	Run tests with coverage	2025-07-20T03:41:53.3942432Z         """
Build & Test (o3 - baseline)	Run tests with coverage	2025-07-20T03:41:53.3942683Z         if _is_dunder(name):
Build & Test (o3 - baseline)	Run tests with coverage	2025-07-20T03:41:53.3943029Z             raise AttributeError(name)
Build & Test (o3 - baseline)	Run tests with coverage	2025-07-20T03:41:53.3943378Z         try:
Build & Test (o3 - baseline)	Run tests with coverage	2025-07-20T03:41:53.3943660Z             return cls._member_map_[name]
Build & Test (o3 - baseline)	Run tests with coverage	2025-07-20T03:41:53.3944032Z         except KeyError:
Build & Test (o3 - baseline)	Run tests with coverage	2025-07-20T03:41:53.3944378Z >           raise AttributeError(name) from None
Build & Test (o3 - baseline)	Run tests with coverage	2025-07-20T03:41:53.3944772Z E           AttributeError: SONNET
Build & Test (o3 - baseline)	Run tests with coverage	2025-07-20T03:41:53.3945005Z 
Build & Test (o3 - baseline)	Run tests with coverage	2025-07-20T03:41:53.3945325Z /opt/hostedtoolcache/Python/3.11.13/x64/lib/python3.11/enum.py:786: AttributeError
Build & Test (o3 - baseline)	Run tests with coverage	2025-07-20T03:41:53.3946061Z _________________ TestKnowledgeGraph.test_identify_divergences _________________
Build & Test (o3 - baseline)	Run tests with coverage	2025-07-20T03:41:53.3946472Z 
Build & Test (o3 - baseline)	Run tests with coverage	2025-07-20T03:41:53.3946778Z self = <tests.test_synthesis_agents.TestKnowledgeGraph object at 0x7f364eab9210>
Build & Test (o3 - baseline)	Run tests with coverage	2025-07-20T03:41:53.3947399Z 
Build & Test (o3 - baseline)	Run tests with coverage	2025-07-20T03:41:53.3947545Z     def test_identify_divergences(self):
Build & Test (o3 - baseline)	Run tests with coverage	2025-07-20T03:41:53.3947962Z         """Test divergence identification"""
Build & Test (o3 - baseline)	Run tests with coverage	2025-07-20T03:41:53.3948353Z         graph = KnowledgeGraph()
Build & Test (o3 - baseline)	Run tests with coverage	2025-07-20T03:41:53.3948668Z     
Build & Test (o3 - baseline)	Run tests with coverage	2025-07-20T03:41:53.3948911Z         # Add unique insight for O3
Build & Test (o3 - baseline)	Run tests with coverage	2025-07-20T03:41:53.3949275Z         insight1 = ResearchInsight(
Build & Test (o3 - baseline)	Run tests with coverage	2025-07-20T03:41:53.3949616Z             id="o3_unique",
Build & Test (o3 - baseline)	Run tests with coverage	2025-07-20T03:41:53.3949932Z             source_file="o3.md",
Build & Test (o3 - baseline)	Run tests with coverage	2025-07-20T03:41:53.3950311Z             perspective=ResearchPerspective.O3,
Build & Test (o3 - baseline)	Run tests with coverage	2025-07-20T03:41:53.3950734Z             type=InsightType.SAFETY,
Build & Test (o3 - baseline)	Run tests with coverage	2025-07-20T03:41:53.3951112Z             content="O3 unique safety insight"
Build & Test (o3 - baseline)	Run tests with coverage	2025-07-20T03:41:53.3951468Z         )
Build & Test (o3 - baseline)	Run tests with coverage	2025-07-20T03:41:53.3951702Z     
Build & Test (o3 - baseline)	Run tests with coverage	2025-07-20T03:41:53.3951958Z         # Add different insight for Sonnet
Build & Test (o3 - baseline)	Run tests with coverage	2025-07-20T03:41:53.3952345Z         insight2 = ResearchInsight(
Build & Test (o3 - baseline)	Run tests with coverage	2025-07-20T03:41:53.3952693Z             id="sonnet_unique",
Build & Test (o3 - baseline)	Run tests with coverage	2025-07-20T03:41:53.3953267Z             source_file="sonnet.md",
Build & Test (o3 - baseline)	Run tests with coverage	2025-07-20T03:41:53.3953655Z >           perspective=ResearchPerspective.SONNET,
Build & Test (o3 - baseline)	Run tests with coverage	2025-07-20T03:41:53.3954067Z                         ^^^^^^^^^^^^^^^^^^^^^^^^^^
Build & Test (o3 - baseline)	Run tests with coverage	2025-07-20T03:41:53.3954610Z             type=InsightType.PERFORMANCE,
Build & Test (o3 - baseline)	Run tests with coverage	2025-07-20T03:41:53.3955031Z             content="Sonnet unique performance insight"
Build & Test (o3 - baseline)	Run tests with coverage	2025-07-20T03:41:53.3955412Z         )
Build & Test (o3 - baseline)	Run tests with coverage	2025-07-20T03:41:53.3955551Z 
Build & Test (o3 - baseline)	Run tests with coverage	2025-07-20T03:41:53.3955685Z tests/test_synthesis_agents.py:91: 
Build & Test (o3 - baseline)	Run tests with coverage	2025-07-20T03:41:53.3956083Z _ _ _ _ _ _ _ _ _ _ _ _ _ _ _ _ _ _ _ _ _ _ _ _ _ _ _ _ _ _ _ _ _ _ _ _ _ _ _ _ 
Build & Test (o3 - baseline)	Run tests with coverage	2025-07-20T03:41:53.3956374Z 
Build & Test (o3 - baseline)	Run tests with coverage	2025-07-20T03:41:53.3956549Z cls = <enum 'ResearchPerspective'>, name = 'SONNET'
Build & Test (o3 - baseline)	Run tests with coverage	2025-07-20T03:41:53.3956839Z 
Build & Test (o3 - baseline)	Run tests with coverage	2025-07-20T03:41:53.3956959Z     def __getattr__(cls, name):
Build & Test (o3 - baseline)	Run tests with coverage	2025-07-20T03:41:53.3957428Z         """
Build & Test (o3 - baseline)	Run tests with coverage	2025-07-20T03:41:53.3957707Z         Return the enum member matching `name`
Build & Test (o3 - baseline)	Run tests with coverage	2025-07-20T03:41:53.3958065Z     
Build & Test (o3 - baseline)	Run tests with coverage	2025-07-20T03:41:53.3958438Z         We use __getattr__ instead of descriptors or inserting into the enum
Build & Test (o3 - baseline)	Run tests with coverage	2025-07-20T03:41:53.3959027Z         class' __dict__ in order to support `name` and `value` being both
Build & Test (o3 - baseline)	Run tests with coverage	2025-07-20T03:41:53.3959607Z         properties for enum members (which live in the class' __dict__) and
Build & Test (o3 - baseline)	Run tests with coverage	2025-07-20T03:41:53.3960203Z         enum members themselves.
Build & Test (o3 - baseline)	Run tests with coverage	2025-07-20T03:41:53.3960557Z         """
Build & Test (o3 - baseline)	Run tests with coverage	2025-07-20T03:41:53.3960808Z         if _is_dunder(name):
Build & Test (o3 - baseline)	Run tests with coverage	2025-07-20T03:41:53.3961145Z             raise AttributeError(name)
Build & Test (o3 - baseline)	Run tests with coverage	2025-07-20T03:41:53.3961480Z         try:
Build & Test (o3 - baseline)	Run tests with coverage	2025-07-20T03:41:53.3961762Z             return cls._member_map_[name]
Build & Test (o3 - baseline)	Run tests with coverage	2025-07-20T03:41:53.3962133Z         except KeyError:
Build & Test (o3 - baseline)	Run tests with coverage	2025-07-20T03:41:53.3962454Z >           raise AttributeError(name) from None
Build & Test (o3 - baseline)	Run tests with coverage	2025-07-20T03:41:53.3962922Z E           AttributeError: SONNET
Build & Test (o3 - baseline)	Run tests with coverage	2025-07-20T03:41:53.3963152Z 
Build & Test (o3 - baseline)	Run tests with coverage	2025-07-20T03:41:53.3963479Z /opt/hostedtoolcache/Python/3.11.13/x64/lib/python3.11/enum.py:786: AttributeError
Build & Test (o3 - baseline)	Run tests with coverage	2025-07-20T03:41:53.3964206Z _______________ TestFastAPIEndpoints.test_execute_phase_endpoint _______________
Build & Test (o3 - baseline)	Run tests with coverage	2025-07-20T03:41:53.3964615Z 
Build & Test (o3 - baseline)	Run tests with coverage	2025-07-20T03:41:53.3964926Z self = <tests.test_synthesis_agents.TestFastAPIEndpoints object at 0x7f364eabf1d0>
Build & Test (o3 - baseline)	Run tests with coverage	2025-07-20T03:41:53.3965655Z client = <starlette.testclient.TestClient object at 0x7f364e954c90>
Build & Test (o3 - baseline)	Run tests with coverage	2025-07-20T03:41:53.3966028Z 
Build & Test (o3 - baseline)	Run tests with coverage	2025-07-20T03:41:53.3966197Z     def test_execute_phase_endpoint(self, client):
Build & Test (o3 - baseline)	Run tests with coverage	2025-07-20T03:41:53.3966616Z         """Test phase execution endpoint"""
Build & Test (o3 - baseline)	Run tests with coverage	2025-07-20T03:41:53.3967233Z         request_data = {
Build & Test (o3 - baseline)	Run tests with coverage	2025-07-20T03:41:53.3967897Z             "phase": ╬úBuilderPhase.RESEARCH_DIGESTION.value,
Build & Test (o3 - baseline)	Run tests with coverage	2025-07-20T03:41:53.3968315Z             "context": {}
Build & Test (o3 - baseline)	Run tests with coverage	2025-07-20T03:41:53.3968580Z         }
Build & Test (o3 - baseline)	Run tests with coverage	2025-07-20T03:41:53.3968803Z     
Build & Test (o3 - baseline)	Run tests with coverage	2025-07-20T03:41:53.3969121Z         with patch.object(Path, "exists", return_value=True):
Build & Test (o3 - baseline)	Run tests with coverage	2025-07-20T03:41:53.3969651Z             response = client.post("/phase/execute", json=request_data)
Build & Test (o3 - baseline)	Run tests with coverage	2025-07-20T03:41:53.3970101Z     
Build & Test (o3 - baseline)	Run tests with coverage	2025-07-20T03:41:53.3970358Z >       assert response.status_code == 200
Build & Test (o3 - baseline)	Run tests with coverage	2025-07-20T03:41:53.3970739Z E       assert 400 == 200
Build & Test (o3 - baseline)	Run tests with coverage	2025-07-20T03:41:53.3971100Z E        +  where 400 = <Response [400 Bad Request]>.status_code
Build & Test (o3 - baseline)	Run tests with coverage	2025-07-20T03:41:53.3971414Z 
Build & Test (o3 - baseline)	Run tests with coverage	2025-07-20T03:41:53.3971600Z tests/test_synthesis_agents.py:315: AssertionError
Build & Test (o3 - baseline)	Run tests with coverage	2025-07-20T03:41:53.3972059Z ================================ tests coverage ================================
Build & Test (o3 - baseline)	Run tests with coverage	2025-07-20T03:41:53.3972593Z _______________ coverage: platform linux, python 3.11.13-final-0 _______________
Build & Test (o3 - baseline)	Run tests with coverage	2025-07-20T03:41:53.3972956Z 
Build & Test (o3 - baseline)	Run tests with coverage	2025-07-20T03:41:53.3973096Z Coverage HTML written to dir htmlcov
Build & Test (o3 - baseline)	Run tests with coverage	2025-07-20T03:41:53.3973473Z Coverage XML written to file coverage.xml
Build & Test (o3 - baseline)	Run tests with coverage	2025-07-20T03:41:53.3973908Z =========================== short test summary info ============================
Build & Test (o3 - baseline)	Run tests with coverage	2025-07-20T03:41:53.3974680Z FAILED tests/test_synthesis_agents.py::TestKnowledgeGraph::test_identify_consensus - AttributeError: SONNET
Build & Test (o3 - baseline)	Run tests with coverage	2025-07-20T03:41:53.3975702Z FAILED tests/test_synthesis_agents.py::TestKnowledgeGraph::test_identify_divergences - AttributeError: SONNET
Build & Test (o3 - baseline)	Run tests with coverage	2025-07-20T03:41:53.3977025Z FAILED tests/test_synthesis_agents.py::TestFastAPIEndpoints::test_execute_phase_endpoint - assert 400 == 200
Build & Test (o3 - baseline)	Run tests with coverage	2025-07-20T03:41:53.3977943Z  +  where 400 = <Response [400 Bad Request]>.status_code
Build & Test (o3 - baseline)	Run tests with coverage	2025-07-20T03:41:53.3978588Z ======================== 3 failed, 18 passed in 17.09s =========================
Build & Test (o3 - baseline)	Run tests with coverage	2025-07-20T03:41:53.4831548Z ##[error]Process completed with exit code 1.
Build & Test (o3 - baseline)	Run tests with coverage	∩╗┐2025-07-20T03:41:35.4763522Z ##[group]Run pytest tests/ -v --cov=src --cov-report=xml --cov-report=html
Build & Test (o3 - baseline)	Run tests with coverage	2025-07-20T03:41:35.4764056Z [36;1mpytest tests/ -v --cov=src --cov-report=xml --cov-report=html[0m
Build & Test (o3 - baseline)	Run tests with coverage	2025-07-20T03:41:35.4793313Z shell: /usr/bin/bash -e {0}
Build & Test (o3 - baseline)	Run tests with coverage	2025-07-20T03:41:35.4793713Z env:
Build & Test (o3 - baseline)	Run tests with coverage	2025-07-20T03:41:35.4793889Z   PYTHON_VERSION: 3.11
Build & Test (o3 - baseline)	Run tests with coverage	2025-07-20T03:41:35.4794100Z   DOCKER_REGISTRY: ghcr.io
Build & Test (o3 - baseline)	Run tests with coverage	2025-07-20T03:41:35.4794324Z   IMAGE_NAME: LiamKujawski/MCP
Build & Test (o3 - baseline)	Run tests with coverage	2025-07-20T03:41:35.4794629Z   pythonLocation: /opt/hostedtoolcache/Python/3.11.13/x64
Build & Test (o3 - baseline)	Run tests with coverage	2025-07-20T03:41:35.4795044Z   PKG_CONFIG_PATH: /opt/hostedtoolcache/Python/3.11.13/x64/lib/pkgconfig
Build & Test (o3 - baseline)	Run tests with coverage	2025-07-20T03:41:35.4795464Z   Python_ROOT_DIR: /opt/hostedtoolcache/Python/3.11.13/x64
Build & Test (o3 - baseline)	Run tests with coverage	2025-07-20T03:41:35.4795812Z   Python2_ROOT_DIR: /opt/hostedtoolcache/Python/3.11.13/x64
Build & Test (o3 - baseline)	Run tests with coverage	2025-07-20T03:41:35.4796159Z   Python3_ROOT_DIR: /opt/hostedtoolcache/Python/3.11.13/x64
Build & Test (o3 - baseline)	Run tests with coverage	2025-07-20T03:41:35.4796518Z   LD_LIBRARY_PATH: /opt/hostedtoolcache/Python/3.11.13/x64/lib
Build & Test (o3 - baseline)	Run tests with coverage	2025-07-20T03:41:35.4796803Z   MODEL_TYPE: o3
Build & Test (o3 - baseline)	Run tests with coverage	2025-07-20T03:41:35.4797026Z   PROMPT_TYPE: baseline
Build & Test (o3 - baseline)	Run tests with coverage	2025-07-20T03:41:35.4797353Z ##[endgroup]
Build & Test (o3 - baseline)	Run tests with coverage	2025-07-20T03:41:36.2246322Z ============================= test session starts ==============================
Build & Test (o3 - baseline)	Run tests with coverage	2025-07-20T03:41:36.2248210Z platform linux -- Python 3.11.13, pytest-8.4.1, pluggy-1.6.0 -- /opt/hostedtoolcache/Python/3.11.13/x64/bin/python
Build & Test (o3 - baseline)	Run tests with coverage	2025-07-20T03:41:36.2248915Z cachedir: .pytest_cache
Build & Test (o3 - baseline)	Run tests with coverage	2025-07-20T03:41:36.2249237Z rootdir: /home/runner/work/MCP/MCP
Build & Test (o3 - baseline)	Run tests with coverage	2025-07-20T03:41:36.2249593Z configfile: pytest.ini
Build & Test (o3 - baseline)	Run tests with coverage	2025-07-20T03:41:36.2249924Z plugins: cov-6.2.1, asyncio-1.1.0, anyio-4.9.0
Build & Test (o3 - baseline)	Run tests with coverage	2025-07-20T03:41:36.2250634Z asyncio: mode=Mode.STRICT, asyncio_default_fixture_loop_scope=None, asyncio_default_test_loop_scope=function
Build & Test (o3 - baseline)	Run tests with coverage	2025-07-20T03:41:37.0655348Z collecting ... collected 21 items
Build & Test (o3 - baseline)	Run tests with coverage	2025-07-20T03:41:37.0655853Z 
Build & Test (o3 - baseline)	Run tests with coverage	2025-07-20T03:41:37.0678039Z tests/integration/test_api_integration.py::test_environment PASSED       [  4%]
Build & Test (o3 - baseline)	Run tests with coverage	2025-07-20T03:41:37.0690420Z tests/integration/test_api_integration.py::test_smoke_integration PASSED [  9%]
Build & Test (o3 - baseline)	Run tests with coverage	2025-07-20T03:41:37.0701552Z tests/test_smoke.py::test_smoke PASSED                                   [ 14%]
Build & Test (o3 - baseline)	Run tests with coverage	2025-07-20T03:41:37.0713341Z tests/test_smoke.py::test_imports PASSED                                 [ 19%]
Build & Test (o3 - baseline)	Run tests with coverage	2025-07-20T03:41:37.0724814Z tests/test_synthesis_agents.py::TestKnowledgeGraph::test_add_insight PASSED [ 23%]
Build & Test (o3 - baseline)	Run tests with coverage	2025-07-20T03:41:37.1827545Z tests/test_synthesis_agents.py::TestKnowledgeGraph::test_identify_consensus FAILED [ 28%]
Build & Test (o3 - baseline)	Run tests with coverage	2025-07-20T03:41:37.2269222Z tests/test_synthesis_agents.py::TestKnowledgeGraph::test_identify_divergences FAILED [ 33%]
Build & Test (o3 - baseline)	Run tests with coverage	2025-07-20T03:41:40.2436562Z tests/test_synthesis_agents.py::TestResearchDigestionAgent::test_execute PASSED [ 38%]
Build & Test (o3 - baseline)	Run tests with coverage	2025-07-20T03:41:40.3464819Z tests/test_synthesis_agents.py::TestResearchDigestionAgent::test_process_research_file PASSED [ 42%]
Build & Test (o3 - baseline)	Run tests with coverage	2025-07-20T03:41:40.4508261Z tests/test_synthesis_agents.py::TestSynthesisReportAgent::test_execute_success PASSED [ 47%]
Build & Test (o3 - baseline)	Run tests with coverage	2025-07-20T03:41:40.4530153Z tests/test_synthesis_agents.py::TestSynthesisReportAgent::test_execute_no_knowledge_graph PASSED [ 52%]
Build & Test (o3 - baseline)	Run tests with coverage	2025-07-20T03:41:40.5573389Z tests/test_synthesis_agents.py::TestImplementationPlanAgent::test_execute PASSED [ 57%]
Build & Test (o3 - baseline)	Run tests with coverage	2025-07-20T03:41:43.7756801Z tests/test_synthesis_agents.py::Test╬úBuilderOrchestrator::test_execute_workflow PASSED [ 61%]
Build & Test (o3 - baseline)	Run tests with coverage	2025-07-20T03:41:46.9951867Z tests/test_synthesis_agents.py::TestProcessSigmaBuilderRequest::test_process_full_workflow PASSED [ 66%]
Build & Test (o3 - baseline)	Run tests with coverage	2025-07-20T03:41:50.0123016Z tests/test_synthesis_agents.py::TestProcessSigmaBuilderRequest::test_process_specific_phase PASSED [ 71%]
Build & Test (o3 - baseline)	Run tests with coverage	2025-07-20T03:41:50.0144690Z tests/test_synthesis_agents.py::TestProcessSigmaBuilderRequest::test_process_error_handling PASSED [ 76%]
Build & Test (o3 - baseline)	Run tests with coverage	2025-07-20T03:41:50.1028611Z tests/test_synthesis_agents.py::TestFastAPIEndpoints::test_root_endpoint PASSED [ 80%]
Build & Test (o3 - baseline)	Run tests with coverage	2025-07-20T03:41:50.1065761Z tests/test_synthesis_agents.py::TestFastAPIEndpoints::test_health_endpoint PASSED [ 85%]
Build & Test (o3 - baseline)	Run tests with coverage	2025-07-20T03:41:50.1099852Z tests/test_synthesis_agents.py::TestFastAPIEndpoints::test_list_agents_endpoint PASSED [ 90%]
Build & Test (o3 - baseline)	Run tests with coverage	2025-07-20T03:41:50.1167572Z tests/test_synthesis_agents.py::TestFastAPIEndpoints::test_start_workflow_endpoint PASSED [ 95%]
Build & Test (o3 - baseline)	Run tests with coverage	2025-07-20T03:41:53.3930846Z tests/test_synthesis_agents.py::TestFastAPIEndpoints::test_execute_phase_endpoint FAILED [100%]
Build & Test (o3 - baseline)	Run tests with coverage	2025-07-20T03:41:53.3932000Z 
Build & Test (o3 - baseline)	Run tests with coverage	2025-07-20T03:41:53.3932178Z =================================== FAILURES ===================================
Build & Test (o3 - baseline)	Run tests with coverage	2025-07-20T03:41:53.3932775Z __________________ TestKnowledgeGraph.test_identify_consensus __________________
Build & Test (o3 - baseline)	Run tests with coverage	2025-07-20T03:41:53.3933204Z 
Build & Test (o3 - baseline)	Run tests with coverage	2025-07-20T03:41:53.3933517Z self = <tests.test_synthesis_agents.TestKnowledgeGraph object at 0x7f364eab8b50>
Build & Test (o3 - baseline)	Run tests with coverage	2025-07-20T03:41:53.3933963Z 
Build & Test (o3 - baseline)	Run tests with coverage	2025-07-20T03:41:53.3934111Z     def test_identify_consensus(self):
Build & Test (o3 - baseline)	Run tests with coverage	2025-07-20T03:41:53.3934511Z         """Test consensus pattern identification"""
Build & Test (o3 - baseline)	Run tests with coverage	2025-07-20T03:41:53.3934919Z         graph = KnowledgeGraph()
Build & Test (o3 - baseline)	Run tests with coverage	2025-07-20T03:41:53.3935236Z     
Build & Test (o3 - baseline)	Run tests with coverage	2025-07-20T03:41:53.3935569Z         # Add insights from multiple perspectives on same type
Build & Test (o3 - baseline)	Run tests with coverage	2025-07-20T03:41:53.3936276Z >       for i, perspective in enumerate([ResearchPerspective.O3, ResearchPerspective.SONNET]):
Build & Test (o3 - baseline)	Run tests with coverage	2025-07-20T03:41:53.3936939Z                                                                  ^^^^^^^^^^^^^^^^^^^^^^^^^^
Build & Test (o3 - baseline)	Run tests with coverage	2025-07-20T03:41:53.3937481Z 
Build & Test (o3 - baseline)	Run tests with coverage	2025-07-20T03:41:53.3937632Z tests/test_synthesis_agents.py:58: 
Build & Test (o3 - baseline)	Run tests with coverage	2025-07-20T03:41:53.3938026Z _ _ _ _ _ _ _ _ _ _ _ _ _ _ _ _ _ _ _ _ _ _ _ _ _ _ _ _ _ _ _ _ _ _ _ _ _ _ _ _ 
Build & Test (o3 - baseline)	Run tests with coverage	2025-07-20T03:41:53.3938383Z 
Build & Test (o3 - baseline)	Run tests with coverage	2025-07-20T03:41:53.3938552Z cls = <enum 'ResearchPerspective'>, name = 'SONNET'
Build & Test (o3 - baseline)	Run tests with coverage	2025-07-20T03:41:53.3938842Z 
Build & Test (o3 - baseline)	Run tests with coverage	2025-07-20T03:41:53.3938962Z     def __getattr__(cls, name):
Build & Test (o3 - baseline)	Run tests with coverage	2025-07-20T03:41:53.3939272Z         """
Build & Test (o3 - baseline)	Run tests with coverage	2025-07-20T03:41:53.3939556Z         Return the enum member matching `name`
Build & Test (o3 - baseline)	Run tests with coverage	2025-07-20T03:41:53.3939914Z     
Build & Test (o3 - baseline)	Run tests with coverage	2025-07-20T03:41:53.3940286Z         We use __getattr__ instead of descriptors or inserting into the enum
Build & Test (o3 - baseline)	Run tests with coverage	2025-07-20T03:41:53.3940944Z         class' __dict__ in order to support `name` and `value` being both
Build & Test (o3 - baseline)	Run tests with coverage	2025-07-20T03:41:53.3941588Z         properties for enum members (which live in the class' __dict__) and
Build & Test (o3 - baseline)	Run tests with coverage	2025-07-20T03:41:53.3942104Z         enum members themselves.
Build & Test (o3 - baseline)	Run tests with coverage	2025-07-20T03:41:53.3942432Z         """
Build & Test (o3 - baseline)	Run tests with coverage	2025-07-20T03:41:53.3942683Z         if _is_dunder(name):
Build & Test (o3 - baseline)	Run tests with coverage	2025-07-20T03:41:53.3943029Z             raise AttributeError(name)
Build & Test (o3 - baseline)	Run tests with coverage	2025-07-20T03:41:53.3943378Z         try:
Build & Test (o3 - baseline)	Run tests with coverage	2025-07-20T03:41:53.3943660Z             return cls._member_map_[name]
Build & Test (o3 - baseline)	Run tests with coverage	2025-07-20T03:41:53.3944032Z         except KeyError:
Build & Test (o3 - baseline)	Run tests with coverage	2025-07-20T03:41:53.3944378Z >           raise AttributeError(name) from None
Build & Test (o3 - baseline)	Run tests with coverage	2025-07-20T03:41:53.3944772Z E           AttributeError: SONNET
Build & Test (o3 - baseline)	Run tests with coverage	2025-07-20T03:41:53.3945005Z 
Build & Test (o3 - baseline)	Run tests with coverage	2025-07-20T03:41:53.3945325Z /opt/hostedtoolcache/Python/3.11.13/x64/lib/python3.11/enum.py:786: AttributeError
Build & Test (o3 - baseline)	Run tests with coverage	2025-07-20T03:41:53.3946061Z _________________ TestKnowledgeGraph.test_identify_divergences _________________
Build & Test (o3 - baseline)	Run tests with coverage	2025-07-20T03:41:53.3946472Z 
Build & Test (o3 - baseline)	Run tests with coverage	2025-07-20T03:41:53.3946778Z self = <tests.test_synthesis_agents.TestKnowledgeGraph object at 0x7f364eab9210>
Build & Test (o3 - baseline)	Run tests with coverage	2025-07-20T03:41:53.3947399Z 
Build & Test (o3 - baseline)	Run tests with coverage	2025-07-20T03:41:53.3947545Z     def test_identify_divergences(self):
Build & Test (o3 - baseline)	Run tests with coverage	2025-07-20T03:41:53.3947962Z         """Test divergence identification"""
Build & Test (o3 - baseline)	Run tests with coverage	2025-07-20T03:41:53.3948353Z         graph = KnowledgeGraph()
Build & Test (o3 - baseline)	Run tests with coverage	2025-07-20T03:41:53.3948668Z     
Build & Test (o3 - baseline)	Run tests with coverage	2025-07-20T03:41:53.3948911Z         # Add unique insight for O3
Build & Test (o3 - baseline)	Run tests with coverage	2025-07-20T03:41:53.3949275Z         insight1 = ResearchInsight(
Build & Test (o3 - baseline)	Run tests with coverage	2025-07-20T03:41:53.3949616Z             id="o3_unique",
Build & Test (o3 - baseline)	Run tests with coverage	2025-07-20T03:41:53.3949932Z             source_file="o3.md",
Build & Test (o3 - baseline)	Run tests with coverage	2025-07-20T03:41:53.3950311Z             perspective=ResearchPerspective.O3,
Build & Test (o3 - baseline)	Run tests with coverage	2025-07-20T03:41:53.3950734Z             type=InsightType.SAFETY,
Build & Test (o3 - baseline)	Run tests with coverage	2025-07-20T03:41:53.3951112Z             content="O3 unique safety insight"
Build & Test (o3 - baseline)	Run tests with coverage	2025-07-20T03:41:53.3951468Z         )
Build & Test (o3 - baseline)	Run tests with coverage	2025-07-20T03:41:53.3951702Z     
Build & Test (o3 - baseline)	Run tests with coverage	2025-07-20T03:41:53.3951958Z         # Add different insight for Sonnet
Build & Test (o3 - baseline)	Run tests with coverage	2025-07-20T03:41:53.3952345Z         insight2 = ResearchInsight(
Build & Test (o3 - baseline)	Run tests with coverage	2025-07-20T03:41:53.3952693Z             id="sonnet_unique",
Build & Test (o3 - baseline)	Run tests with coverage	2025-07-20T03:41:53.3953267Z             source_file="sonnet.md",
Build & Test (o3 - baseline)	Run tests with coverage	2025-07-20T03:41:53.3953655Z >           perspective=ResearchPerspective.SONNET,
Build & Test (o3 - baseline)	Run tests with coverage	2025-07-20T03:41:53.3954067Z                         ^^^^^^^^^^^^^^^^^^^^^^^^^^
Build & Test (o3 - baseline)	Run tests with coverage	2025-07-20T03:41:53.3954610Z             type=InsightType.PERFORMANCE,
Build & Test (o3 - baseline)	Run tests with coverage	2025-07-20T03:41:53.3955031Z             content="Sonnet unique performance insight"
Build & Test (o3 - baseline)	Run tests with coverage	2025-07-20T03:41:53.3955412Z         )
Build & Test (o3 - baseline)	Run tests with coverage	2025-07-20T03:41:53.3955551Z 
Build & Test (o3 - baseline)	Run tests with coverage	2025-07-20T03:41:53.3955685Z tests/test_synthesis_agents.py:91: 
Build & Test (o3 - baseline)	Run tests with coverage	2025-07-20T03:41:53.3956083Z _ _ _ _ _ _ _ _ _ _ _ _ _ _ _ _ _ _ _ _ _ _ _ _ _ _ _ _ _ _ _ _ _ _ _ _ _ _ _ _ 
Build & Test (o3 - baseline)	Run tests with coverage	2025-07-20T03:41:53.3956374Z 
Build & Test (o3 - baseline)	Run tests with coverage	2025-07-20T03:41:53.3956549Z cls = <enum 'ResearchPerspective'>, name = 'SONNET'
Build & Test (o3 - baseline)	Run tests with coverage	2025-07-20T03:41:53.3956839Z 
Build & Test (o3 - baseline)	Run tests with coverage	2025-07-20T03:41:53.3956959Z     def __getattr__(cls, name):
Build & Test (o3 - baseline)	Run tests with coverage	2025-07-20T03:41:53.3957428Z         """
Build & Test (o3 - baseline)	Run tests with coverage	2025-07-20T03:41:53.3957707Z         Return the enum member matching `name`
Build & Test (o3 - baseline)	Run tests with coverage	2025-07-20T03:41:53.3958065Z     
Build & Test (o3 - baseline)	Run tests with coverage	2025-07-20T03:41:53.3958438Z         We use __getattr__ instead of descriptors or inserting into the enum
Build & Test (o3 - baseline)	Run tests with coverage	2025-07-20T03:41:53.3959027Z         class' __dict__ in order to support `name` and `value` being both
Build & Test (o3 - baseline)	Run tests with coverage	2025-07-20T03:41:53.3959607Z         properties for enum members (which live in the class' __dict__) and
Build & Test (o3 - baseline)	Run tests with coverage	2025-07-20T03:41:53.3960203Z         enum members themselves.
Build & Test (o3 - baseline)	Run tests with coverage	2025-07-20T03:41:53.3960557Z         """
Build & Test (o3 - baseline)	Run tests with coverage	2025-07-20T03:41:53.3960808Z         if _is_dunder(name):
Build & Test (o3 - baseline)	Run tests with coverage	2025-07-20T03:41:53.3961145Z             raise AttributeError(name)
Build & Test (o3 - baseline)	Run tests with coverage	2025-07-20T03:41:53.3961480Z         try:
Build & Test (o3 - baseline)	Run tests with coverage	2025-07-20T03:41:53.3961762Z             return cls._member_map_[name]
Build & Test (o3 - baseline)	Run tests with coverage	2025-07-20T03:41:53.3962133Z         except KeyError:
Build & Test (o3 - baseline)	Run tests with coverage	2025-07-20T03:41:53.3962454Z >           raise AttributeError(name) from None
Build & Test (o3 - baseline)	Run tests with coverage	2025-07-20T03:41:53.3962922Z E           AttributeError: SONNET
Build & Test (o3 - baseline)	Run tests with coverage	2025-07-20T03:41:53.3963152Z 
Build & Test (o3 - baseline)	Run tests with coverage	2025-07-20T03:41:53.3963479Z /opt/hostedtoolcache/Python/3.11.13/x64/lib/python3.11/enum.py:786: AttributeError
Build & Test (o3 - baseline)	Run tests with coverage	2025-07-20T03:41:53.3964206Z _______________ TestFastAPIEndpoints.test_execute_phase_endpoint _______________
Build & Test (o3 - baseline)	Run tests with coverage	2025-07-20T03:41:53.3964615Z 
Build & Test (o3 - baseline)	Run tests with coverage	2025-07-20T03:41:53.3964926Z self = <tests.test_synthesis_agents.TestFastAPIEndpoints object at 0x7f364eabf1d0>
Build & Test (o3 - baseline)	Run tests with coverage	2025-07-20T03:41:53.3965655Z client = <starlette.testclient.TestClient object at 0x7f364e954c90>
Build & Test (o3 - baseline)	Run tests with coverage	2025-07-20T03:41:53.3966028Z 
Build & Test (o3 - baseline)	Run tests with coverage	2025-07-20T03:41:53.3966197Z     def test_execute_phase_endpoint(self, client):
Build & Test (o3 - baseline)	Run tests with coverage	2025-07-20T03:41:53.3966616Z         """Test phase execution endpoint"""
Build & Test (o3 - baseline)	Run tests with coverage	2025-07-20T03:41:53.3967233Z         request_data = {
Build & Test (o3 - baseline)	Run tests with coverage	2025-07-20T03:41:53.3967897Z             "phase": ╬úBuilderPhase.RESEARCH_DIGESTION.value,
Build & Test (o3 - baseline)	Run tests with coverage	2025-07-20T03:41:53.3968315Z             "context": {}
Build & Test (o3 - baseline)	Run tests with coverage	2025-07-20T03:41:53.3968580Z         }
Build & Test (o3 - baseline)	Run tests with coverage	2025-07-20T03:41:53.3968803Z     
Build & Test (o3 - baseline)	Run tests with coverage	2025-07-20T03:41:53.3969121Z         with patch.object(Path, "exists", return_value=True):
Build & Test (o3 - baseline)	Run tests with coverage	2025-07-20T03:41:53.3969651Z             response = client.post("/phase/execute", json=request_data)
Build & Test (o3 - baseline)	Run tests with coverage	2025-07-20T03:41:53.3970101Z     
Build & Test (o3 - baseline)	Run tests with coverage	2025-07-20T03:41:53.3970358Z >       assert response.status_code == 200
Build & Test (o3 - baseline)	Run tests with coverage	2025-07-20T03:41:53.3970739Z E       assert 400 == 200
Build & Test (o3 - baseline)	Run tests with coverage	2025-07-20T03:41:53.3971100Z E        +  where 400 = <Response [400 Bad Request]>.status_code
Build & Test (o3 - baseline)	Run tests with coverage	2025-07-20T03:41:53.3971414Z 
Build & Test (o3 - baseline)	Run tests with coverage	2025-07-20T03:41:53.3971600Z tests/test_synthesis_agents.py:315: AssertionError
Build & Test (o3 - baseline)	Run tests with coverage	2025-07-20T03:41:53.3972059Z ================================ tests coverage ================================
Build & Test (o3 - baseline)	Run tests with coverage	2025-07-20T03:41:53.3972593Z _______________ coverage: platform linux, python 3.11.13-final-0 _______________
Build & Test (o3 - baseline)	Run tests with coverage	2025-07-20T03:41:53.3972956Z 
Build & Test (o3 - baseline)	Run tests with coverage	2025-07-20T03:41:53.3973096Z Coverage HTML written to dir htmlcov
Build & Test (o3 - baseline)	Run tests with coverage	2025-07-20T03:41:53.3973473Z Coverage XML written to file coverage.xml
Build & Test (o3 - baseline)	Run tests with coverage	2025-07-20T03:41:53.3973908Z =========================== short test summary info ============================
Build & Test (o3 - baseline)	Run tests with coverage	2025-07-20T03:41:53.3974680Z FAILED tests/test_synthesis_agents.py::TestKnowledgeGraph::test_identify_consensus - AttributeError: SONNET
Build & Test (o3 - baseline)	Run tests with coverage	2025-07-20T03:41:53.3975702Z FAILED tests/test_synthesis_agents.py::TestKnowledgeGraph::test_identify_divergences - AttributeError: SONNET
Build & Test (o3 - baseline)	Run tests with coverage	2025-07-20T03:41:53.3977025Z FAILED tests/test_synthesis_agents.py::TestFastAPIEndpoints::test_execute_phase_endpoint - assert 400 == 200
Build & Test (o3 - baseline)	Run tests with coverage	2025-07-20T03:41:53.3977943Z  +  where 400 = <Response [400 Bad Request]>.status_code
Build & Test (o3 - baseline)	Run tests with coverage	2025-07-20T03:41:53.3978588Z ======================== 3 failed, 18 passed in 17.09s =========================
Build & Test (o3 - baseline)	Run tests with coverage	2025-07-20T03:41:53.4831548Z ##[error]Process completed with exit code 1.
Build & Test (o3 - cross)	Run tests with coverage	∩╗┐2025-07-20T03:41:40.6021495Z ##[group]Run pytest tests/ -v --cov=src --cov-report=xml --cov-report=html
Build & Test (o3 - cross)	Run tests with coverage	2025-07-20T03:41:40.6022018Z [36;1mpytest tests/ -v --cov=src --cov-report=xml --cov-report=html[0m
Build & Test (o3 - cross)	Run tests with coverage	2025-07-20T03:41:40.6052345Z shell: /usr/bin/bash -e {0}
Build & Test (o3 - cross)	Run tests with coverage	2025-07-20T03:41:40.6052750Z env:
Build & Test (o3 - cross)	Run tests with coverage	2025-07-20T03:41:40.6052930Z   PYTHON_VERSION: 3.11
Build & Test (o3 - cross)	Run tests with coverage	2025-07-20T03:41:40.6053133Z   DOCKER_REGISTRY: ghcr.io
Build & Test (o3 - cross)	Run tests with coverage	2025-07-20T03:41:40.6053363Z   IMAGE_NAME: LiamKujawski/MCP
Build & Test (o3 - cross)	Run tests with coverage	2025-07-20T03:41:40.6053639Z   pythonLocation: /opt/hostedtoolcache/Python/3.12.11/x64
Build & Test (o3 - cross)	Run tests with coverage	2025-07-20T03:41:40.6054165Z   PKG_CONFIG_PATH: /opt/hostedtoolcache/Python/3.12.11/x64/lib/pkgconfig
Build & Test (o3 - cross)	Run tests with coverage	2025-07-20T03:41:40.6054546Z   Python_ROOT_DIR: /opt/hostedtoolcache/Python/3.12.11/x64
Build & Test (o3 - cross)	Run tests with coverage	2025-07-20T03:41:40.6054920Z   Python2_ROOT_DIR: /opt/hostedtoolcache/Python/3.12.11/x64
Build & Test (o3 - cross)	Run tests with coverage	2025-07-20T03:41:40.6055256Z   Python3_ROOT_DIR: /opt/hostedtoolcache/Python/3.12.11/x64
Build & Test (o3 - cross)	Run tests with coverage	2025-07-20T03:41:40.6055587Z   LD_LIBRARY_PATH: /opt/hostedtoolcache/Python/3.12.11/x64/lib
Build & Test (o3 - cross)	Run tests with coverage	2025-07-20T03:41:40.6055881Z   MODEL_TYPE: o3
Build & Test (o3 - cross)	Run tests with coverage	2025-07-20T03:41:40.6056093Z   PROMPT_TYPE: cross
Build & Test (o3 - cross)	Run tests with coverage	2025-07-20T03:41:40.6056282Z ##[endgroup]
Build & Test (o3 - cross)	Run tests with coverage	2025-07-20T03:41:42.2990617Z ============================= test session starts ==============================
Build & Test (o3 - cross)	Run tests with coverage	2025-07-20T03:41:42.2991953Z platform linux -- Python 3.12.11, pytest-8.4.1, pluggy-1.6.0 -- /opt/hostedtoolcache/Python/3.12.11/x64/bin/python
Build & Test (o3 - cross)	Run tests with coverage	2025-07-20T03:41:42.2992843Z cachedir: .pytest_cache
Build & Test (o3 - cross)	Run tests with coverage	2025-07-20T03:41:42.2993229Z rootdir: /home/runner/work/MCP/MCP
Build & Test (o3 - cross)	Run tests with coverage	2025-07-20T03:41:42.2993654Z configfile: pytest.ini
Build & Test (o3 - cross)	Run tests with coverage	2025-07-20T03:41:42.2994288Z plugins: cov-6.2.1, asyncio-1.1.0, anyio-4.9.0
Build & Test (o3 - cross)	Run tests with coverage	2025-07-20T03:41:42.2995124Z asyncio: mode=Mode.STRICT, asyncio_default_fixture_loop_scope=None, asyncio_default_test_loop_scope=function
Build & Test (o3 - cross)	Run tests with coverage	2025-07-20T03:41:43.9142136Z collecting ... collected 21 items
Build & Test (o3 - cross)	Run tests with coverage	2025-07-20T03:41:43.9142470Z 
Build & Test (o3 - cross)	Run tests with coverage	2025-07-20T03:41:43.9171282Z tests/integration/test_api_integration.py::test_environment PASSED       [  4%]
Build & Test (o3 - cross)	Run tests with coverage	2025-07-20T03:41:43.9185580Z tests/integration/test_api_integration.py::test_smoke_integration PASSED [  9%]
Build & Test (o3 - cross)	Run tests with coverage	2025-07-20T03:41:43.9196357Z tests/test_smoke.py::test_smoke PASSED                                   [ 14%]
Build & Test (o3 - cross)	Run tests with coverage	2025-07-20T03:41:43.9209143Z tests/test_smoke.py::test_imports PASSED                                 [ 19%]
Build & Test (o3 - cross)	Run tests with coverage	2025-07-20T03:41:43.9221128Z tests/test_synthesis_agents.py::TestKnowledgeGraph::test_add_insight PASSED [ 23%]
Build & Test (o3 - cross)	Run tests with coverage	2025-07-20T03:41:43.9662992Z tests/test_synthesis_agents.py::TestKnowledgeGraph::test_identify_consensus FAILED [ 28%]
Build & Test (o3 - cross)	Run tests with coverage	2025-07-20T03:41:43.9759156Z tests/test_synthesis_agents.py::TestKnowledgeGraph::test_identify_divergences FAILED [ 33%]
Build & Test (o3 - cross)	Run tests with coverage	2025-07-20T03:41:46.9927703Z tests/test_synthesis_agents.py::TestResearchDigestionAgent::test_execute PASSED [ 38%]
Build & Test (o3 - cross)	Run tests with coverage	2025-07-20T03:41:47.0955688Z tests/test_synthesis_agents.py::TestResearchDigestionAgent::test_process_research_file PASSED [ 42%]
Build & Test (o3 - cross)	Run tests with coverage	2025-07-20T03:41:47.1990440Z tests/test_synthesis_agents.py::TestSynthesisReportAgent::test_execute_success PASSED [ 47%]
Build & Test (o3 - cross)	Run tests with coverage	2025-07-20T03:41:47.2021838Z tests/test_synthesis_agents.py::TestSynthesisReportAgent::test_execute_no_knowledge_graph PASSED [ 52%]
Build & Test (o3 - cross)	Run tests with coverage	2025-07-20T03:41:47.3059133Z tests/test_synthesis_agents.py::TestImplementationPlanAgent::test_execute PASSED [ 57%]
Build & Test (o3 - cross)	Run tests with coverage	2025-07-20T03:41:50.5219330Z tests/test_synthesis_agents.py::Test╬úBuilderOrchestrator::test_execute_workflow PASSED [ 61%]
Build & Test (o3 - cross)	Run tests with coverage	2025-07-20T03:41:53.7379232Z tests/test_synthesis_agents.py::TestProcessSigmaBuilderRequest::test_process_full_workflow PASSED [ 66%]
Build & Test (o3 - cross)	Run tests with coverage	2025-07-20T03:41:56.7515386Z tests/test_synthesis_agents.py::TestProcessSigmaBuilderRequest::test_process_specific_phase PASSED [ 71%]
Build & Test (o3 - cross)	Run tests with coverage	2025-07-20T03:41:56.7538348Z tests/test_synthesis_agents.py::TestProcessSigmaBuilderRequest::test_process_error_handling PASSED [ 76%]
Build & Test (o3 - cross)	Run tests with coverage	2025-07-20T03:41:56.8269518Z tests/test_synthesis_agents.py::TestFastAPIEndpoints::test_root_endpoint PASSED [ 80%]
Build & Test (o3 - cross)	Run tests with coverage	2025-07-20T03:41:56.8306999Z tests/test_synthesis_agents.py::TestFastAPIEndpoints::test_health_endpoint PASSED [ 85%]
Build & Test (o3 - cross)	Run tests with coverage	2025-07-20T03:41:56.8348197Z tests/test_synthesis_agents.py::TestFastAPIEndpoints::test_list_agents_endpoint PASSED [ 90%]
Build & Test (o3 - cross)	Run tests with coverage	2025-07-20T03:41:56.8419687Z tests/test_synthesis_agents.py::TestFastAPIEndpoints::test_start_workflow_endpoint PASSED [ 95%]
Build & Test (o3 - cross)	Run tests with coverage	2025-07-20T03:42:00.0965310Z tests/test_synthesis_agents.py::TestFastAPIEndpoints::test_execute_phase_endpoint FAILED [100%]
Build & Test (o3 - cross)	Run tests with coverage	2025-07-20T03:42:00.0966633Z 
Build & Test (o3 - cross)	Run tests with coverage	2025-07-20T03:42:00.0966802Z =================================== FAILURES ===================================
Build & Test (o3 - cross)	Run tests with coverage	2025-07-20T03:42:00.0967383Z __________________ TestKnowledgeGraph.test_identify_consensus __________________
Build & Test (o3 - cross)	Run tests with coverage	2025-07-20T03:42:00.0967796Z 
Build & Test (o3 - cross)	Run tests with coverage	2025-07-20T03:42:00.0968109Z self = <tests.test_synthesis_agents.TestKnowledgeGraph object at 0x7f769eaa5a00>
Build & Test (o3 - cross)	Run tests with coverage	2025-07-20T03:42:00.0968552Z 
Build & Test (o3 - cross)	Run tests with coverage	2025-07-20T03:42:00.0968695Z     def test_identify_consensus(self):
Build & Test (o3 - cross)	Run tests with coverage	2025-07-20T03:42:00.0969109Z         """Test consensus pattern identification"""
Build & Test (o3 - cross)	Run tests with coverage	2025-07-20T03:42:00.0969516Z         graph = KnowledgeGraph()
Build & Test (o3 - cross)	Run tests with coverage	2025-07-20T03:42:00.0969838Z     
Build & Test (o3 - cross)	Run tests with coverage	2025-07-20T03:42:00.0970165Z         # Add insights from multiple perspectives on same type
Build & Test (o3 - cross)	Run tests with coverage	2025-07-20T03:42:00.0970846Z >       for i, perspective in enumerate([ResearchPerspective.O3, ResearchPerspective.SONNET]):
Build & Test (o3 - cross)	Run tests with coverage	2025-07-20T03:42:00.0971506Z                                                                  ^^^^^^^^^^^^^^^^^^^^^^^^^^
Build & Test (o3 - cross)	Run tests with coverage	2025-07-20T03:42:00.0972096Z E       AttributeError: type object 'ResearchPerspective' has no attribute 'SONNET'
Build & Test (o3 - cross)	Run tests with coverage	2025-07-20T03:42:00.0972545Z 
Build & Test (o3 - cross)	Run tests with coverage	2025-07-20T03:42:00.0972719Z tests/test_synthesis_agents.py:58: AttributeError
Build & Test (o3 - cross)	Run tests with coverage	2025-07-20T03:42:00.0973286Z _________________ TestKnowledgeGraph.test_identify_divergences _________________
Build & Test (o3 - cross)	Run tests with coverage	2025-07-20T03:42:00.0973703Z 
Build & Test (o3 - cross)	Run tests with coverage	2025-07-20T03:42:00.0974183Z self = <tests.test_synthesis_agents.TestKnowledgeGraph object at 0x7f769eaa5be0>
Build & Test (o3 - cross)	Run tests with coverage	2025-07-20T03:42:00.0974616Z 
Build & Test (o3 - cross)	Run tests with coverage	2025-07-20T03:42:00.0974762Z     def test_identify_divergences(self):
Build & Test (o3 - cross)	Run tests with coverage	2025-07-20T03:42:00.0975152Z         """Test divergence identification"""
Build & Test (o3 - cross)	Run tests with coverage	2025-07-20T03:42:00.0975498Z         graph = KnowledgeGraph()
Build & Test (o3 - cross)	Run tests with coverage	2025-07-20T03:42:00.0975749Z     
Build & Test (o3 - cross)	Run tests with coverage	2025-07-20T03:42:00.0975954Z         # Add unique insight for O3
Build & Test (o3 - cross)	Run tests with coverage	2025-07-20T03:42:00.0976235Z         insight1 = ResearchInsight(
Build & Test (o3 - cross)	Run tests with coverage	2025-07-20T03:42:00.0976490Z             id="o3_unique",
Build & Test (o3 - cross)	Run tests with coverage	2025-07-20T03:42:00.0976702Z             source_file="o3.md",
Build & Test (o3 - cross)	Run tests with coverage	2025-07-20T03:42:00.0976950Z             perspective=ResearchPerspective.O3,
Build & Test (o3 - cross)	Run tests with coverage	2025-07-20T03:42:00.0977222Z             type=InsightType.SAFETY,
Build & Test (o3 - cross)	Run tests with coverage	2025-07-20T03:42:00.0977468Z             content="O3 unique safety insight"
Build & Test (o3 - cross)	Run tests with coverage	2025-07-20T03:42:00.0977700Z         )
Build & Test (o3 - cross)	Run tests with coverage	2025-07-20T03:42:00.0977846Z     
Build & Test (o3 - cross)	Run tests with coverage	2025-07-20T03:42:00.0978019Z         # Add different insight for Sonnet
Build & Test (o3 - cross)	Run tests with coverage	2025-07-20T03:42:00.0978259Z         insight2 = ResearchInsight(
Build & Test (o3 - cross)	Run tests with coverage	2025-07-20T03:42:00.0978484Z             id="sonnet_unique",
Build & Test (o3 - cross)	Run tests with coverage	2025-07-20T03:42:00.0978700Z             source_file="sonnet.md",
Build & Test (o3 - cross)	Run tests with coverage	2025-07-20T03:42:00.0978952Z >           perspective=ResearchPerspective.SONNET,
Build & Test (o3 - cross)	Run tests with coverage	2025-07-20T03:42:00.0979220Z                         ^^^^^^^^^^^^^^^^^^^^^^^^^^
Build & Test (o3 - cross)	Run tests with coverage	2025-07-20T03:42:00.0979467Z             type=InsightType.PERFORMANCE,
Build & Test (o3 - cross)	Run tests with coverage	2025-07-20T03:42:00.0979756Z             content="Sonnet unique performance insight"
Build & Test (o3 - cross)	Run tests with coverage	2025-07-20T03:42:00.0979997Z         )
Build & Test (o3 - cross)	Run tests with coverage	2025-07-20T03:42:00.0980280Z E       AttributeError: type object 'ResearchPerspective' has no attribute 'SONNET'
Build & Test (o3 - cross)	Run tests with coverage	2025-07-20T03:42:00.0980564Z 
Build & Test (o3 - cross)	Run tests with coverage	2025-07-20T03:42:00.0980678Z tests/test_synthesis_agents.py:91: AttributeError
Build & Test (o3 - cross)	Run tests with coverage	2025-07-20T03:42:00.0981049Z _______________ TestFastAPIEndpoints.test_execute_phase_endpoint _______________
Build & Test (o3 - cross)	Run tests with coverage	2025-07-20T03:42:00.0981311Z 
Build & Test (o3 - cross)	Run tests with coverage	2025-07-20T03:42:00.0981520Z self = <tests.test_synthesis_agents.TestFastAPIEndpoints object at 0x7f769eaa65d0>
Build & Test (o3 - cross)	Run tests with coverage	2025-07-20T03:42:00.0981978Z client = <starlette.testclient.TestClient object at 0x7f769e9455e0>
Build & Test (o3 - cross)	Run tests with coverage	2025-07-20T03:42:00.0982236Z 
Build & Test (o3 - cross)	Run tests with coverage	2025-07-20T03:42:00.0982344Z     def test_execute_phase_endpoint(self, client):
Build & Test (o3 - cross)	Run tests with coverage	2025-07-20T03:42:00.0982616Z         """Test phase execution endpoint"""
Build & Test (o3 - cross)	Run tests with coverage	2025-07-20T03:42:00.0982868Z         request_data = {
Build & Test (o3 - cross)	Run tests with coverage	2025-07-20T03:42:00.0983372Z             "phase": ╬úBuilderPhase.RESEARCH_DIGESTION.value,
Build & Test (o3 - cross)	Run tests with coverage	2025-07-20T03:42:00.0984074Z             "context": {}
Build & Test (o3 - cross)	Run tests with coverage	2025-07-20T03:42:00.0984265Z         }
Build & Test (o3 - cross)	Run tests with coverage	2025-07-20T03:42:00.0984411Z     
Build & Test (o3 - cross)	Run tests with coverage	2025-07-20T03:42:00.0984630Z         with patch.object(Path, "exists", return_value=True):
Build & Test (o3 - cross)	Run tests with coverage	2025-07-20T03:42:00.0985114Z             response = client.post("/phase/execute", json=request_data)
Build & Test (o3 - cross)	Run tests with coverage	2025-07-20T03:42:00.0985408Z     
Build & Test (o3 - cross)	Run tests with coverage	2025-07-20T03:42:00.0985584Z >       assert response.status_code == 200
Build & Test (o3 - cross)	Run tests with coverage	2025-07-20T03:42:00.0985827Z E       assert 400 == 200
Build & Test (o3 - cross)	Run tests with coverage	2025-07-20T03:42:00.0986075Z E        +  where 400 = <Response [400 Bad Request]>.status_code
Build & Test (o3 - cross)	Run tests with coverage	2025-07-20T03:42:00.0986276Z 
Build & Test (o3 - cross)	Run tests with coverage	2025-07-20T03:42:00.0986391Z tests/test_synthesis_agents.py:315: AssertionError
Build & Test (o3 - cross)	Run tests with coverage	2025-07-20T03:42:00.0986695Z ================================ tests coverage ================================
Build & Test (o3 - cross)	Run tests with coverage	2025-07-20T03:42:00.0987064Z _______________ coverage: platform linux, python 3.12.11-final-0 _______________
Build & Test (o3 - cross)	Run tests with coverage	2025-07-20T03:42:00.0987313Z 
Build & Test (o3 - cross)	Run tests with coverage	2025-07-20T03:42:00.0987401Z Coverage HTML written to dir htmlcov
Build & Test (o3 - cross)	Run tests with coverage	2025-07-20T03:42:00.0987654Z Coverage XML written to file coverage.xml
Build & Test (o3 - cross)	Run tests with coverage	2025-07-20T03:42:00.0987939Z =========================== short test summary info ============================
Build & Test (o3 - cross)	Run tests with coverage	2025-07-20T03:42:00.0988615Z FAILED tests/test_synthesis_agents.py::TestKnowledgeGraph::test_identify_consensus - AttributeError: type object 'ResearchPerspective' has no attribute 'SONNET'
Build & Test (o3 - cross)	Run tests with coverage	2025-07-20T03:42:00.0989597Z FAILED tests/test_synthesis_agents.py::TestKnowledgeGraph::test_identify_divergences - AttributeError: type object 'ResearchPerspective' has no attribute 'SONNET'
Build & Test (o3 - cross)	Run tests with coverage	2025-07-20T03:42:00.0990422Z FAILED tests/test_synthesis_agents.py::TestFastAPIEndpoints::test_execute_phase_endpoint - assert 400 == 200
Build & Test (o3 - cross)	Run tests with coverage	2025-07-20T03:42:00.0990908Z  +  where 400 = <Response [400 Bad Request]>.status_code
Build & Test (o3 - cross)	Run tests with coverage	2025-07-20T03:42:00.0991302Z ======================== 3 failed, 18 passed in 17.73s =========================
Build & Test (o3 - cross)	Run tests with coverage	2025-07-20T03:42:00.1775600Z ##[error]Process completed with exit code 1.
Build & Test (o3 - unified)	Run tests with coverage	∩╗┐2025-07-20T03:41:42.2486834Z ##[group]Run pytest tests/ -v --cov=src --cov-report=xml --cov-report=html
Build & Test (o3 - unified)	Run tests with coverage	2025-07-20T03:41:42.2487359Z [36;1mpytest tests/ -v --cov=src --cov-report=xml --cov-report=html[0m
Build & Test (o3 - unified)	Run tests with coverage	2025-07-20T03:41:42.2515650Z shell: /usr/bin/bash -e {0}
Build & Test (o3 - unified)	Run tests with coverage	2025-07-20T03:41:42.2516034Z env:
Build & Test (o3 - unified)	Run tests with coverage	2025-07-20T03:41:42.2516209Z   PYTHON_VERSION: 3.11
Build & Test (o3 - unified)	Run tests with coverage	2025-07-20T03:41:42.2516408Z   DOCKER_REGISTRY: ghcr.io
Build & Test (o3 - unified)	Run tests with coverage	2025-07-20T03:41:42.2516644Z   IMAGE_NAME: LiamKujawski/MCP
Build & Test (o3 - unified)	Run tests with coverage	2025-07-20T03:41:42.2516926Z   pythonLocation: /opt/hostedtoolcache/Python/3.12.11/x64
Build & Test (o3 - unified)	Run tests with coverage	2025-07-20T03:41:42.2517331Z   PKG_CONFIG_PATH: /opt/hostedtoolcache/Python/3.12.11/x64/lib/pkgconfig
Build & Test (o3 - unified)	Run tests with coverage	2025-07-20T03:41:42.2517720Z   Python_ROOT_DIR: /opt/hostedtoolcache/Python/3.12.11/x64
Build & Test (o3 - unified)	Run tests with coverage	2025-07-20T03:41:42.2518064Z   Python2_ROOT_DIR: /opt/hostedtoolcache/Python/3.12.11/x64
Build & Test (o3 - unified)	Run tests with coverage	2025-07-20T03:41:42.2518408Z   Python3_ROOT_DIR: /opt/hostedtoolcache/Python/3.12.11/x64
Build & Test (o3 - unified)	Run tests with coverage	2025-07-20T03:41:42.2518750Z   LD_LIBRARY_PATH: /opt/hostedtoolcache/Python/3.12.11/x64/lib
Build & Test (o3 - unified)	Run tests with coverage	2025-07-20T03:41:42.2519041Z   MODEL_TYPE: o3
Build & Test (o3 - unified)	Run tests with coverage	2025-07-20T03:41:42.2519253Z   PROMPT_TYPE: unified
Build & Test (o3 - unified)	Run tests with coverage	2025-07-20T03:41:42.2519450Z ##[endgroup]
Build & Test (o3 - unified)	Run tests with coverage	2025-07-20T03:41:43.6624799Z ============================= test session starts ==============================
Build & Test (o3 - unified)	Run tests with coverage	2025-07-20T03:41:43.6626267Z platform linux -- Python 3.12.11, pytest-8.4.1, pluggy-1.6.0 -- /opt/hostedtoolcache/Python/3.12.11/x64/bin/python
Build & Test (o3 - unified)	Run tests with coverage	2025-07-20T03:41:43.6626997Z cachedir: .pytest_cache
Build & Test (o3 - unified)	Run tests with coverage	2025-07-20T03:41:43.6627333Z rootdir: /home/runner/work/MCP/MCP
Build & Test (o3 - unified)	Run tests with coverage	2025-07-20T03:41:43.6627714Z configfile: pytest.ini
Build & Test (o3 - unified)	Run tests with coverage	2025-07-20T03:41:43.6628074Z plugins: cov-6.2.1, asyncio-1.1.0, anyio-4.9.0
Build & Test (o3 - unified)	Run tests with coverage	2025-07-20T03:41:43.6628843Z asyncio: mode=Mode.STRICT, asyncio_default_fixture_loop_scope=None, asyncio_default_test_loop_scope=function
Build & Test (o3 - unified)	Run tests with coverage	2025-07-20T03:41:45.2400903Z collecting ... collected 21 items
Build & Test (o3 - unified)	Run tests with coverage	2025-07-20T03:41:45.2401314Z 
Build & Test (o3 - unified)	Run tests with coverage	2025-07-20T03:41:45.2430147Z tests/integration/test_api_integration.py::test_environment PASSED       [  4%]
Build & Test (o3 - unified)	Run tests with coverage	2025-07-20T03:41:45.2444519Z tests/integration/test_api_integration.py::test_smoke_integration PASSED [  9%]
Build & Test (o3 - unified)	Run tests with coverage	2025-07-20T03:41:45.2456000Z tests/test_smoke.py::test_smoke PASSED                                   [ 14%]
Build & Test (o3 - unified)	Run tests with coverage	2025-07-20T03:41:45.2469511Z tests/test_smoke.py::test_imports PASSED                                 [ 19%]
Build & Test (o3 - unified)	Run tests with coverage	2025-07-20T03:41:45.2482185Z tests/test_synthesis_agents.py::TestKnowledgeGraph::test_add_insight PASSED [ 23%]
Build & Test (o3 - unified)	Run tests with coverage	2025-07-20T03:41:45.2927978Z tests/test_synthesis_agents.py::TestKnowledgeGraph::test_identify_consensus FAILED [ 28%]
Build & Test (o3 - unified)	Run tests with coverage	2025-07-20T03:41:45.3018303Z tests/test_synthesis_agents.py::TestKnowledgeGraph::test_identify_divergences FAILED [ 33%]
Build & Test (o3 - unified)	Run tests with coverage	2025-07-20T03:41:48.3223600Z tests/test_synthesis_agents.py::TestResearchDigestionAgent::test_execute PASSED [ 38%]
Build & Test (o3 - unified)	Run tests with coverage	2025-07-20T03:41:48.4252877Z tests/test_synthesis_agents.py::TestResearchDigestionAgent::test_process_research_file PASSED [ 42%]
Build & Test (o3 - unified)	Run tests with coverage	2025-07-20T03:41:48.5292634Z tests/test_synthesis_agents.py::TestSynthesisReportAgent::test_execute_success PASSED [ 47%]
Build & Test (o3 - unified)	Run tests with coverage	2025-07-20T03:41:48.5325214Z tests/test_synthesis_agents.py::TestSynthesisReportAgent::test_execute_no_knowledge_graph PASSED [ 52%]
Build & Test (o3 - unified)	Run tests with coverage	2025-07-20T03:41:48.6368193Z tests/test_synthesis_agents.py::TestImplementationPlanAgent::test_execute PASSED [ 57%]
Build & Test (o3 - unified)	Run tests with coverage	2025-07-20T03:41:51.8577442Z tests/test_synthesis_agents.py::Test╬úBuilderOrchestrator::test_execute_workflow PASSED [ 61%]
Build & Test (o3 - unified)	Run tests with coverage	2025-07-20T03:41:55.0787529Z tests/test_synthesis_agents.py::TestProcessSigmaBuilderRequest::test_process_full_workflow PASSED [ 66%]
Build & Test (o3 - unified)	Run tests with coverage	2025-07-20T03:41:58.0970380Z tests/test_synthesis_agents.py::TestProcessSigmaBuilderRequest::test_process_specific_phase PASSED [ 71%]
Build & Test (o3 - unified)	Run tests with coverage	2025-07-20T03:41:58.0993139Z tests/test_synthesis_agents.py::TestProcessSigmaBuilderRequest::test_process_error_handling PASSED [ 76%]
Build & Test (o3 - unified)	Run tests with coverage	2025-07-20T03:41:58.1729308Z tests/test_synthesis_agents.py::TestFastAPIEndpoints::test_root_endpoint PASSED [ 80%]
Build & Test (o3 - unified)	Run tests with coverage	2025-07-20T03:41:58.1766809Z tests/test_synthesis_agents.py::TestFastAPIEndpoints::test_health_endpoint PASSED [ 85%]
Build & Test (o3 - unified)	Run tests with coverage	2025-07-20T03:41:58.1808173Z tests/test_synthesis_agents.py::TestFastAPIEndpoints::test_list_agents_endpoint PASSED [ 90%]
Build & Test (o3 - unified)	Run tests with coverage	2025-07-20T03:41:58.1879903Z tests/test_synthesis_agents.py::TestFastAPIEndpoints::test_start_workflow_endpoint PASSED [ 95%]
Build & Test (o3 - unified)	Run tests with coverage	2025-07-20T03:42:01.4688776Z tests/test_synthesis_agents.py::TestFastAPIEndpoints::test_execute_phase_endpoint FAILED [100%]
Build & Test (o3 - unified)	Run tests with coverage	2025-07-20T03:42:01.4690054Z 
Build & Test (o3 - unified)	Run tests with coverage	2025-07-20T03:42:01.4690262Z =================================== FAILURES ===================================
Build & Test (o3 - unified)	Run tests with coverage	2025-07-20T03:42:01.4690995Z __________________ TestKnowledgeGraph.test_identify_consensus __________________
Build & Test (o3 - unified)	Run tests with coverage	2025-07-20T03:42:01.4691539Z 
Build & Test (o3 - unified)	Run tests with coverage	2025-07-20T03:42:01.4692422Z self = <tests.test_synthesis_agents.TestKnowledgeGraph object at 0x7fcc5a691880>
Build & Test (o3 - unified)	Run tests with coverage	2025-07-20T03:42:01.4692995Z 
Build & Test (o3 - unified)	Run tests with coverage	2025-07-20T03:42:01.4693181Z     def test_identify_consensus(self):
Build & Test (o3 - unified)	Run tests with coverage	2025-07-20T03:42:01.4693717Z         """Test consensus pattern identification"""
Build & Test (o3 - unified)	Run tests with coverage	2025-07-20T03:42:01.4694266Z         graph = KnowledgeGraph()
Build & Test (o3 - unified)	Run tests with coverage	2025-07-20T03:42:01.4694673Z     
Build & Test (o3 - unified)	Run tests with coverage	2025-07-20T03:42:01.4695088Z         # Add insights from multiple perspectives on same type
Build & Test (o3 - unified)	Run tests with coverage	2025-07-20T03:42:01.4695977Z >       for i, perspective in enumerate([ResearchPerspective.O3, ResearchPerspective.SONNET]):
Build & Test (o3 - unified)	Run tests with coverage	2025-07-20T03:42:01.4696803Z                                                                  ^^^^^^^^^^^^^^^^^^^^^^^^^^
Build & Test (o3 - unified)	Run tests with coverage	2025-07-20T03:42:01.4697572Z E       AttributeError: type object 'ResearchPerspective' has no attribute 'SONNET'
Build & Test (o3 - unified)	Run tests with coverage	2025-07-20T03:42:01.4698303Z 
Build & Test (o3 - unified)	Run tests with coverage	2025-07-20T03:42:01.4698587Z tests/test_synthesis_agents.py:58: AttributeError
Build & Test (o3 - unified)	Run tests with coverage	2025-07-20T03:42:01.4699327Z _________________ TestKnowledgeGraph.test_identify_divergences _________________
Build & Test (o3 - unified)	Run tests with coverage	2025-07-20T03:42:01.4699764Z 
Build & Test (o3 - unified)	Run tests with coverage	2025-07-20T03:42:01.4700076Z self = <tests.test_synthesis_agents.TestKnowledgeGraph object at 0x7fcc5a6919d0>
Build & Test (o3 - unified)	Run tests with coverage	2025-07-20T03:42:01.4700524Z 
Build & Test (o3 - unified)	Run tests with coverage	2025-07-20T03:42:01.4700671Z     def test_identify_divergences(self):
Build & Test (o3 - unified)	Run tests with coverage	2025-07-20T03:42:01.4701093Z         """Test divergence identification"""
Build & Test (o3 - unified)	Run tests with coverage	2025-07-20T03:42:01.4701494Z         graph = KnowledgeGraph()
Build & Test (o3 - unified)	Run tests with coverage	2025-07-20T03:42:01.4702010Z     
Build & Test (o3 - unified)	Run tests with coverage	2025-07-20T03:42:01.4702299Z         # Add unique insight for O3
Build & Test (o3 - unified)	Run tests with coverage	2025-07-20T03:42:01.4702679Z         insight1 = ResearchInsight(
Build & Test (o3 - unified)	Run tests with coverage	2025-07-20T03:42:01.4703049Z             id="o3_unique",
Build & Test (o3 - unified)	Run tests with coverage	2025-07-20T03:42:01.4703371Z             source_file="o3.md",
Build & Test (o3 - unified)	Run tests with coverage	2025-07-20T03:42:01.4703750Z             perspective=ResearchPerspective.O3,
Build & Test (o3 - unified)	Run tests with coverage	2025-07-20T03:42:01.4704172Z             type=InsightType.SAFETY,
Build & Test (o3 - unified)	Run tests with coverage	2025-07-20T03:42:01.4704553Z             content="O3 unique safety insight"
Build & Test (o3 - unified)	Run tests with coverage	2025-07-20T03:42:01.4704909Z         )
Build & Test (o3 - unified)	Run tests with coverage	2025-07-20T03:42:01.4705140Z     
Build & Test (o3 - unified)	Run tests with coverage	2025-07-20T03:42:01.4705391Z         # Add different insight for Sonnet
Build & Test (o3 - unified)	Run tests with coverage	2025-07-20T03:42:01.4705789Z         insight2 = ResearchInsight(
Build & Test (o3 - unified)	Run tests with coverage	2025-07-20T03:42:01.4706158Z             id="sonnet_unique",
Build & Test (o3 - unified)	Run tests with coverage	2025-07-20T03:42:01.4706504Z             source_file="sonnet.md",
Build & Test (o3 - unified)	Run tests with coverage	2025-07-20T03:42:01.4706895Z >           perspective=ResearchPerspective.SONNET,
Build & Test (o3 - unified)	Run tests with coverage	2025-07-20T03:42:01.4707311Z                         ^^^^^^^^^^^^^^^^^^^^^^^^^^
Build & Test (o3 - unified)	Run tests with coverage	2025-07-20T03:42:01.4707702Z             type=InsightType.PERFORMANCE,
Build & Test (o3 - unified)	Run tests with coverage	2025-07-20T03:42:01.4708159Z             content="Sonnet unique performance insight"
Build & Test (o3 - unified)	Run tests with coverage	2025-07-20T03:42:01.4708563Z         )
Build & Test (o3 - unified)	Run tests with coverage	2025-07-20T03:42:01.4709006Z E       AttributeError: type object 'ResearchPerspective' has no attribute 'SONNET'
Build & Test (o3 - unified)	Run tests with coverage	2025-07-20T03:42:01.4709476Z 
Build & Test (o3 - unified)	Run tests with coverage	2025-07-20T03:42:01.4709656Z tests/test_synthesis_agents.py:91: AttributeError
Build & Test (o3 - unified)	Run tests with coverage	2025-07-20T03:42:01.4710248Z _______________ TestFastAPIEndpoints.test_execute_phase_endpoint _______________
Build & Test (o3 - unified)	Run tests with coverage	2025-07-20T03:42:01.4710683Z 
Build & Test (o3 - unified)	Run tests with coverage	2025-07-20T03:42:01.4710996Z self = <tests.test_synthesis_agents.TestFastAPIEndpoints object at 0x7fcc5a692330>
Build & Test (o3 - unified)	Run tests with coverage	2025-07-20T03:42:01.4711886Z client = <starlette.testclient.TestClient object at 0x7fcc5a53da00>
Build & Test (o3 - unified)	Run tests with coverage	2025-07-20T03:42:01.4712289Z 
Build & Test (o3 - unified)	Run tests with coverage	2025-07-20T03:42:01.4712464Z     def test_execute_phase_endpoint(self, client):
Build & Test (o3 - unified)	Run tests with coverage	2025-07-20T03:42:01.4712906Z         """Test phase execution endpoint"""
Build & Test (o3 - unified)	Run tests with coverage	2025-07-20T03:42:01.4713272Z         request_data = {
Build & Test (o3 - unified)	Run tests with coverage	2025-07-20T03:42:01.4713957Z             "phase": ╬úBuilderPhase.RESEARCH_DIGESTION.value,
Build & Test (o3 - unified)	Run tests with coverage	2025-07-20T03:42:01.4714642Z             "context": {}
Build & Test (o3 - unified)	Run tests with coverage	2025-07-20T03:42:01.4714935Z         }
Build & Test (o3 - unified)	Run tests with coverage	2025-07-20T03:42:01.4715168Z     
Build & Test (o3 - unified)	Run tests with coverage	2025-07-20T03:42:01.4715483Z         with patch.object(Path, "exists", return_value=True):
Build & Test (o3 - unified)	Run tests with coverage	2025-07-20T03:42:01.4716324Z             response = client.post("/phase/execute", json=request_data)
Build & Test (o3 - unified)	Run tests with coverage	2025-07-20T03:42:01.4716766Z     
Build & Test (o3 - unified)	Run tests with coverage	2025-07-20T03:42:01.4717042Z >       assert response.status_code == 200
Build & Test (o3 - unified)	Run tests with coverage	2025-07-20T03:42:01.4717413Z E       assert 400 == 200
Build & Test (o3 - unified)	Run tests with coverage	2025-07-20T03:42:01.4717793Z E        +  where 400 = <Response [400 Bad Request]>.status_code
Build & Test (o3 - unified)	Run tests with coverage	2025-07-20T03:42:01.4718107Z 
Build & Test (o3 - unified)	Run tests with coverage	2025-07-20T03:42:01.4718302Z tests/test_synthesis_agents.py:315: AssertionError
Build & Test (o3 - unified)	Run tests with coverage	2025-07-20T03:42:01.4718791Z ================================ tests coverage ================================
Build & Test (o3 - unified)	Run tests with coverage	2025-07-20T03:42:01.4719358Z _______________ coverage: platform linux, python 3.12.11-final-0 _______________
Build & Test (o3 - unified)	Run tests with coverage	2025-07-20T03:42:01.4719762Z 
Build & Test (o3 - unified)	Run tests with coverage	2025-07-20T03:42:01.4719901Z Coverage HTML written to dir htmlcov
Build & Test (o3 - unified)	Run tests with coverage	2025-07-20T03:42:01.4720325Z Coverage XML written to file coverage.xml
Build & Test (o3 - unified)	Run tests with coverage	2025-07-20T03:42:01.4720774Z =========================== short test summary info ============================
Build & Test (o3 - unified)	Run tests with coverage	2025-07-20T03:42:01.4722007Z FAILED tests/test_synthesis_agents.py::TestKnowledgeGraph::test_identify_consensus - AttributeError: type object 'ResearchPerspective' has no attribute 'SONNET'
Build & Test (o3 - unified)	Run tests with coverage	2025-07-20T03:42:01.4723644Z FAILED tests/test_synthesis_agents.py::TestKnowledgeGraph::test_identify_divergences - AttributeError: type object 'ResearchPerspective' has no attribute 'SONNET'
Build & Test (o3 - unified)	Run tests with coverage	2025-07-20T03:42:01.4724985Z FAILED tests/test_synthesis_agents.py::TestFastAPIEndpoints::test_execute_phase_endpoint - assert 400 == 200
Build & Test (o3 - unified)	Run tests with coverage	2025-07-20T03:42:01.4725745Z  +  where 400 = <Response [400 Bad Request]>.status_code
Build & Test (o3 - unified)	Run tests with coverage	2025-07-20T03:42:01.4726376Z ======================== 3 failed, 18 passed in 17.72s =========================
Build & Test (o3 - unified)	Run tests with coverage	2025-07-20T03:42:01.5634774Z ##[error]Process completed with exit code 1.
Build & Test (o3 - cross)	Run tests with coverage	∩╗┐2025-07-20T03:41:40.6021495Z ##[group]Run pytest tests/ -v --cov=src --cov-report=xml --cov-report=html
Build & Test (o3 - cross)	Run tests with coverage	2025-07-20T03:41:40.6022018Z [36;1mpytest tests/ -v --cov=src --cov-report=xml --cov-report=html[0m
Build & Test (o3 - cross)	Run tests with coverage	2025-07-20T03:41:40.6052345Z shell: /usr/bin/bash -e {0}
Build & Test (o3 - cross)	Run tests with coverage	2025-07-20T03:41:40.6052750Z env:
Build & Test (o3 - cross)	Run tests with coverage	2025-07-20T03:41:40.6052930Z   PYTHON_VERSION: 3.11
Build & Test (o3 - cross)	Run tests with coverage	2025-07-20T03:41:40.6053133Z   DOCKER_REGISTRY: ghcr.io
Build & Test (o3 - cross)	Run tests with coverage	2025-07-20T03:41:40.6053363Z   IMAGE_NAME: LiamKujawski/MCP
Build & Test (o3 - cross)	Run tests with coverage	2025-07-20T03:41:40.6053639Z   pythonLocation: /opt/hostedtoolcache/Python/3.12.11/x64
Build & Test (o3 - cross)	Run tests with coverage	2025-07-20T03:41:40.6054165Z   PKG_CONFIG_PATH: /opt/hostedtoolcache/Python/3.12.11/x64/lib/pkgconfig
Build & Test (o3 - cross)	Run tests with coverage	2025-07-20T03:41:40.6054546Z   Python_ROOT_DIR: /opt/hostedtoolcache/Python/3.12.11/x64
Build & Test (o3 - cross)	Run tests with coverage	2025-07-20T03:41:40.6054920Z   Python2_ROOT_DIR: /opt/hostedtoolcache/Python/3.12.11/x64
Build & Test (o3 - cross)	Run tests with coverage	2025-07-20T03:41:40.6055256Z   Python3_ROOT_DIR: /opt/hostedtoolcache/Python/3.12.11/x64
Build & Test (o3 - cross)	Run tests with coverage	2025-07-20T03:41:40.6055587Z   LD_LIBRARY_PATH: /opt/hostedtoolcache/Python/3.12.11/x64/lib
Build & Test (o3 - cross)	Run tests with coverage	2025-07-20T03:41:40.6055881Z   MODEL_TYPE: o3
Build & Test (o3 - cross)	Run tests with coverage	2025-07-20T03:41:40.6056093Z   PROMPT_TYPE: cross
Build & Test (o3 - cross)	Run tests with coverage	2025-07-20T03:41:40.6056282Z ##[endgroup]
Build & Test (o3 - cross)	Run tests with coverage	2025-07-20T03:41:42.2990617Z ============================= test session starts ==============================
Build & Test (o3 - cross)	Run tests with coverage	2025-07-20T03:41:42.2991953Z platform linux -- Python 3.12.11, pytest-8.4.1, pluggy-1.6.0 -- /opt/hostedtoolcache/Python/3.12.11/x64/bin/python
Build & Test (o3 - cross)	Run tests with coverage	2025-07-20T03:41:42.2992843Z cachedir: .pytest_cache
Build & Test (o3 - cross)	Run tests with coverage	2025-07-20T03:41:42.2993229Z rootdir: /home/runner/work/MCP/MCP
Build & Test (o3 - cross)	Run tests with coverage	2025-07-20T03:41:42.2993654Z configfile: pytest.ini
Build & Test (o3 - cross)	Run tests with coverage	2025-07-20T03:41:42.2994288Z plugins: cov-6.2.1, asyncio-1.1.0, anyio-4.9.0
Build & Test (o3 - cross)	Run tests with coverage	2025-07-20T03:41:42.2995124Z asyncio: mode=Mode.STRICT, asyncio_default_fixture_loop_scope=None, asyncio_default_test_loop_scope=function
Build & Test (o3 - cross)	Run tests with coverage	2025-07-20T03:41:43.9142136Z collecting ... collected 21 items
Build & Test (o3 - cross)	Run tests with coverage	2025-07-20T03:41:43.9142470Z 
Build & Test (o3 - cross)	Run tests with coverage	2025-07-20T03:41:43.9171282Z tests/integration/test_api_integration.py::test_environment PASSED       [  4%]
Build & Test (o3 - cross)	Run tests with coverage	2025-07-20T03:41:43.9185580Z tests/integration/test_api_integration.py::test_smoke_integration PASSED [  9%]
Build & Test (o3 - cross)	Run tests with coverage	2025-07-20T03:41:43.9196357Z tests/test_smoke.py::test_smoke PASSED                                   [ 14%]
Build & Test (o3 - cross)	Run tests with coverage	2025-07-20T03:41:43.9209143Z tests/test_smoke.py::test_imports PASSED                                 [ 19%]
Build & Test (o3 - cross)	Run tests with coverage	2025-07-20T03:41:43.9221128Z tests/test_synthesis_agents.py::TestKnowledgeGraph::test_add_insight PASSED [ 23%]
Build & Test (o3 - cross)	Run tests with coverage	2025-07-20T03:41:43.9662992Z tests/test_synthesis_agents.py::TestKnowledgeGraph::test_identify_consensus FAILED [ 28%]
Build & Test (o3 - cross)	Run tests with coverage	2025-07-20T03:41:43.9759156Z tests/test_synthesis_agents.py::TestKnowledgeGraph::test_identify_divergences FAILED [ 33%]
Build & Test (o3 - cross)	Run tests with coverage	2025-07-20T03:41:46.9927703Z tests/test_synthesis_agents.py::TestResearchDigestionAgent::test_execute PASSED [ 38%]
Build & Test (o3 - cross)	Run tests with coverage	2025-07-20T03:41:47.0955688Z tests/test_synthesis_agents.py::TestResearchDigestionAgent::test_process_research_file PASSED [ 42%]
Build & Test (o3 - cross)	Run tests with coverage	2025-07-20T03:41:47.1990440Z tests/test_synthesis_agents.py::TestSynthesisReportAgent::test_execute_success PASSED [ 47%]
Build & Test (o3 - cross)	Run tests with coverage	2025-07-20T03:41:47.2021838Z tests/test_synthesis_agents.py::TestSynthesisReportAgent::test_execute_no_knowledge_graph PASSED [ 52%]
Build & Test (o3 - cross)	Run tests with coverage	2025-07-20T03:41:47.3059133Z tests/test_synthesis_agents.py::TestImplementationPlanAgent::test_execute PASSED [ 57%]
Build & Test (o3 - cross)	Run tests with coverage	2025-07-20T03:41:50.5219330Z tests/test_synthesis_agents.py::Test╬úBuilderOrchestrator::test_execute_workflow PASSED [ 61%]
Build & Test (o3 - cross)	Run tests with coverage	2025-07-20T03:41:53.7379232Z tests/test_synthesis_agents.py::TestProcessSigmaBuilderRequest::test_process_full_workflow PASSED [ 66%]
Build & Test (o3 - cross)	Run tests with coverage	2025-07-20T03:41:56.7515386Z tests/test_synthesis_agents.py::TestProcessSigmaBuilderRequest::test_process_specific_phase PASSED [ 71%]
Build & Test (o3 - cross)	Run tests with coverage	2025-07-20T03:41:56.7538348Z tests/test_synthesis_agents.py::TestProcessSigmaBuilderRequest::test_process_error_handling PASSED [ 76%]
Build & Test (o3 - cross)	Run tests with coverage	2025-07-20T03:41:56.8269518Z tests/test_synthesis_agents.py::TestFastAPIEndpoints::test_root_endpoint PASSED [ 80%]
Build & Test (o3 - cross)	Run tests with coverage	2025-07-20T03:41:56.8306999Z tests/test_synthesis_agents.py::TestFastAPIEndpoints::test_health_endpoint PASSED [ 85%]
Build & Test (o3 - cross)	Run tests with coverage	2025-07-20T03:41:56.8348197Z tests/test_synthesis_agents.py::TestFastAPIEndpoints::test_list_agents_endpoint PASSED [ 90%]
Build & Test (o3 - cross)	Run tests with coverage	2025-07-20T03:41:56.8419687Z tests/test_synthesis_agents.py::TestFastAPIEndpoints::test_start_workflow_endpoint PASSED [ 95%]
Build & Test (o3 - cross)	Run tests with coverage	2025-07-20T03:42:00.0965310Z tests/test_synthesis_agents.py::TestFastAPIEndpoints::test_execute_phase_endpoint FAILED [100%]
Build & Test (o3 - cross)	Run tests with coverage	2025-07-20T03:42:00.0966633Z 
Build & Test (o3 - cross)	Run tests with coverage	2025-07-20T03:42:00.0966802Z =================================== FAILURES ===================================
Build & Test (o3 - cross)	Run tests with coverage	2025-07-20T03:42:00.0967383Z __________________ TestKnowledgeGraph.test_identify_consensus __________________
Build & Test (o3 - cross)	Run tests with coverage	2025-07-20T03:42:00.0967796Z 
Build & Test (o3 - cross)	Run tests with coverage	2025-07-20T03:42:00.0968109Z self = <tests.test_synthesis_agents.TestKnowledgeGraph object at 0x7f769eaa5a00>
Build & Test (o3 - cross)	Run tests with coverage	2025-07-20T03:42:00.0968552Z 
Build & Test (o3 - cross)	Run tests with coverage	2025-07-20T03:42:00.0968695Z     def test_identify_consensus(self):
Build & Test (o3 - cross)	Run tests with coverage	2025-07-20T03:42:00.0969109Z         """Test consensus pattern identification"""
Build & Test (o3 - cross)	Run tests with coverage	2025-07-20T03:42:00.0969516Z         graph = KnowledgeGraph()
Build & Test (o3 - cross)	Run tests with coverage	2025-07-20T03:42:00.0969838Z     
Build & Test (o3 - cross)	Run tests with coverage	2025-07-20T03:42:00.0970165Z         # Add insights from multiple perspectives on same type
Build & Test (o3 - cross)	Run tests with coverage	2025-07-20T03:42:00.0970846Z >       for i, perspective in enumerate([ResearchPerspective.O3, ResearchPerspective.SONNET]):
Build & Test (o3 - cross)	Run tests with coverage	2025-07-20T03:42:00.0971506Z                                                                  ^^^^^^^^^^^^^^^^^^^^^^^^^^
Build & Test (o3 - cross)	Run tests with coverage	2025-07-20T03:42:00.0972096Z E       AttributeError: type object 'ResearchPerspective' has no attribute 'SONNET'
Build & Test (o3 - cross)	Run tests with coverage	2025-07-20T03:42:00.0972545Z 
Build & Test (o3 - cross)	Run tests with coverage	2025-07-20T03:42:00.0972719Z tests/test_synthesis_agents.py:58: AttributeError
Build & Test (o3 - cross)	Run tests with coverage	2025-07-20T03:42:00.0973286Z _________________ TestKnowledgeGraph.test_identify_divergences _________________
Build & Test (o3 - cross)	Run tests with coverage	2025-07-20T03:42:00.0973703Z 
Build & Test (o3 - cross)	Run tests with coverage	2025-07-20T03:42:00.0974183Z self = <tests.test_synthesis_agents.TestKnowledgeGraph object at 0x7f769eaa5be0>
Build & Test (o3 - cross)	Run tests with coverage	2025-07-20T03:42:00.0974616Z 
Build & Test (o3 - cross)	Run tests with coverage	2025-07-20T03:42:00.0974762Z     def test_identify_divergences(self):
Build & Test (o3 - cross)	Run tests with coverage	2025-07-20T03:42:00.0975152Z         """Test divergence identification"""
Build & Test (o3 - cross)	Run tests with coverage	2025-07-20T03:42:00.0975498Z         graph = KnowledgeGraph()
Build & Test (o3 - cross)	Run tests with coverage	2025-07-20T03:42:00.0975749Z     
Build & Test (o3 - cross)	Run tests with coverage	2025-07-20T03:42:00.0975954Z         # Add unique insight for O3
Build & Test (o3 - cross)	Run tests with coverage	2025-07-20T03:42:00.0976235Z         insight1 = ResearchInsight(
Build & Test (o3 - cross)	Run tests with coverage	2025-07-20T03:42:00.0976490Z             id="o3_unique",
Build & Test (o3 - cross)	Run tests with coverage	2025-07-20T03:42:00.0976702Z             source_file="o3.md",
Build & Test (o3 - cross)	Run tests with coverage	2025-07-20T03:42:00.0976950Z             perspective=ResearchPerspective.O3,
Build & Test (o3 - cross)	Run tests with coverage	2025-07-20T03:42:00.0977222Z             type=InsightType.SAFETY,
Build & Test (o3 - cross)	Run tests with coverage	2025-07-20T03:42:00.0977468Z             content="O3 unique safety insight"
Build & Test (o3 - cross)	Run tests with coverage	2025-07-20T03:42:00.0977700Z         )
Build & Test (o3 - cross)	Run tests with coverage	2025-07-20T03:42:00.0977846Z     
Build & Test (o3 - cross)	Run tests with coverage	2025-07-20T03:42:00.0978019Z         # Add different insight for Sonnet
Build & Test (o3 - cross)	Run tests with coverage	2025-07-20T03:42:00.0978259Z         insight2 = ResearchInsight(
Build & Test (o3 - cross)	Run tests with coverage	2025-07-20T03:42:00.0978484Z             id="sonnet_unique",
Build & Test (o3 - cross)	Run tests with coverage	2025-07-20T03:42:00.0978700Z             source_file="sonnet.md",
Build & Test (o3 - cross)	Run tests with coverage	2025-07-20T03:42:00.0978952Z >           perspective=ResearchPerspective.SONNET,
Build & Test (o3 - cross)	Run tests with coverage	2025-07-20T03:42:00.0979220Z                         ^^^^^^^^^^^^^^^^^^^^^^^^^^
Build & Test (o3 - cross)	Run tests with coverage	2025-07-20T03:42:00.0979467Z             type=InsightType.PERFORMANCE,
Build & Test (o3 - cross)	Run tests with coverage	2025-07-20T03:42:00.0979756Z             content="Sonnet unique performance insight"
Build & Test (o3 - cross)	Run tests with coverage	2025-07-20T03:42:00.0979997Z         )
Build & Test (o3 - cross)	Run tests with coverage	2025-07-20T03:42:00.0980280Z E       AttributeError: type object 'ResearchPerspective' has no attribute 'SONNET'
Build & Test (o3 - cross)	Run tests with coverage	2025-07-20T03:42:00.0980564Z 
Build & Test (o3 - cross)	Run tests with coverage	2025-07-20T03:42:00.0980678Z tests/test_synthesis_agents.py:91: AttributeError
Build & Test (o3 - cross)	Run tests with coverage	2025-07-20T03:42:00.0981049Z _______________ TestFastAPIEndpoints.test_execute_phase_endpoint _______________
Build & Test (o3 - cross)	Run tests with coverage	2025-07-20T03:42:00.0981311Z 
Build & Test (o3 - cross)	Run tests with coverage	2025-07-20T03:42:00.0981520Z self = <tests.test_synthesis_agents.TestFastAPIEndpoints object at 0x7f769eaa65d0>
Build & Test (o3 - cross)	Run tests with coverage	2025-07-20T03:42:00.0981978Z client = <starlette.testclient.TestClient object at 0x7f769e9455e0>
Build & Test (o3 - cross)	Run tests with coverage	2025-07-20T03:42:00.0982236Z 
Build & Test (o3 - cross)	Run tests with coverage	2025-07-20T03:42:00.0982344Z     def test_execute_phase_endpoint(self, client):
Build & Test (o3 - cross)	Run tests with coverage	2025-07-20T03:42:00.0982616Z         """Test phase execution endpoint"""
Build & Test (o3 - cross)	Run tests with coverage	2025-07-20T03:42:00.0982868Z         request_data = {
Build & Test (o3 - cross)	Run tests with coverage	2025-07-20T03:42:00.0983372Z             "phase": ╬úBuilderPhase.RESEARCH_DIGESTION.value,
Build & Test (o3 - cross)	Run tests with coverage	2025-07-20T03:42:00.0984074Z             "context": {}
Build & Test (o3 - cross)	Run tests with coverage	2025-07-20T03:42:00.0984265Z         }
Build & Test (o3 - cross)	Run tests with coverage	2025-07-20T03:42:00.0984411Z     
Build & Test (o3 - cross)	Run tests with coverage	2025-07-20T03:42:00.0984630Z         with patch.object(Path, "exists", return_value=True):
Build & Test (o3 - cross)	Run tests with coverage	2025-07-20T03:42:00.0985114Z             response = client.post("/phase/execute", json=request_data)
Build & Test (o3 - cross)	Run tests with coverage	2025-07-20T03:42:00.0985408Z     
Build & Test (o3 - cross)	Run tests with coverage	2025-07-20T03:42:00.0985584Z >       assert response.status_code == 200
Build & Test (o3 - cross)	Run tests with coverage	2025-07-20T03:42:00.0985827Z E       assert 400 == 200
Build & Test (o3 - cross)	Run tests with coverage	2025-07-20T03:42:00.0986075Z E        +  where 400 = <Response [400 Bad Request]>.status_code
Build & Test (o3 - cross)	Run tests with coverage	2025-07-20T03:42:00.0986276Z 
Build & Test (o3 - cross)	Run tests with coverage	2025-07-20T03:42:00.0986391Z tests/test_synthesis_agents.py:315: AssertionError
Build & Test (o3 - cross)	Run tests with coverage	2025-07-20T03:42:00.0986695Z ================================ tests coverage ================================
Build & Test (o3 - cross)	Run tests with coverage	2025-07-20T03:42:00.0987064Z _______________ coverage: platform linux, python 3.12.11-final-0 _______________
Build & Test (o3 - cross)	Run tests with coverage	2025-07-20T03:42:00.0987313Z 
Build & Test (o3 - cross)	Run tests with coverage	2025-07-20T03:42:00.0987401Z Coverage HTML written to dir htmlcov
Build & Test (o3 - cross)	Run tests with coverage	2025-07-20T03:42:00.0987654Z Coverage XML written to file coverage.xml
Build & Test (o3 - cross)	Run tests with coverage	2025-07-20T03:42:00.0987939Z =========================== short test summary info ============================
Build & Test (o3 - cross)	Run tests with coverage	2025-07-20T03:42:00.0988615Z FAILED tests/test_synthesis_agents.py::TestKnowledgeGraph::test_identify_consensus - AttributeError: type object 'ResearchPerspective' has no attribute 'SONNET'
Build & Test (o3 - cross)	Run tests with coverage	2025-07-20T03:42:00.0989597Z FAILED tests/test_synthesis_agents.py::TestKnowledgeGraph::test_identify_divergences - AttributeError: type object 'ResearchPerspective' has no attribute 'SONNET'
Build & Test (o3 - cross)	Run tests with coverage	2025-07-20T03:42:00.0990422Z FAILED tests/test_synthesis_agents.py::TestFastAPIEndpoints::test_execute_phase_endpoint - assert 400 == 200
Build & Test (o3 - cross)	Run tests with coverage	2025-07-20T03:42:00.0990908Z  +  where 400 = <Response [400 Bad Request]>.status_code
Build & Test (o3 - cross)	Run tests with coverage	2025-07-20T03:42:00.0991302Z ======================== 3 failed, 18 passed in 17.73s =========================
Build & Test (o3 - cross)	Run tests with coverage	2025-07-20T03:42:00.1775600Z ##[error]Process completed with exit code 1.
Build & Test (o3 - unified)	Run tests with coverage	∩╗┐2025-07-20T03:41:42.2486834Z ##[group]Run pytest tests/ -v --cov=src --cov-report=xml --cov-report=html
Build & Test (o3 - unified)	Run tests with coverage	2025-07-20T03:41:42.2487359Z [36;1mpytest tests/ -v --cov=src --cov-report=xml --cov-report=html[0m
Build & Test (o3 - unified)	Run tests with coverage	2025-07-20T03:41:42.2515650Z shell: /usr/bin/bash -e {0}
Build & Test (o3 - unified)	Run tests with coverage	2025-07-20T03:41:42.2516034Z env:
Build & Test (o3 - unified)	Run tests with coverage	2025-07-20T03:41:42.2516209Z   PYTHON_VERSION: 3.11
Build & Test (o3 - unified)	Run tests with coverage	2025-07-20T03:41:42.2516408Z   DOCKER_REGISTRY: ghcr.io
Build & Test (o3 - unified)	Run tests with coverage	2025-07-20T03:41:42.2516644Z   IMAGE_NAME: LiamKujawski/MCP
Build & Test (o3 - unified)	Run tests with coverage	2025-07-20T03:41:42.2516926Z   pythonLocation: /opt/hostedtoolcache/Python/3.12.11/x64
Build & Test (o3 - unified)	Run tests with coverage	2025-07-20T03:41:42.2517331Z   PKG_CONFIG_PATH: /opt/hostedtoolcache/Python/3.12.11/x64/lib/pkgconfig
Build & Test (o3 - unified)	Run tests with coverage	2025-07-20T03:41:42.2517720Z   Python_ROOT_DIR: /opt/hostedtoolcache/Python/3.12.11/x64
Build & Test (o3 - unified)	Run tests with coverage	2025-07-20T03:41:42.2518064Z   Python2_ROOT_DIR: /opt/hostedtoolcache/Python/3.12.11/x64
Build & Test (o3 - unified)	Run tests with coverage	2025-07-20T03:41:42.2518408Z   Python3_ROOT_DIR: /opt/hostedtoolcache/Python/3.12.11/x64
Build & Test (o3 - unified)	Run tests with coverage	2025-07-20T03:41:42.2518750Z   LD_LIBRARY_PATH: /opt/hostedtoolcache/Python/3.12.11/x64/lib
Build & Test (o3 - unified)	Run tests with coverage	2025-07-20T03:41:42.2519041Z   MODEL_TYPE: o3
Build & Test (o3 - unified)	Run tests with coverage	2025-07-20T03:41:42.2519253Z   PROMPT_TYPE: unified
Build & Test (o3 - unified)	Run tests with coverage	2025-07-20T03:41:42.2519450Z ##[endgroup]
Build & Test (o3 - unified)	Run tests with coverage	2025-07-20T03:41:43.6624799Z ============================= test session starts ==============================
Build & Test (o3 - unified)	Run tests with coverage	2025-07-20T03:41:43.6626267Z platform linux -- Python 3.12.11, pytest-8.4.1, pluggy-1.6.0 -- /opt/hostedtoolcache/Python/3.12.11/x64/bin/python
Build & Test (o3 - unified)	Run tests with coverage	2025-07-20T03:41:43.6626997Z cachedir: .pytest_cache
Build & Test (o3 - unified)	Run tests with coverage	2025-07-20T03:41:43.6627333Z rootdir: /home/runner/work/MCP/MCP
Build & Test (o3 - unified)	Run tests with coverage	2025-07-20T03:41:43.6627714Z configfile: pytest.ini
Build & Test (o3 - unified)	Run tests with coverage	2025-07-20T03:41:43.6628074Z plugins: cov-6.2.1, asyncio-1.1.0, anyio-4.9.0
Build & Test (o3 - unified)	Run tests with coverage	2025-07-20T03:41:43.6628843Z asyncio: mode=Mode.STRICT, asyncio_default_fixture_loop_scope=None, asyncio_default_test_loop_scope=function
Build & Test (o3 - unified)	Run tests with coverage	2025-07-20T03:41:45.2400903Z collecting ... collected 21 items
Build & Test (o3 - unified)	Run tests with coverage	2025-07-20T03:41:45.2401314Z 
Build & Test (o3 - unified)	Run tests with coverage	2025-07-20T03:41:45.2430147Z tests/integration/test_api_integration.py::test_environment PASSED       [  4%]
Build & Test (o3 - unified)	Run tests with coverage	2025-07-20T03:41:45.2444519Z tests/integration/test_api_integration.py::test_smoke_integration PASSED [  9%]
Build & Test (o3 - unified)	Run tests with coverage	2025-07-20T03:41:45.2456000Z tests/test_smoke.py::test_smoke PASSED                                   [ 14%]
Build & Test (o3 - unified)	Run tests with coverage	2025-07-20T03:41:45.2469511Z tests/test_smoke.py::test_imports PASSED                                 [ 19%]
Build & Test (o3 - unified)	Run tests with coverage	2025-07-20T03:41:45.2482185Z tests/test_synthesis_agents.py::TestKnowledgeGraph::test_add_insight PASSED [ 23%]
Build & Test (o3 - unified)	Run tests with coverage	2025-07-20T03:41:45.2927978Z tests/test_synthesis_agents.py::TestKnowledgeGraph::test_identify_consensus FAILED [ 28%]
Build & Test (o3 - unified)	Run tests with coverage	2025-07-20T03:41:45.3018303Z tests/test_synthesis_agents.py::TestKnowledgeGraph::test_identify_divergences FAILED [ 33%]
Build & Test (o3 - unified)	Run tests with coverage	2025-07-20T03:41:48.3223600Z tests/test_synthesis_agents.py::TestResearchDigestionAgent::test_execute PASSED [ 38%]
Build & Test (o3 - unified)	Run tests with coverage	2025-07-20T03:41:48.4252877Z tests/test_synthesis_agents.py::TestResearchDigestionAgent::test_process_research_file PASSED [ 42%]
Build & Test (o3 - unified)	Run tests with coverage	2025-07-20T03:41:48.5292634Z tests/test_synthesis_agents.py::TestSynthesisReportAgent::test_execute_success PASSED [ 47%]
Build & Test (o3 - unified)	Run tests with coverage	2025-07-20T03:41:48.5325214Z tests/test_synthesis_agents.py::TestSynthesisReportAgent::test_execute_no_knowledge_graph PASSED [ 52%]
Build & Test (o3 - unified)	Run tests with coverage	2025-07-20T03:41:48.6368193Z tests/test_synthesis_agents.py::TestImplementationPlanAgent::test_execute PASSED [ 57%]
Build & Test (o3 - unified)	Run tests with coverage	2025-07-20T03:41:51.8577442Z tests/test_synthesis_agents.py::Test╬úBuilderOrchestrator::test_execute_workflow PASSED [ 61%]
Build & Test (o3 - unified)	Run tests with coverage	2025-07-20T03:41:55.0787529Z tests/test_synthesis_agents.py::TestProcessSigmaBuilderRequest::test_process_full_workflow PASSED [ 66%]
Build & Test (o3 - unified)	Run tests with coverage	2025-07-20T03:41:58.0970380Z tests/test_synthesis_agents.py::TestProcessSigmaBuilderRequest::test_process_specific_phase PASSED [ 71%]
Build & Test (o3 - unified)	Run tests with coverage	2025-07-20T03:41:58.0993139Z tests/test_synthesis_agents.py::TestProcessSigmaBuilderRequest::test_process_error_handling PASSED [ 76%]
Build & Test (o3 - unified)	Run tests with coverage	2025-07-20T03:41:58.1729308Z tests/test_synthesis_agents.py::TestFastAPIEndpoints::test_root_endpoint PASSED [ 80%]
Build & Test (o3 - unified)	Run tests with coverage	2025-07-20T03:41:58.1766809Z tests/test_synthesis_agents.py::TestFastAPIEndpoints::test_health_endpoint PASSED [ 85%]
Build & Test (o3 - unified)	Run tests with coverage	2025-07-20T03:41:58.1808173Z tests/test_synthesis_agents.py::TestFastAPIEndpoints::test_list_agents_endpoint PASSED [ 90%]
Build & Test (o3 - unified)	Run tests with coverage	2025-07-20T03:41:58.1879903Z tests/test_synthesis_agents.py::TestFastAPIEndpoints::test_start_workflow_endpoint PASSED [ 95%]
Build & Test (o3 - unified)	Run tests with coverage	2025-07-20T03:42:01.4688776Z tests/test_synthesis_agents.py::TestFastAPIEndpoints::test_execute_phase_endpoint FAILED [100%]
Build & Test (o3 - unified)	Run tests with coverage	2025-07-20T03:42:01.4690054Z 
Build & Test (o3 - unified)	Run tests with coverage	2025-07-20T03:42:01.4690262Z =================================== FAILURES ===================================
Build & Test (o3 - unified)	Run tests with coverage	2025-07-20T03:42:01.4690995Z __________________ TestKnowledgeGraph.test_identify_consensus __________________
Build & Test (o3 - unified)	Run tests with coverage	2025-07-20T03:42:01.4691539Z 
Build & Test (o3 - unified)	Run tests with coverage	2025-07-20T03:42:01.4692422Z self = <tests.test_synthesis_agents.TestKnowledgeGraph object at 0x7fcc5a691880>
Build & Test (o3 - unified)	Run tests with coverage	2025-07-20T03:42:01.4692995Z 
Build & Test (o3 - unified)	Run tests with coverage	2025-07-20T03:42:01.4693181Z     def test_identify_consensus(self):
Build & Test (o3 - unified)	Run tests with coverage	2025-07-20T03:42:01.4693717Z         """Test consensus pattern identification"""
Build & Test (o3 - unified)	Run tests with coverage	2025-07-20T03:42:01.4694266Z         graph = KnowledgeGraph()
Build & Test (o3 - unified)	Run tests with coverage	2025-07-20T03:42:01.4694673Z     
Build & Test (o3 - unified)	Run tests with coverage	2025-07-20T03:42:01.4695088Z         # Add insights from multiple perspectives on same type
Build & Test (o3 - unified)	Run tests with coverage	2025-07-20T03:42:01.4695977Z >       for i, perspective in enumerate([ResearchPerspective.O3, ResearchPerspective.SONNET]):
Build & Test (o3 - unified)	Run tests with coverage	2025-07-20T03:42:01.4696803Z                                                                  ^^^^^^^^^^^^^^^^^^^^^^^^^^
Build & Test (o3 - unified)	Run tests with coverage	2025-07-20T03:42:01.4697572Z E       AttributeError: type object 'ResearchPerspective' has no attribute 'SONNET'
Build & Test (o3 - unified)	Run tests with coverage	2025-07-20T03:42:01.4698303Z 
Build & Test (o3 - unified)	Run tests with coverage	2025-07-20T03:42:01.4698587Z tests/test_synthesis_agents.py:58: AttributeError
Build & Test (o3 - unified)	Run tests with coverage	2025-07-20T03:42:01.4699327Z _________________ TestKnowledgeGraph.test_identify_divergences _________________
Build & Test (o3 - unified)	Run tests with coverage	2025-07-20T03:42:01.4699764Z 
Build & Test (o3 - unified)	Run tests with coverage	2025-07-20T03:42:01.4700076Z self = <tests.test_synthesis_agents.TestKnowledgeGraph object at 0x7fcc5a6919d0>
Build & Test (o3 - unified)	Run tests with coverage	2025-07-20T03:42:01.4700524Z 
Build & Test (o3 - unified)	Run tests with coverage	2025-07-20T03:42:01.4700671Z     def test_identify_divergences(self):
Build & Test (o3 - unified)	Run tests with coverage	2025-07-20T03:42:01.4701093Z         """Test divergence identification"""
Build & Test (o3 - unified)	Run tests with coverage	2025-07-20T03:42:01.4701494Z         graph = KnowledgeGraph()
Build & Test (o3 - unified)	Run tests with coverage	2025-07-20T03:42:01.4702010Z     
Build & Test (o3 - unified)	Run tests with coverage	2025-07-20T03:42:01.4702299Z         # Add unique insight for O3
Build & Test (o3 - unified)	Run tests with coverage	2025-07-20T03:42:01.4702679Z         insight1 = ResearchInsight(
Build & Test (o3 - unified)	Run tests with coverage	2025-07-20T03:42:01.4703049Z             id="o3_unique",
Build & Test (o3 - unified)	Run tests with coverage	2025-07-20T03:42:01.4703371Z             source_file="o3.md",
Build & Test (o3 - unified)	Run tests with coverage	2025-07-20T03:42:01.4703750Z             perspective=ResearchPerspective.O3,
Build & Test (o3 - unified)	Run tests with coverage	2025-07-20T03:42:01.4704172Z             type=InsightType.SAFETY,
Build & Test (o3 - unified)	Run tests with coverage	2025-07-20T03:42:01.4704553Z             content="O3 unique safety insight"
Build & Test (o3 - unified)	Run tests with coverage	2025-07-20T03:42:01.4704909Z         )
Build & Test (o3 - unified)	Run tests with coverage	2025-07-20T03:42:01.4705140Z     
Build & Test (o3 - unified)	Run tests with coverage	2025-07-20T03:42:01.4705391Z         # Add different insight for Sonnet
Build & Test (o3 - unified)	Run tests with coverage	2025-07-20T03:42:01.4705789Z         insight2 = ResearchInsight(
Build & Test (o3 - unified)	Run tests with coverage	2025-07-20T03:42:01.4706158Z             id="sonnet_unique",
Build & Test (o3 - unified)	Run tests with coverage	2025-07-20T03:42:01.4706504Z             source_file="sonnet.md",
Build & Test (o3 - unified)	Run tests with coverage	2025-07-20T03:42:01.4706895Z >           perspective=ResearchPerspective.SONNET,
Build & Test (o3 - unified)	Run tests with coverage	2025-07-20T03:42:01.4707311Z                         ^^^^^^^^^^^^^^^^^^^^^^^^^^
Build & Test (o3 - unified)	Run tests with coverage	2025-07-20T03:42:01.4707702Z             type=InsightType.PERFORMANCE,
Build & Test (o3 - unified)	Run tests with coverage	2025-07-20T03:42:01.4708159Z             content="Sonnet unique performance insight"
Build & Test (o3 - unified)	Run tests with coverage	2025-07-20T03:42:01.4708563Z         )
Build & Test (o3 - unified)	Run tests with coverage	2025-07-20T03:42:01.4709006Z E       AttributeError: type object 'ResearchPerspective' has no attribute 'SONNET'
Build & Test (o3 - unified)	Run tests with coverage	2025-07-20T03:42:01.4709476Z 
Build & Test (o3 - unified)	Run tests with coverage	2025-07-20T03:42:01.4709656Z tests/test_synthesis_agents.py:91: AttributeError
Build & Test (o3 - unified)	Run tests with coverage	2025-07-20T03:42:01.4710248Z _______________ TestFastAPIEndpoints.test_execute_phase_endpoint _______________
Build & Test (o3 - unified)	Run tests with coverage	2025-07-20T03:42:01.4710683Z 
Build & Test (o3 - unified)	Run tests with coverage	2025-07-20T03:42:01.4710996Z self = <tests.test_synthesis_agents.TestFastAPIEndpoints object at 0x7fcc5a692330>
Build & Test (o3 - unified)	Run tests with coverage	2025-07-20T03:42:01.4711886Z client = <starlette.testclient.TestClient object at 0x7fcc5a53da00>
Build & Test (o3 - unified)	Run tests with coverage	2025-07-20T03:42:01.4712289Z 
Build & Test (o3 - unified)	Run tests with coverage	2025-07-20T03:42:01.4712464Z     def test_execute_phase_endpoint(self, client):
Build & Test (o3 - unified)	Run tests with coverage	2025-07-20T03:42:01.4712906Z         """Test phase execution endpoint"""
Build & Test (o3 - unified)	Run tests with coverage	2025-07-20T03:42:01.4713272Z         request_data = {
Build & Test (o3 - unified)	Run tests with coverage	2025-07-20T03:42:01.4713957Z             "phase": ╬úBuilderPhase.RESEARCH_DIGESTION.value,
Build & Test (o3 - unified)	Run tests with coverage	2025-07-20T03:42:01.4714642Z             "context": {}
Build & Test (o3 - unified)	Run tests with coverage	2025-07-20T03:42:01.4714935Z         }
Build & Test (o3 - unified)	Run tests with coverage	2025-07-20T03:42:01.4715168Z     
Build & Test (o3 - unified)	Run tests with coverage	2025-07-20T03:42:01.4715483Z         with patch.object(Path, "exists", return_value=True):
Build & Test (o3 - unified)	Run tests with coverage	2025-07-20T03:42:01.4716324Z             response = client.post("/phase/execute", json=request_data)
Build & Test (o3 - unified)	Run tests with coverage	2025-07-20T03:42:01.4716766Z     
Build & Test (o3 - unified)	Run tests with coverage	2025-07-20T03:42:01.4717042Z >       assert response.status_code == 200
Build & Test (o3 - unified)	Run tests with coverage	2025-07-20T03:42:01.4717413Z E       assert 400 == 200
Build & Test (o3 - unified)	Run tests with coverage	2025-07-20T03:42:01.4717793Z E        +  where 400 = <Response [400 Bad Request]>.status_code
Build & Test (o3 - unified)	Run tests with coverage	2025-07-20T03:42:01.4718107Z 
Build & Test (o3 - unified)	Run tests with coverage	2025-07-20T03:42:01.4718302Z tests/test_synthesis_agents.py:315: AssertionError
Build & Test (o3 - unified)	Run tests with coverage	2025-07-20T03:42:01.4718791Z ================================ tests coverage ================================
Build & Test (o3 - unified)	Run tests with coverage	2025-07-20T03:42:01.4719358Z _______________ coverage: platform linux, python 3.12.11-final-0 _______________
Build & Test (o3 - unified)	Run tests with coverage	2025-07-20T03:42:01.4719762Z 
Build & Test (o3 - unified)	Run tests with coverage	2025-07-20T03:42:01.4719901Z Coverage HTML written to dir htmlcov
Build & Test (o3 - unified)	Run tests with coverage	2025-07-20T03:42:01.4720325Z Coverage XML written to file coverage.xml
Build & Test (o3 - unified)	Run tests with coverage	2025-07-20T03:42:01.4720774Z =========================== short test summary info ============================
Build & Test (o3 - unified)	Run tests with coverage	2025-07-20T03:42:01.4722007Z FAILED tests/test_synthesis_agents.py::TestKnowledgeGraph::test_identify_consensus - AttributeError: type object 'ResearchPerspective' has no attribute 'SONNET'
Build & Test (o3 - unified)	Run tests with coverage	2025-07-20T03:42:01.4723644Z FAILED tests/test_synthesis_agents.py::TestKnowledgeGraph::test_identify_divergences - AttributeError: type object 'ResearchPerspective' has no attribute 'SONNET'
Build & Test (o3 - unified)	Run tests with coverage	2025-07-20T03:42:01.4724985Z FAILED tests/test_synthesis_agents.py::TestFastAPIEndpoints::test_execute_phase_endpoint - assert 400 == 200
Build & Test (o3 - unified)	Run tests with coverage	2025-07-20T03:42:01.4725745Z  +  where 400 = <Response [400 Bad Request]>.status_code
Build & Test (o3 - unified)	Run tests with coverage	2025-07-20T03:42:01.4726376Z ======================== 3 failed, 18 passed in 17.72s =========================
Build & Test (o3 - unified)	Run tests with coverage	2025-07-20T03:42:01.5634774Z ##[error]Process completed with exit code 1.
Build & Test (sonnet - cross)	Run tests with coverage	∩╗┐2025-07-20T03:41:36.2650660Z ##[group]Run pytest tests/ -v --cov=src --cov-report=xml --cov-report=html
Build & Test (sonnet - cross)	Run tests with coverage	2025-07-20T03:41:36.2651199Z [36;1mpytest tests/ -v --cov=src --cov-report=xml --cov-report=html[0m
Build & Test (sonnet - cross)	Run tests with coverage	2025-07-20T03:41:36.2678860Z shell: /usr/bin/bash -e {0}
Build & Test (sonnet - cross)	Run tests with coverage	2025-07-20T03:41:36.2679239Z env:
Build & Test (sonnet - cross)	Run tests with coverage	2025-07-20T03:41:36.2679408Z   PYTHON_VERSION: 3.11
Build & Test (sonnet - cross)	Run tests with coverage	2025-07-20T03:41:36.2679609Z   DOCKER_REGISTRY: ghcr.io
Build & Test (sonnet - cross)	Run tests with coverage	2025-07-20T03:41:36.2679826Z   IMAGE_NAME: LiamKujawski/MCP
Build & Test (sonnet - cross)	Run tests with coverage	2025-07-20T03:41:36.2680100Z   pythonLocation: /opt/hostedtoolcache/Python/3.12.11/x64
Build & Test (sonnet - cross)	Run tests with coverage	2025-07-20T03:41:36.2680488Z   PKG_CONFIG_PATH: /opt/hostedtoolcache/Python/3.12.11/x64/lib/pkgconfig
Build & Test (sonnet - cross)	Run tests with coverage	2025-07-20T03:41:36.2680855Z   Python_ROOT_DIR: /opt/hostedtoolcache/Python/3.12.11/x64
Build & Test (sonnet - cross)	Run tests with coverage	2025-07-20T03:41:36.2681186Z   Python2_ROOT_DIR: /opt/hostedtoolcache/Python/3.12.11/x64
Build & Test (sonnet - cross)	Run tests with coverage	2025-07-20T03:41:36.2681518Z   Python3_ROOT_DIR: /opt/hostedtoolcache/Python/3.12.11/x64
Build & Test (sonnet - cross)	Run tests with coverage	2025-07-20T03:41:36.2681844Z   LD_LIBRARY_PATH: /opt/hostedtoolcache/Python/3.12.11/x64/lib
Build & Test (sonnet - cross)	Run tests with coverage	2025-07-20T03:41:36.2682121Z   MODEL_TYPE: sonnet
Build & Test (sonnet - cross)	Run tests with coverage	2025-07-20T03:41:36.2682342Z   PROMPT_TYPE: cross
Build & Test (sonnet - cross)	Run tests with coverage	2025-07-20T03:41:36.2682533Z ##[endgroup]
Build & Test (sonnet - cross)	Run tests with coverage	2025-07-20T03:41:37.4182483Z ============================= test session starts ==============================
Build & Test (sonnet - cross)	Run tests with coverage	2025-07-20T03:41:37.4183548Z platform linux -- Python 3.12.11, pytest-8.4.1, pluggy-1.6.0 -- /opt/hostedtoolcache/Python/3.12.11/x64/bin/python
Build & Test (sonnet - cross)	Run tests with coverage	2025-07-20T03:41:37.4184133Z cachedir: .pytest_cache
Build & Test (sonnet - cross)	Run tests with coverage	2025-07-20T03:41:37.4184408Z rootdir: /home/runner/work/MCP/MCP
Build & Test (sonnet - cross)	Run tests with coverage	2025-07-20T03:41:37.4184709Z configfile: pytest.ini
Build & Test (sonnet - cross)	Run tests with coverage	2025-07-20T03:41:37.4184999Z plugins: cov-6.2.1, asyncio-1.1.0, anyio-4.9.0
Build & Test (sonnet - cross)	Run tests with coverage	2025-07-20T03:41:37.4185604Z asyncio: mode=Mode.STRICT, asyncio_default_fixture_loop_scope=None, asyncio_default_test_loop_scope=function
Build & Test (sonnet - cross)	Run tests with coverage	2025-07-20T03:41:39.0268967Z collecting ... collected 21 items
Build & Test (sonnet - cross)	Run tests with coverage	2025-07-20T03:41:39.0269648Z 
Build & Test (sonnet - cross)	Run tests with coverage	2025-07-20T03:41:39.0297731Z tests/integration/test_api_integration.py::test_environment PASSED       [  4%]
Build & Test (sonnet - cross)	Run tests with coverage	2025-07-20T03:41:39.0311659Z tests/integration/test_api_integration.py::test_smoke_integration PASSED [  9%]
Build & Test (sonnet - cross)	Run tests with coverage	2025-07-20T03:41:39.0322813Z tests/test_smoke.py::test_smoke PASSED                                   [ 14%]
Build & Test (sonnet - cross)	Run tests with coverage	2025-07-20T03:41:39.0336072Z tests/test_smoke.py::test_imports PASSED                                 [ 19%]
Build & Test (sonnet - cross)	Run tests with coverage	2025-07-20T03:41:39.0348721Z tests/test_synthesis_agents.py::TestKnowledgeGraph::test_add_insight PASSED [ 23%]
Build & Test (sonnet - cross)	Run tests with coverage	2025-07-20T03:41:39.0789310Z tests/test_synthesis_agents.py::TestKnowledgeGraph::test_identify_consensus FAILED [ 28%]
Build & Test (sonnet - cross)	Run tests with coverage	2025-07-20T03:41:39.0878792Z tests/test_synthesis_agents.py::TestKnowledgeGraph::test_identify_divergences FAILED [ 33%]
Build & Test (sonnet - cross)	Run tests with coverage	2025-07-20T03:41:42.1039041Z tests/test_synthesis_agents.py::TestResearchDigestionAgent::test_execute PASSED [ 38%]
Build & Test (sonnet - cross)	Run tests with coverage	2025-07-20T03:41:42.2065875Z tests/test_synthesis_agents.py::TestResearchDigestionAgent::test_process_research_file PASSED [ 42%]
Build & Test (sonnet - cross)	Run tests with coverage	2025-07-20T03:41:42.3099928Z tests/test_synthesis_agents.py::TestSynthesisReportAgent::test_execute_success PASSED [ 47%]
Build & Test (sonnet - cross)	Run tests with coverage	2025-07-20T03:41:42.3132022Z tests/test_synthesis_agents.py::TestSynthesisReportAgent::test_execute_no_knowledge_graph PASSED [ 52%]
Build & Test (sonnet - cross)	Run tests with coverage	2025-07-20T03:41:42.4166359Z tests/test_synthesis_agents.py::TestImplementationPlanAgent::test_execute PASSED [ 57%]
Build & Test (sonnet - cross)	Run tests with coverage	2025-07-20T03:41:45.6325813Z tests/test_synthesis_agents.py::Test╬úBuilderOrchestrator::test_execute_workflow PASSED [ 61%]
Build & Test (sonnet - cross)	Run tests with coverage	2025-07-20T03:41:48.8484007Z tests/test_synthesis_agents.py::TestProcessSigmaBuilderRequest::test_process_full_workflow PASSED [ 66%]
Build & Test (sonnet - cross)	Run tests with coverage	2025-07-20T03:41:51.8614886Z tests/test_synthesis_agents.py::TestProcessSigmaBuilderRequest::test_process_specific_phase PASSED [ 71%]
Build & Test (sonnet - cross)	Run tests with coverage	2025-07-20T03:41:51.8637467Z tests/test_synthesis_agents.py::TestProcessSigmaBuilderRequest::test_process_error_handling PASSED [ 76%]
Build & Test (sonnet - cross)	Run tests with coverage	2025-07-20T03:41:51.9371027Z tests/test_synthesis_agents.py::TestFastAPIEndpoints::test_root_endpoint PASSED [ 80%]
Build & Test (sonnet - cross)	Run tests with coverage	2025-07-20T03:41:51.9407464Z tests/test_synthesis_agents.py::TestFastAPIEndpoints::test_health_endpoint PASSED [ 85%]
Build & Test (sonnet - cross)	Run tests with coverage	2025-07-20T03:41:51.9448159Z tests/test_synthesis_agents.py::TestFastAPIEndpoints::test_list_agents_endpoint PASSED [ 90%]
Build & Test (sonnet - cross)	Run tests with coverage	2025-07-20T03:41:51.9517890Z tests/test_synthesis_agents.py::TestFastAPIEndpoints::test_start_workflow_endpoint PASSED [ 95%]
Build & Test (sonnet - cross)	Run tests with coverage	2025-07-20T03:41:55.2041842Z tests/test_synthesis_agents.py::TestFastAPIEndpoints::test_execute_phase_endpoint FAILED [100%]
Build & Test (sonnet - cross)	Run tests with coverage	2025-07-20T03:41:55.2043169Z 
Build & Test (sonnet - cross)	Run tests with coverage	2025-07-20T03:41:55.2043424Z =================================== FAILURES ===================================
Build & Test (sonnet - cross)	Run tests with coverage	2025-07-20T03:41:55.2044311Z __________________ TestKnowledgeGraph.test_identify_consensus __________________
Build & Test (sonnet - cross)	Run tests with coverage	2025-07-20T03:41:55.2044888Z 
Build & Test (sonnet - cross)	Run tests with coverage	2025-07-20T03:41:55.2045324Z self = <tests.test_synthesis_agents.TestKnowledgeGraph object at 0x7f368afb16d0>
Build & Test (sonnet - cross)	Run tests with coverage	2025-07-20T03:41:55.2045929Z 
Build & Test (sonnet - cross)	Run tests with coverage	2025-07-20T03:41:55.2046116Z     def test_identify_consensus(self):
Build & Test (sonnet - cross)	Run tests with coverage	2025-07-20T03:41:55.2046673Z         """Test consensus pattern identification"""
Build & Test (sonnet - cross)	Run tests with coverage	2025-07-20T03:41:55.2047650Z         graph = KnowledgeGraph()
Build & Test (sonnet - cross)	Run tests with coverage	2025-07-20T03:41:55.2048028Z     
Build & Test (sonnet - cross)	Run tests with coverage	2025-07-20T03:41:55.2048308Z         # Add insights from multiple perspectives on same type
Build & Test (sonnet - cross)	Run tests with coverage	2025-07-20T03:41:55.2048906Z >       for i, perspective in enumerate([ResearchPerspective.O3, ResearchPerspective.SONNET]):
Build & Test (sonnet - cross)	Run tests with coverage	2025-07-20T03:41:55.2049446Z                                                                  ^^^^^^^^^^^^^^^^^^^^^^^^^^
Build & Test (sonnet - cross)	Run tests with coverage	2025-07-20T03:41:55.2049944Z E       AttributeError: type object 'ResearchPerspective' has no attribute 'SONNET'
Build & Test (sonnet - cross)	Run tests with coverage	2025-07-20T03:41:55.2050326Z 
Build & Test (sonnet - cross)	Run tests with coverage	2025-07-20T03:41:55.2050472Z tests/test_synthesis_agents.py:58: AttributeError
Build & Test (sonnet - cross)	Run tests with coverage	2025-07-20T03:41:55.2050953Z _________________ TestKnowledgeGraph.test_identify_divergences _________________
Build & Test (sonnet - cross)	Run tests with coverage	2025-07-20T03:41:55.2051302Z 
Build & Test (sonnet - cross)	Run tests with coverage	2025-07-20T03:41:55.2051552Z self = <tests.test_synthesis_agents.TestKnowledgeGraph object at 0x7f368afb1820>
Build & Test (sonnet - cross)	Run tests with coverage	2025-07-20T03:41:55.2051930Z 
Build & Test (sonnet - cross)	Run tests with coverage	2025-07-20T03:41:55.2052050Z     def test_identify_divergences(self):
Build & Test (sonnet - cross)	Run tests with coverage	2025-07-20T03:41:55.2052397Z         """Test divergence identification"""
Build & Test (sonnet - cross)	Run tests with coverage	2025-07-20T03:41:55.2052673Z         graph = KnowledgeGraph()
Build & Test (sonnet - cross)	Run tests with coverage	2025-07-20T03:41:55.2052900Z     
Build & Test (sonnet - cross)	Run tests with coverage	2025-07-20T03:41:55.2053076Z         # Add unique insight for O3
Build & Test (sonnet - cross)	Run tests with coverage	2025-07-20T03:41:55.2053328Z         insight1 = ResearchInsight(
Build & Test (sonnet - cross)	Run tests with coverage	2025-07-20T03:41:55.2053569Z             id="o3_unique",
Build & Test (sonnet - cross)	Run tests with coverage	2025-07-20T03:41:55.2053795Z             source_file="o3.md",
Build & Test (sonnet - cross)	Run tests with coverage	2025-07-20T03:41:55.2054060Z             perspective=ResearchPerspective.O3,
Build & Test (sonnet - cross)	Run tests with coverage	2025-07-20T03:41:55.2054362Z             type=InsightType.SAFETY,
Build & Test (sonnet - cross)	Run tests with coverage	2025-07-20T03:41:55.2054633Z             content="O3 unique safety insight"
Build & Test (sonnet - cross)	Run tests with coverage	2025-07-20T03:41:55.2054891Z         )
Build & Test (sonnet - cross)	Run tests with coverage	2025-07-20T03:41:55.2055048Z     
Build & Test (sonnet - cross)	Run tests with coverage	2025-07-20T03:41:55.2055234Z         # Add different insight for Sonnet
Build & Test (sonnet - cross)	Run tests with coverage	2025-07-20T03:41:55.2055510Z         insight2 = ResearchInsight(
Build & Test (sonnet - cross)	Run tests with coverage	2025-07-20T03:41:55.2055754Z             id="sonnet_unique",
Build & Test (sonnet - cross)	Run tests with coverage	2025-07-20T03:41:55.2055991Z             source_file="sonnet.md",
Build & Test (sonnet - cross)	Run tests with coverage	2025-07-20T03:41:55.2056270Z >           perspective=ResearchPerspective.SONNET,
Build & Test (sonnet - cross)	Run tests with coverage	2025-07-20T03:41:55.2056572Z                         ^^^^^^^^^^^^^^^^^^^^^^^^^^
Build & Test (sonnet - cross)	Run tests with coverage	2025-07-20T03:41:55.2057044Z             type=InsightType.PERFORMANCE,
Build & Test (sonnet - cross)	Run tests with coverage	2025-07-20T03:41:55.2057360Z             content="Sonnet unique performance insight"
Build & Test (sonnet - cross)	Run tests with coverage	2025-07-20T03:41:55.2057631Z         )
Build & Test (sonnet - cross)	Run tests with coverage	2025-07-20T03:41:55.2057949Z E       AttributeError: type object 'ResearchPerspective' has no attribute 'SONNET'
Build & Test (sonnet - cross)	Run tests with coverage	2025-07-20T03:41:55.2058286Z 
Build & Test (sonnet - cross)	Run tests with coverage	2025-07-20T03:41:55.2058418Z tests/test_synthesis_agents.py:91: AttributeError
Build & Test (sonnet - cross)	Run tests with coverage	2025-07-20T03:41:55.2058832Z _______________ TestFastAPIEndpoints.test_execute_phase_endpoint _______________
Build & Test (sonnet - cross)	Run tests with coverage	2025-07-20T03:41:55.2059144Z 
Build & Test (sonnet - cross)	Run tests with coverage	2025-07-20T03:41:55.2059371Z self = <tests.test_synthesis_agents.TestFastAPIEndpoints object at 0x7f368afb2240>
Build & Test (sonnet - cross)	Run tests with coverage	2025-07-20T03:41:55.2059877Z client = <starlette.testclient.TestClient object at 0x7f368ae65460>
Build & Test (sonnet - cross)	Run tests with coverage	2025-07-20T03:41:55.2060166Z 
Build & Test (sonnet - cross)	Run tests with coverage	2025-07-20T03:41:55.2060281Z     def test_execute_phase_endpoint(self, client):
Build & Test (sonnet - cross)	Run tests with coverage	2025-07-20T03:41:55.2060587Z         """Test phase execution endpoint"""
Build & Test (sonnet - cross)	Run tests with coverage	2025-07-20T03:41:55.2060849Z         request_data = {
Build & Test (sonnet - cross)	Run tests with coverage	2025-07-20T03:41:55.2061373Z             "phase": ╬úBuilderPhase.RESEARCH_DIGESTION.value,
Build & Test (sonnet - cross)	Run tests with coverage	2025-07-20T03:41:55.2061907Z             "context": {}
Build & Test (sonnet - cross)	Run tests with coverage	2025-07-20T03:41:55.2062117Z         }
Build & Test (sonnet - cross)	Run tests with coverage	2025-07-20T03:41:55.2062277Z     
Build & Test (sonnet - cross)	Run tests with coverage	2025-07-20T03:41:55.2062518Z         with patch.object(Path, "exists", return_value=True):
Build & Test (sonnet - cross)	Run tests with coverage	2025-07-20T03:41:55.2063024Z             response = client.post("/phase/execute", json=request_data)
Build & Test (sonnet - cross)	Run tests with coverage	2025-07-20T03:41:55.2063316Z     
Build & Test (sonnet - cross)	Run tests with coverage	2025-07-20T03:41:55.2063487Z >       assert response.status_code == 200
Build & Test (sonnet - cross)	Run tests with coverage	2025-07-20T03:41:55.2063726Z E       assert 400 == 200
Build & Test (sonnet - cross)	Run tests with coverage	2025-07-20T03:41:55.2063966Z E        +  where 400 = <Response [400 Bad Request]>.status_code
Build & Test (sonnet - cross)	Run tests with coverage	2025-07-20T03:41:55.2064165Z 
Build & Test (sonnet - cross)	Run tests with coverage	2025-07-20T03:41:55.2064278Z tests/test_synthesis_agents.py:315: AssertionError
Build & Test (sonnet - cross)	Run tests with coverage	2025-07-20T03:41:55.2064574Z ================================ tests coverage ================================
Build & Test (sonnet - cross)	Run tests with coverage	2025-07-20T03:41:55.2064921Z _______________ coverage: platform linux, python 3.12.11-final-0 _______________
Build & Test (sonnet - cross)	Run tests with coverage	2025-07-20T03:41:55.2065170Z 
Build & Test (sonnet - cross)	Run tests with coverage	2025-07-20T03:41:55.2065253Z Coverage HTML written to dir htmlcov
Build & Test (sonnet - cross)	Run tests with coverage	2025-07-20T03:41:55.2065505Z Coverage XML written to file coverage.xml
Build & Test (sonnet - cross)	Run tests with coverage	2025-07-20T03:41:55.2065776Z =========================== short test summary info ============================
Build & Test (sonnet - cross)	Run tests with coverage	2025-07-20T03:41:55.2066554Z FAILED tests/test_synthesis_agents.py::TestKnowledgeGraph::test_identify_consensus - AttributeError: type object 'ResearchPerspective' has no attribute 'SONNET'
Build & Test (sonnet - cross)	Run tests with coverage	2025-07-20T03:41:55.2067816Z FAILED tests/test_synthesis_agents.py::TestKnowledgeGraph::test_identify_divergences - AttributeError: type object 'ResearchPerspective' has no attribute 'SONNET'
Build & Test (sonnet - cross)	Run tests with coverage	2025-07-20T03:41:55.2068659Z FAILED tests/test_synthesis_agents.py::TestFastAPIEndpoints::test_execute_phase_endpoint - assert 400 == 200
Build & Test (sonnet - cross)	Run tests with coverage	2025-07-20T03:41:55.2069148Z  +  where 400 = <Response [400 Bad Request]>.status_code
Build & Test (sonnet - cross)	Run tests with coverage	2025-07-20T03:41:55.2069514Z ======================== 3 failed, 18 passed in 17.72s =========================
Build & Test (sonnet - cross)	Run tests with coverage	2025-07-20T03:41:55.2901950Z ##[error]Process completed with exit code 1.
Build & Test (sonnet - cross)	Run tests with coverage	∩╗┐2025-07-20T03:41:36.2650660Z ##[group]Run pytest tests/ -v --cov=src --cov-report=xml --cov-report=html
Build & Test (sonnet - cross)	Run tests with coverage	2025-07-20T03:41:36.2651199Z [36;1mpytest tests/ -v --cov=src --cov-report=xml --cov-report=html[0m
Build & Test (sonnet - cross)	Run tests with coverage	2025-07-20T03:41:36.2678860Z shell: /usr/bin/bash -e {0}
Build & Test (sonnet - cross)	Run tests with coverage	2025-07-20T03:41:36.2679239Z env:
Build & Test (sonnet - cross)	Run tests with coverage	2025-07-20T03:41:36.2679408Z   PYTHON_VERSION: 3.11
Build & Test (sonnet - cross)	Run tests with coverage	2025-07-20T03:41:36.2679609Z   DOCKER_REGISTRY: ghcr.io
Build & Test (sonnet - cross)	Run tests with coverage	2025-07-20T03:41:36.2679826Z   IMAGE_NAME: LiamKujawski/MCP
Build & Test (sonnet - cross)	Run tests with coverage	2025-07-20T03:41:36.2680100Z   pythonLocation: /opt/hostedtoolcache/Python/3.12.11/x64
Build & Test (sonnet - cross)	Run tests with coverage	2025-07-20T03:41:36.2680488Z   PKG_CONFIG_PATH: /opt/hostedtoolcache/Python/3.12.11/x64/lib/pkgconfig
Build & Test (sonnet - cross)	Run tests with coverage	2025-07-20T03:41:36.2680855Z   Python_ROOT_DIR: /opt/hostedtoolcache/Python/3.12.11/x64
Build & Test (sonnet - cross)	Run tests with coverage	2025-07-20T03:41:36.2681186Z   Python2_ROOT_DIR: /opt/hostedtoolcache/Python/3.12.11/x64
Build & Test (sonnet - cross)	Run tests with coverage	2025-07-20T03:41:36.2681518Z   Python3_ROOT_DIR: /opt/hostedtoolcache/Python/3.12.11/x64
Build & Test (sonnet - cross)	Run tests with coverage	2025-07-20T03:41:36.2681844Z   LD_LIBRARY_PATH: /opt/hostedtoolcache/Python/3.12.11/x64/lib
Build & Test (sonnet - cross)	Run tests with coverage	2025-07-20T03:41:36.2682121Z   MODEL_TYPE: sonnet
Build & Test (sonnet - cross)	Run tests with coverage	2025-07-20T03:41:36.2682342Z   PROMPT_TYPE: cross
Build & Test (sonnet - cross)	Run tests with coverage	2025-07-20T03:41:36.2682533Z ##[endgroup]
Build & Test (sonnet - cross)	Run tests with coverage	2025-07-20T03:41:37.4182483Z ============================= test session starts ==============================
Build & Test (sonnet - cross)	Run tests with coverage	2025-07-20T03:41:37.4183548Z platform linux -- Python 3.12.11, pytest-8.4.1, pluggy-1.6.0 -- /opt/hostedtoolcache/Python/3.12.11/x64/bin/python
Build & Test (sonnet - cross)	Run tests with coverage	2025-07-20T03:41:37.4184133Z cachedir: .pytest_cache
Build & Test (sonnet - cross)	Run tests with coverage	2025-07-20T03:41:37.4184408Z rootdir: /home/runner/work/MCP/MCP
Build & Test (sonnet - cross)	Run tests with coverage	2025-07-20T03:41:37.4184709Z configfile: pytest.ini
Build & Test (sonnet - cross)	Run tests with coverage	2025-07-20T03:41:37.4184999Z plugins: cov-6.2.1, asyncio-1.1.0, anyio-4.9.0
Build & Test (sonnet - cross)	Run tests with coverage	2025-07-20T03:41:37.4185604Z asyncio: mode=Mode.STRICT, asyncio_default_fixture_loop_scope=None, asyncio_default_test_loop_scope=function
Build & Test (sonnet - cross)	Run tests with coverage	2025-07-20T03:41:39.0268967Z collecting ... collected 21 items
Build & Test (sonnet - cross)	Run tests with coverage	2025-07-20T03:41:39.0269648Z 
Build & Test (sonnet - cross)	Run tests with coverage	2025-07-20T03:41:39.0297731Z tests/integration/test_api_integration.py::test_environment PASSED       [  4%]
Build & Test (sonnet - cross)	Run tests with coverage	2025-07-20T03:41:39.0311659Z tests/integration/test_api_integration.py::test_smoke_integration PASSED [  9%]
Build & Test (sonnet - cross)	Run tests with coverage	2025-07-20T03:41:39.0322813Z tests/test_smoke.py::test_smoke PASSED                                   [ 14%]
Build & Test (sonnet - cross)	Run tests with coverage	2025-07-20T03:41:39.0336072Z tests/test_smoke.py::test_imports PASSED                                 [ 19%]
Build & Test (sonnet - cross)	Run tests with coverage	2025-07-20T03:41:39.0348721Z tests/test_synthesis_agents.py::TestKnowledgeGraph::test_add_insight PASSED [ 23%]
Build & Test (sonnet - cross)	Run tests with coverage	2025-07-20T03:41:39.0789310Z tests/test_synthesis_agents.py::TestKnowledgeGraph::test_identify_consensus FAILED [ 28%]
Build & Test (sonnet - cross)	Run tests with coverage	2025-07-20T03:41:39.0878792Z tests/test_synthesis_agents.py::TestKnowledgeGraph::test_identify_divergences FAILED [ 33%]
Build & Test (sonnet - cross)	Run tests with coverage	2025-07-20T03:41:42.1039041Z tests/test_synthesis_agents.py::TestResearchDigestionAgent::test_execute PASSED [ 38%]
Build & Test (sonnet - cross)	Run tests with coverage	2025-07-20T03:41:42.2065875Z tests/test_synthesis_agents.py::TestResearchDigestionAgent::test_process_research_file PASSED [ 42%]
Build & Test (sonnet - cross)	Run tests with coverage	2025-07-20T03:41:42.3099928Z tests/test_synthesis_agents.py::TestSynthesisReportAgent::test_execute_success PASSED [ 47%]
Build & Test (sonnet - cross)	Run tests with coverage	2025-07-20T03:41:42.3132022Z tests/test_synthesis_agents.py::TestSynthesisReportAgent::test_execute_no_knowledge_graph PASSED [ 52%]
Build & Test (sonnet - cross)	Run tests with coverage	2025-07-20T03:41:42.4166359Z tests/test_synthesis_agents.py::TestImplementationPlanAgent::test_execute PASSED [ 57%]
Build & Test (sonnet - cross)	Run tests with coverage	2025-07-20T03:41:45.6325813Z tests/test_synthesis_agents.py::Test╬úBuilderOrchestrator::test_execute_workflow PASSED [ 61%]
Build & Test (sonnet - cross)	Run tests with coverage	2025-07-20T03:41:48.8484007Z tests/test_synthesis_agents.py::TestProcessSigmaBuilderRequest::test_process_full_workflow PASSED [ 66%]
Build & Test (sonnet - cross)	Run tests with coverage	2025-07-20T03:41:51.8614886Z tests/test_synthesis_agents.py::TestProcessSigmaBuilderRequest::test_process_specific_phase PASSED [ 71%]
Build & Test (sonnet - cross)	Run tests with coverage	2025-07-20T03:41:51.8637467Z tests/test_synthesis_agents.py::TestProcessSigmaBuilderRequest::test_process_error_handling PASSED [ 76%]
Build & Test (sonnet - cross)	Run tests with coverage	2025-07-20T03:41:51.9371027Z tests/test_synthesis_agents.py::TestFastAPIEndpoints::test_root_endpoint PASSED [ 80%]
Build & Test (sonnet - cross)	Run tests with coverage	2025-07-20T03:41:51.9407464Z tests/test_synthesis_agents.py::TestFastAPIEndpoints::test_health_endpoint PASSED [ 85%]
Build & Test (sonnet - cross)	Run tests with coverage	2025-07-20T03:41:51.9448159Z tests/test_synthesis_agents.py::TestFastAPIEndpoints::test_list_agents_endpoint PASSED [ 90%]
Build & Test (sonnet - cross)	Run tests with coverage	2025-07-20T03:41:51.9517890Z tests/test_synthesis_agents.py::TestFastAPIEndpoints::test_start_workflow_endpoint PASSED [ 95%]
Build & Test (sonnet - cross)	Run tests with coverage	2025-07-20T03:41:55.2041842Z tests/test_synthesis_agents.py::TestFastAPIEndpoints::test_execute_phase_endpoint FAILED [100%]
Build & Test (sonnet - cross)	Run tests with coverage	2025-07-20T03:41:55.2043169Z 
Build & Test (sonnet - cross)	Run tests with coverage	2025-07-20T03:41:55.2043424Z =================================== FAILURES ===================================
Build & Test (sonnet - cross)	Run tests with coverage	2025-07-20T03:41:55.2044311Z __________________ TestKnowledgeGraph.test_identify_consensus __________________
Build & Test (sonnet - cross)	Run tests with coverage	2025-07-20T03:41:55.2044888Z 
Build & Test (sonnet - cross)	Run tests with coverage	2025-07-20T03:41:55.2045324Z self = <tests.test_synthesis_agents.TestKnowledgeGraph object at 0x7f368afb16d0>
Build & Test (sonnet - cross)	Run tests with coverage	2025-07-20T03:41:55.2045929Z 
Build & Test (sonnet - cross)	Run tests with coverage	2025-07-20T03:41:55.2046116Z     def test_identify_consensus(self):
Build & Test (sonnet - cross)	Run tests with coverage	2025-07-20T03:41:55.2046673Z         """Test consensus pattern identification"""
Build & Test (sonnet - cross)	Run tests with coverage	2025-07-20T03:41:55.2047650Z         graph = KnowledgeGraph()
Build & Test (sonnet - cross)	Run tests with coverage	2025-07-20T03:41:55.2048028Z     
Build & Test (sonnet - cross)	Run tests with coverage	2025-07-20T03:41:55.2048308Z         # Add insights from multiple perspectives on same type
Build & Test (sonnet - cross)	Run tests with coverage	2025-07-20T03:41:55.2048906Z >       for i, perspective in enumerate([ResearchPerspective.O3, ResearchPerspective.SONNET]):
Build & Test (sonnet - cross)	Run tests with coverage	2025-07-20T03:41:55.2049446Z                                                                  ^^^^^^^^^^^^^^^^^^^^^^^^^^
Build & Test (sonnet - cross)	Run tests with coverage	2025-07-20T03:41:55.2049944Z E       AttributeError: type object 'ResearchPerspective' has no attribute 'SONNET'
Build & Test (sonnet - cross)	Run tests with coverage	2025-07-20T03:41:55.2050326Z 
Build & Test (sonnet - cross)	Run tests with coverage	2025-07-20T03:41:55.2050472Z tests/test_synthesis_agents.py:58: AttributeError
Build & Test (sonnet - cross)	Run tests with coverage	2025-07-20T03:41:55.2050953Z _________________ TestKnowledgeGraph.test_identify_divergences _________________
Build & Test (sonnet - cross)	Run tests with coverage	2025-07-20T03:41:55.2051302Z 
Build & Test (sonnet - cross)	Run tests with coverage	2025-07-20T03:41:55.2051552Z self = <tests.test_synthesis_agents.TestKnowledgeGraph object at 0x7f368afb1820>
Build & Test (sonnet - cross)	Run tests with coverage	2025-07-20T03:41:55.2051930Z 
Build & Test (sonnet - cross)	Run tests with coverage	2025-07-20T03:41:55.2052050Z     def test_identify_divergences(self):
Build & Test (sonnet - cross)	Run tests with coverage	2025-07-20T03:41:55.2052397Z         """Test divergence identification"""
Build & Test (sonnet - cross)	Run tests with coverage	2025-07-20T03:41:55.2052673Z         graph = KnowledgeGraph()
Build & Test (sonnet - cross)	Run tests with coverage	2025-07-20T03:41:55.2052900Z     
Build & Test (sonnet - cross)	Run tests with coverage	2025-07-20T03:41:55.2053076Z         # Add unique insight for O3
Build & Test (sonnet - cross)	Run tests with coverage	2025-07-20T03:41:55.2053328Z         insight1 = ResearchInsight(
Build & Test (sonnet - cross)	Run tests with coverage	2025-07-20T03:41:55.2053569Z             id="o3_unique",
Build & Test (sonnet - cross)	Run tests with coverage	2025-07-20T03:41:55.2053795Z             source_file="o3.md",
Build & Test (sonnet - cross)	Run tests with coverage	2025-07-20T03:41:55.2054060Z             perspective=ResearchPerspective.O3,
Build & Test (sonnet - cross)	Run tests with coverage	2025-07-20T03:41:55.2054362Z             type=InsightType.SAFETY,
Build & Test (sonnet - cross)	Run tests with coverage	2025-07-20T03:41:55.2054633Z             content="O3 unique safety insight"
Build & Test (sonnet - cross)	Run tests with coverage	2025-07-20T03:41:55.2054891Z         )
Build & Test (sonnet - cross)	Run tests with coverage	2025-07-20T03:41:55.2055048Z     
Build & Test (sonnet - cross)	Run tests with coverage	2025-07-20T03:41:55.2055234Z         # Add different insight for Sonnet
Build & Test (sonnet - cross)	Run tests with coverage	2025-07-20T03:41:55.2055510Z         insight2 = ResearchInsight(
Build & Test (sonnet - cross)	Run tests with coverage	2025-07-20T03:41:55.2055754Z             id="sonnet_unique",
Build & Test (sonnet - cross)	Run tests with coverage	2025-07-20T03:41:55.2055991Z             source_file="sonnet.md",
Build & Test (sonnet - cross)	Run tests with coverage	2025-07-20T03:41:55.2056270Z >           perspective=ResearchPerspective.SONNET,
Build & Test (sonnet - cross)	Run tests with coverage	2025-07-20T03:41:55.2056572Z                         ^^^^^^^^^^^^^^^^^^^^^^^^^^
Build & Test (sonnet - cross)	Run tests with coverage	2025-07-20T03:41:55.2057044Z             type=InsightType.PERFORMANCE,
Build & Test (sonnet - cross)	Run tests with coverage	2025-07-20T03:41:55.2057360Z             content="Sonnet unique performance insight"
Build & Test (sonnet - cross)	Run tests with coverage	2025-07-20T03:41:55.2057631Z         )
Build & Test (sonnet - cross)	Run tests with coverage	2025-07-20T03:41:55.2057949Z E       AttributeError: type object 'ResearchPerspective' has no attribute 'SONNET'
Build & Test (sonnet - cross)	Run tests with coverage	2025-07-20T03:41:55.2058286Z 
Build & Test (sonnet - cross)	Run tests with coverage	2025-07-20T03:41:55.2058418Z tests/test_synthesis_agents.py:91: AttributeError
Build & Test (sonnet - cross)	Run tests with coverage	2025-07-20T03:41:55.2058832Z _______________ TestFastAPIEndpoints.test_execute_phase_endpoint _______________
Build & Test (sonnet - cross)	Run tests with coverage	2025-07-20T03:41:55.2059144Z 
Build & Test (sonnet - cross)	Run tests with coverage	2025-07-20T03:41:55.2059371Z self = <tests.test_synthesis_agents.TestFastAPIEndpoints object at 0x7f368afb2240>
Build & Test (sonnet - cross)	Run tests with coverage	2025-07-20T03:41:55.2059877Z client = <starlette.testclient.TestClient object at 0x7f368ae65460>
Build & Test (sonnet - cross)	Run tests with coverage	2025-07-20T03:41:55.2060166Z 
Build & Test (sonnet - cross)	Run tests with coverage	2025-07-20T03:41:55.2060281Z     def test_execute_phase_endpoint(self, client):
Build & Test (sonnet - cross)	Run tests with coverage	2025-07-20T03:41:55.2060587Z         """Test phase execution endpoint"""
Build & Test (sonnet - cross)	Run tests with coverage	2025-07-20T03:41:55.2060849Z         request_data = {
Build & Test (sonnet - cross)	Run tests with coverage	2025-07-20T03:41:55.2061373Z             "phase": ╬úBuilderPhase.RESEARCH_DIGESTION.value,
Build & Test (sonnet - cross)	Run tests with coverage	2025-07-20T03:41:55.2061907Z             "context": {}
Build & Test (sonnet - cross)	Run tests with coverage	2025-07-20T03:41:55.2062117Z         }
Build & Test (sonnet - cross)	Run tests with coverage	2025-07-20T03:41:55.2062277Z     
Build & Test (sonnet - cross)	Run tests with coverage	2025-07-20T03:41:55.2062518Z         with patch.object(Path, "exists", return_value=True):
Build & Test (sonnet - cross)	Run tests with coverage	2025-07-20T03:41:55.2063024Z             response = client.post("/phase/execute", json=request_data)
Build & Test (sonnet - cross)	Run tests with coverage	2025-07-20T03:41:55.2063316Z     
Build & Test (sonnet - cross)	Run tests with coverage	2025-07-20T03:41:55.2063487Z >       assert response.status_code == 200
Build & Test (sonnet - cross)	Run tests with coverage	2025-07-20T03:41:55.2063726Z E       assert 400 == 200
Build & Test (sonnet - cross)	Run tests with coverage	2025-07-20T03:41:55.2063966Z E        +  where 400 = <Response [400 Bad Request]>.status_code
Build & Test (sonnet - cross)	Run tests with coverage	2025-07-20T03:41:55.2064165Z 
Build & Test (sonnet - cross)	Run tests with coverage	2025-07-20T03:41:55.2064278Z tests/test_synthesis_agents.py:315: AssertionError
Build & Test (sonnet - cross)	Run tests with coverage	2025-07-20T03:41:55.2064574Z ================================ tests coverage ================================
Build & Test (sonnet - cross)	Run tests with coverage	2025-07-20T03:41:55.2064921Z _______________ coverage: platform linux, python 3.12.11-final-0 _______________
Build & Test (sonnet - cross)	Run tests with coverage	2025-07-20T03:41:55.2065170Z 
Build & Test (sonnet - cross)	Run tests with coverage	2025-07-20T03:41:55.2065253Z Coverage HTML written to dir htmlcov
Build & Test (sonnet - cross)	Run tests with coverage	2025-07-20T03:41:55.2065505Z Coverage XML written to file coverage.xml
Build & Test (sonnet - cross)	Run tests with coverage	2025-07-20T03:41:55.2065776Z =========================== short test summary info ============================
Build & Test (sonnet - cross)	Run tests with coverage	2025-07-20T03:41:55.2066554Z FAILED tests/test_synthesis_agents.py::TestKnowledgeGraph::test_identify_consensus - AttributeError: type object 'ResearchPerspective' has no attribute 'SONNET'
Build & Test (sonnet - cross)	Run tests with coverage	2025-07-20T03:41:55.2067816Z FAILED tests/test_synthesis_agents.py::TestKnowledgeGraph::test_identify_divergences - AttributeError: type object 'ResearchPerspective' has no attribute 'SONNET'
Build & Test (sonnet - cross)	Run tests with coverage	2025-07-20T03:41:55.2068659Z FAILED tests/test_synthesis_agents.py::TestFastAPIEndpoints::test_execute_phase_endpoint - assert 400 == 200
Build & Test (sonnet - cross)	Run tests with coverage	2025-07-20T03:41:55.2069148Z  +  where 400 = <Response [400 Bad Request]>.status_code
Build & Test (sonnet - cross)	Run tests with coverage	2025-07-20T03:41:55.2069514Z ======================== 3 failed, 18 passed in 17.72s =========================
Build & Test (sonnet - cross)	Run tests with coverage	2025-07-20T03:41:55.2901950Z ##[error]Process completed with exit code 1.
Build & Test (opus - baseline)	Run tests with coverage	∩╗┐2025-07-20T03:41:38.1208681Z ##[group]Run pytest tests/ -v --cov=src --cov-report=xml --cov-report=html
Build & Test (opus - baseline)	Run tests with coverage	2025-07-20T03:41:38.1209574Z [36;1mpytest tests/ -v --cov=src --cov-report=xml --cov-report=html[0m
Build & Test (opus - baseline)	Run tests with coverage	2025-07-20T03:41:38.1245154Z shell: /usr/bin/bash -e {0}
Build & Test (opus - baseline)	Run tests with coverage	2025-07-20T03:41:38.1245774Z env:
Build & Test (opus - baseline)	Run tests with coverage	2025-07-20T03:41:38.1246110Z   PYTHON_VERSION: 3.11
Build & Test (opus - baseline)	Run tests with coverage	2025-07-20T03:41:38.1246515Z   DOCKER_REGISTRY: ghcr.io
Build & Test (opus - baseline)	Run tests with coverage	2025-07-20T03:41:38.1246961Z   IMAGE_NAME: LiamKujawski/MCP
Build & Test (opus - baseline)	Run tests with coverage	2025-07-20T03:41:38.1247536Z   pythonLocation: /opt/hostedtoolcache/Python/3.12.11/x64
Build & Test (opus - baseline)	Run tests with coverage	2025-07-20T03:41:38.1248377Z   PKG_CONFIG_PATH: /opt/hostedtoolcache/Python/3.12.11/x64/lib/pkgconfig
Build & Test (opus - baseline)	Run tests with coverage	2025-07-20T03:41:38.1249189Z   Python_ROOT_DIR: /opt/hostedtoolcache/Python/3.12.11/x64
Build & Test (opus - baseline)	Run tests with coverage	2025-07-20T03:41:38.1249914Z   Python2_ROOT_DIR: /opt/hostedtoolcache/Python/3.12.11/x64
Build & Test (opus - baseline)	Run tests with coverage	2025-07-20T03:41:38.1250640Z   Python3_ROOT_DIR: /opt/hostedtoolcache/Python/3.12.11/x64
Build & Test (opus - baseline)	Run tests with coverage	2025-07-20T03:41:38.1251370Z   LD_LIBRARY_PATH: /opt/hostedtoolcache/Python/3.12.11/x64/lib
Build & Test (opus - baseline)	Run tests with coverage	2025-07-20T03:41:38.1251982Z   MODEL_TYPE: opus
Build & Test (opus - baseline)	Run tests with coverage	2025-07-20T03:41:38.1252554Z   PROMPT_TYPE: baseline
Build & Test (opus - baseline)	Run tests with coverage	2025-07-20T03:41:38.1252961Z ##[endgroup]
Build & Test (opus - baseline)	Run tests with coverage	2025-07-20T03:41:39.3108224Z ============================= test session starts ==============================
Build & Test (opus - baseline)	Run tests with coverage	2025-07-20T03:41:39.3110824Z platform linux -- Python 3.12.11, pytest-8.4.1, pluggy-1.6.0 -- /opt/hostedtoolcache/Python/3.12.11/x64/bin/python
Build & Test (opus - baseline)	Run tests with coverage	2025-07-20T03:41:39.3112033Z cachedir: .pytest_cache
Build & Test (opus - baseline)	Run tests with coverage	2025-07-20T03:41:39.3112918Z rootdir: /home/runner/work/MCP/MCP
Build & Test (opus - baseline)	Run tests with coverage	2025-07-20T03:41:39.3113544Z configfile: pytest.ini
Build & Test (opus - baseline)	Run tests with coverage	2025-07-20T03:41:39.3114115Z plugins: cov-6.2.1, asyncio-1.1.0, anyio-4.9.0
Build & Test (opus - baseline)	Run tests with coverage	2025-07-20T03:41:39.3115377Z asyncio: mode=Mode.STRICT, asyncio_default_fixture_loop_scope=None, asyncio_default_test_loop_scope=function
Build & Test (opus - baseline)	Run tests with coverage	2025-07-20T03:41:40.9146813Z collecting ... collected 21 items
Build & Test (opus - baseline)	Run tests with coverage	2025-07-20T03:41:40.9147424Z 
Build & Test (opus - baseline)	Run tests with coverage	2025-07-20T03:41:40.9179014Z tests/integration/test_api_integration.py::test_environment PASSED       [  4%]
Build & Test (opus - baseline)	Run tests with coverage	2025-07-20T03:41:40.9193397Z tests/integration/test_api_integration.py::test_smoke_integration PASSED [  9%]
Build & Test (opus - baseline)	Run tests with coverage	2025-07-20T03:41:40.9204620Z tests/test_smoke.py::test_smoke PASSED                                   [ 14%]
Build & Test (opus - baseline)	Run tests with coverage	2025-07-20T03:41:40.9217825Z tests/test_smoke.py::test_imports PASSED                                 [ 19%]
Build & Test (opus - baseline)	Run tests with coverage	2025-07-20T03:41:40.9230393Z tests/test_synthesis_agents.py::TestKnowledgeGraph::test_add_insight PASSED [ 23%]
Build & Test (opus - baseline)	Run tests with coverage	2025-07-20T03:41:40.9682514Z tests/test_synthesis_agents.py::TestKnowledgeGraph::test_identify_consensus FAILED [ 28%]
Build & Test (opus - baseline)	Run tests with coverage	2025-07-20T03:41:40.9775024Z tests/test_synthesis_agents.py::TestKnowledgeGraph::test_identify_divergences FAILED [ 33%]
Build & Test (opus - baseline)	Run tests with coverage	2025-07-20T03:41:43.9981770Z tests/test_synthesis_agents.py::TestResearchDigestionAgent::test_execute PASSED [ 38%]
Build & Test (opus - baseline)	Run tests with coverage	2025-07-20T03:41:44.1017450Z tests/test_synthesis_agents.py::TestResearchDigestionAgent::test_process_research_file PASSED [ 42%]
Build & Test (opus - baseline)	Run tests with coverage	2025-07-20T03:41:44.2065065Z tests/test_synthesis_agents.py::TestSynthesisReportAgent::test_execute_success PASSED [ 47%]
Build & Test (opus - baseline)	Run tests with coverage	2025-07-20T03:41:44.2104028Z tests/test_synthesis_agents.py::TestSynthesisReportAgent::test_execute_no_knowledge_graph PASSED [ 52%]
Build & Test (opus - baseline)	Run tests with coverage	2025-07-20T03:41:44.3146768Z tests/test_synthesis_agents.py::TestImplementationPlanAgent::test_execute PASSED [ 57%]
Build & Test (opus - baseline)	Run tests with coverage	2025-07-20T03:41:47.5359613Z tests/test_synthesis_agents.py::Test╬úBuilderOrchestrator::test_execute_workflow PASSED [ 61%]
Build & Test (opus - baseline)	Run tests with coverage	2025-07-20T03:41:50.7566991Z tests/test_synthesis_agents.py::TestProcessSigmaBuilderRequest::test_process_full_workflow PASSED [ 66%]
Build & Test (opus - baseline)	Run tests with coverage	2025-07-20T03:41:53.7741263Z tests/test_synthesis_agents.py::TestProcessSigmaBuilderRequest::test_process_specific_phase PASSED [ 71%]
Build & Test (opus - baseline)	Run tests with coverage	2025-07-20T03:41:53.7771766Z tests/test_synthesis_agents.py::TestProcessSigmaBuilderRequest::test_process_error_handling PASSED [ 76%]
Build & Test (opus - baseline)	Run tests with coverage	2025-07-20T03:41:53.8603807Z tests/test_synthesis_agents.py::TestFastAPIEndpoints::test_root_endpoint PASSED [ 80%]
Build & Test (opus - baseline)	Run tests with coverage	2025-07-20T03:41:53.8647686Z tests/test_synthesis_agents.py::TestFastAPIEndpoints::test_health_endpoint PASSED [ 85%]
Build & Test (opus - baseline)	Run tests with coverage	2025-07-20T03:41:53.8690460Z tests/test_synthesis_agents.py::TestFastAPIEndpoints::test_list_agents_endpoint PASSED [ 90%]
Build & Test (opus - baseline)	Run tests with coverage	2025-07-20T03:41:53.8766743Z tests/test_synthesis_agents.py::TestFastAPIEndpoints::test_start_workflow_endpoint PASSED [ 95%]
Build & Test (opus - baseline)	Run tests with coverage	2025-07-20T03:41:57.1757516Z tests/test_synthesis_agents.py::TestFastAPIEndpoints::test_execute_phase_endpoint FAILED [100%]
Build & Test (opus - baseline)	Run tests with coverage	2025-07-20T03:41:57.1759641Z 
Build & Test (opus - baseline)	Run tests with coverage	2025-07-20T03:41:57.1760033Z =================================== FAILURES ===================================
Build & Test (opus - baseline)	Run tests with coverage	2025-07-20T03:41:57.1761761Z __________________ TestKnowledgeGraph.test_identify_consensus __________________
Build & Test (opus - baseline)	Run tests with coverage	2025-07-20T03:41:57.1766166Z 
Build & Test (opus - baseline)	Run tests with coverage	2025-07-20T03:41:57.1766749Z self = <tests.test_synthesis_agents.TestKnowledgeGraph object at 0x7f1bc42a57c0>
Build & Test (opus - baseline)	Run tests with coverage	2025-07-20T03:41:57.1767501Z 
Build & Test (opus - baseline)	Run tests with coverage	2025-07-20T03:41:57.1767769Z     def test_identify_consensus(self):
Build & Test (opus - baseline)	Run tests with coverage	2025-07-20T03:41:57.1768650Z         """Test consensus pattern identification"""
Build & Test (opus - baseline)	Run tests with coverage	2025-07-20T03:41:57.1769232Z         graph = KnowledgeGraph()
Build & Test (opus - baseline)	Run tests with coverage	2025-07-20T03:41:57.1769668Z     
Build & Test (opus - baseline)	Run tests with coverage	2025-07-20T03:41:57.1770114Z         # Add insights from multiple perspectives on same type
Build & Test (opus - baseline)	Run tests with coverage	2025-07-20T03:41:57.1771114Z >       for i, perspective in enumerate([ResearchPerspective.O3, ResearchPerspective.SONNET]):
Build & Test (opus - baseline)	Run tests with coverage	2025-07-20T03:41:57.1772023Z                                                                  ^^^^^^^^^^^^^^^^^^^^^^^^^^
Build & Test (opus - baseline)	Run tests with coverage	2025-07-20T03:41:57.1773106Z E       AttributeError: type object 'ResearchPerspective' has no attribute 'SONNET'
Build & Test (opus - baseline)	Run tests with coverage	2025-07-20T03:41:57.1773738Z 
Build & Test (opus - baseline)	Run tests with coverage	2025-07-20T03:41:57.1774000Z tests/test_synthesis_agents.py:58: AttributeError
Build & Test (opus - baseline)	Run tests with coverage	2025-07-20T03:41:57.1774804Z _________________ TestKnowledgeGraph.test_identify_divergences _________________
Build & Test (opus - baseline)	Run tests with coverage	2025-07-20T03:41:57.1775405Z 
Build & Test (opus - baseline)	Run tests with coverage	2025-07-20T03:41:57.1775860Z self = <tests.test_synthesis_agents.TestKnowledgeGraph object at 0x7f1bc42a5c70>
Build & Test (opus - baseline)	Run tests with coverage	2025-07-20T03:41:57.1776669Z 
Build & Test (opus - baseline)	Run tests with coverage	2025-07-20T03:41:57.1776905Z     def test_identify_divergences(self):
Build & Test (opus - baseline)	Run tests with coverage	2025-07-20T03:41:57.1777387Z         """Test divergence identification"""
Build & Test (opus - baseline)	Run tests with coverage	2025-07-20T03:41:57.1777853Z         graph = KnowledgeGraph()
Build & Test (opus - baseline)	Run tests with coverage	2025-07-20T03:41:57.1778225Z     
Build & Test (opus - baseline)	Run tests with coverage	2025-07-20T03:41:57.1778528Z         # Add unique insight for O3
Build & Test (opus - baseline)	Run tests with coverage	2025-07-20T03:41:57.1778952Z         insight1 = ResearchInsight(
Build & Test (opus - baseline)	Run tests with coverage	2025-07-20T03:41:57.1779354Z             id="o3_unique",
Build & Test (opus - baseline)	Run tests with coverage	2025-07-20T03:41:57.1779711Z             source_file="o3.md",
Build & Test (opus - baseline)	Run tests with coverage	2025-07-20T03:41:57.1780153Z             perspective=ResearchPerspective.O3,
Build & Test (opus - baseline)	Run tests with coverage	2025-07-20T03:41:57.1780684Z             type=InsightType.SAFETY,
Build & Test (opus - baseline)	Run tests with coverage	2025-07-20T03:41:57.1781126Z             content="O3 unique safety insight"
Build & Test (opus - baseline)	Run tests with coverage	2025-07-20T03:41:57.1781549Z         )
Build & Test (opus - baseline)	Run tests with coverage	2025-07-20T03:41:57.1781811Z     
Build & Test (opus - baseline)	Run tests with coverage	2025-07-20T03:41:57.1782113Z         # Add different insight for Sonnet
Build & Test (opus - baseline)	Run tests with coverage	2025-07-20T03:41:57.1782810Z         insight2 = ResearchInsight(
Build & Test (opus - baseline)	Run tests with coverage	2025-07-20T03:41:57.1783234Z             id="sonnet_unique",
Build & Test (opus - baseline)	Run tests with coverage	2025-07-20T03:41:57.1783628Z             source_file="sonnet.md",
Build & Test (opus - baseline)	Run tests with coverage	2025-07-20T03:41:57.1784087Z >           perspective=ResearchPerspective.SONNET,
Build & Test (opus - baseline)	Run tests with coverage	2025-07-20T03:41:57.1784579Z                         ^^^^^^^^^^^^^^^^^^^^^^^^^^
Build & Test (opus - baseline)	Run tests with coverage	2025-07-20T03:41:57.1785042Z             type=InsightType.PERFORMANCE,
Build & Test (opus - baseline)	Run tests with coverage	2025-07-20T03:41:57.1785571Z             content="Sonnet unique performance insight"
Build & Test (opus - baseline)	Run tests with coverage	2025-07-20T03:41:57.1786028Z         )
Build & Test (opus - baseline)	Run tests with coverage	2025-07-20T03:41:57.1786560Z E       AttributeError: type object 'ResearchPerspective' has no attribute 'SONNET'
Build & Test (opus - baseline)	Run tests with coverage	2025-07-20T03:41:57.1787114Z 
Build & Test (opus - baseline)	Run tests with coverage	2025-07-20T03:41:57.1787326Z tests/test_synthesis_agents.py:91: AttributeError
Build & Test (opus - baseline)	Run tests with coverage	2025-07-20T03:41:57.1788026Z _______________ TestFastAPIEndpoints.test_execute_phase_endpoint _______________
Build & Test (opus - baseline)	Run tests with coverage	2025-07-20T03:41:57.1788546Z 
Build & Test (opus - baseline)	Run tests with coverage	2025-07-20T03:41:57.1788943Z self = <tests.test_synthesis_agents.TestFastAPIEndpoints object at 0x7f1bc42a66c0>
Build & Test (opus - baseline)	Run tests with coverage	2025-07-20T03:41:57.1789797Z client = <starlette.testclient.TestClient object at 0x7f1bc41448f0>
Build & Test (opus - baseline)	Run tests with coverage	2025-07-20T03:41:57.1790280Z 
Build & Test (opus - baseline)	Run tests with coverage	2025-07-20T03:41:57.1790468Z     def test_execute_phase_endpoint(self, client):
Build & Test (opus - baseline)	Run tests with coverage	2025-07-20T03:41:57.1790970Z         """Test phase execution endpoint"""
Build & Test (opus - baseline)	Run tests with coverage	2025-07-20T03:41:57.1791421Z         request_data = {
Build & Test (opus - baseline)	Run tests with coverage	2025-07-20T03:41:57.1792441Z             "phase": ╬úBuilderPhase.RESEARCH_DIGESTION.value,
Build & Test (opus - baseline)	Run tests with coverage	2025-07-20T03:41:57.1793276Z             "context": {}
Build & Test (opus - baseline)	Run tests with coverage	2025-07-20T03:41:57.1793621Z         }
Build & Test (opus - baseline)	Run tests with coverage	2025-07-20T03:41:57.1793890Z     
Build & Test (opus - baseline)	Run tests with coverage	2025-07-20T03:41:57.1794291Z         with patch.object(Path, "exists", return_value=True):
Build & Test (opus - baseline)	Run tests with coverage	2025-07-20T03:41:57.1795120Z             response = client.post("/phase/execute", json=request_data)
Build & Test (opus - baseline)	Run tests with coverage	2025-07-20T03:41:57.1795689Z     
Build & Test (opus - baseline)	Run tests with coverage	2025-07-20T03:41:57.1795992Z >       assert response.status_code == 200
Build & Test (opus - baseline)	Run tests with coverage	2025-07-20T03:41:57.1796444Z E       assert 400 == 200
Build & Test (opus - baseline)	Run tests with coverage	2025-07-20T03:41:57.1796889Z E        +  where 400 = <Response [400 Bad Request]>.status_code
Build & Test (opus - baseline)	Run tests with coverage	2025-07-20T03:41:57.1797229Z 
Build & Test (opus - baseline)	Run tests with coverage	2025-07-20T03:41:57.1797414Z tests/test_synthesis_agents.py:315: AssertionError
Build & Test (opus - baseline)	Run tests with coverage	2025-07-20T03:41:57.1797925Z ================================ tests coverage ================================
Build & Test (opus - baseline)	Run tests with coverage	2025-07-20T03:41:57.1798529Z _______________ coverage: platform linux, python 3.12.11-final-0 _______________
Build & Test (opus - baseline)	Run tests with coverage	2025-07-20T03:41:57.1798968Z 
Build & Test (opus - baseline)	Run tests with coverage	2025-07-20T03:41:57.1799099Z Coverage HTML written to dir htmlcov
Build & Test (opus - baseline)	Run tests with coverage	2025-07-20T03:41:57.1799508Z Coverage XML written to file coverage.xml
Build & Test (opus - baseline)	Run tests with coverage	2025-07-20T03:41:57.1799982Z =========================== short test summary info ============================
Build & Test (opus - baseline)	Run tests with coverage	2025-07-20T03:41:57.1801651Z FAILED tests/test_synthesis_agents.py::TestKnowledgeGraph::test_identify_consensus - AttributeError: type object 'ResearchPerspective' has no attribute 'SONNET'
Build & Test (opus - baseline)	Run tests with coverage	2025-07-20T03:41:57.1804894Z FAILED tests/test_synthesis_agents.py::TestKnowledgeGraph::test_identify_divergences - AttributeError: type object 'ResearchPerspective' has no attribute 'SONNET'
Build & Test (opus - baseline)	Run tests with coverage	2025-07-20T03:41:57.1807501Z FAILED tests/test_synthesis_agents.py::TestFastAPIEndpoints::test_execute_phase_endpoint - assert 400 == 200
Build & Test (opus - baseline)	Run tests with coverage	2025-07-20T03:41:57.1809199Z  +  where 400 = <Response [400 Bad Request]>.status_code
Build & Test (opus - baseline)	Run tests with coverage	2025-07-20T03:41:57.1810211Z ======================== 3 failed, 18 passed in 17.77s =========================
Build & Test (opus - baseline)	Run tests with coverage	2025-07-20T03:41:57.3041927Z ##[error]Process completed with exit code 1.
Build & Test (opus - cross)	Run tests with coverage	∩╗┐2025-07-20T03:41:36.2339837Z ##[group]Run pytest tests/ -v --cov=src --cov-report=xml --cov-report=html
Build & Test (opus - cross)	Run tests with coverage	2025-07-20T03:41:36.2340368Z [36;1mpytest tests/ -v --cov=src --cov-report=xml --cov-report=html[0m
Build & Test (opus - cross)	Run tests with coverage	2025-07-20T03:41:36.2368804Z shell: /usr/bin/bash -e {0}
Build & Test (opus - cross)	Run tests with coverage	2025-07-20T03:41:36.2369187Z env:
Build & Test (opus - cross)	Run tests with coverage	2025-07-20T03:41:36.2369356Z   PYTHON_VERSION: 3.11
Build & Test (opus - cross)	Run tests with coverage	2025-07-20T03:41:36.2369561Z   DOCKER_REGISTRY: ghcr.io
Build & Test (opus - cross)	Run tests with coverage	2025-07-20T03:41:36.2369772Z   IMAGE_NAME: LiamKujawski/MCP
Build & Test (opus - cross)	Run tests with coverage	2025-07-20T03:41:36.2370051Z   pythonLocation: /opt/hostedtoolcache/Python/3.12.11/x64
Build & Test (opus - cross)	Run tests with coverage	2025-07-20T03:41:36.2370453Z   PKG_CONFIG_PATH: /opt/hostedtoolcache/Python/3.12.11/x64/lib/pkgconfig
Build & Test (opus - cross)	Run tests with coverage	2025-07-20T03:41:36.2370836Z   Python_ROOT_DIR: /opt/hostedtoolcache/Python/3.12.11/x64
Build & Test (opus - cross)	Run tests with coverage	2025-07-20T03:41:36.2371177Z   Python2_ROOT_DIR: /opt/hostedtoolcache/Python/3.12.11/x64
Build & Test (opus - cross)	Run tests with coverage	2025-07-20T03:41:36.2371508Z   Python3_ROOT_DIR: /opt/hostedtoolcache/Python/3.12.11/x64
Build & Test (opus - cross)	Run tests with coverage	2025-07-20T03:41:36.2371850Z   LD_LIBRARY_PATH: /opt/hostedtoolcache/Python/3.12.11/x64/lib
Build & Test (opus - cross)	Run tests with coverage	2025-07-20T03:41:36.2372269Z   MODEL_TYPE: opus
Build & Test (opus - cross)	Run tests with coverage	2025-07-20T03:41:36.2372501Z   PROMPT_TYPE: cross
Build & Test (opus - cross)	Run tests with coverage	2025-07-20T03:41:36.2372698Z ##[endgroup]
Build & Test (opus - cross)	Run tests with coverage	2025-07-20T03:41:37.3326408Z ============================= test session starts ==============================
Build & Test (opus - cross)	Run tests with coverage	2025-07-20T03:41:37.3327163Z platform linux -- Python 3.12.11, pytest-8.4.1, pluggy-1.6.0 -- /opt/hostedtoolcache/Python/3.12.11/x64/bin/python
Build & Test (opus - cross)	Run tests with coverage	2025-07-20T03:41:37.3327717Z cachedir: .pytest_cache
Build & Test (opus - cross)	Run tests with coverage	2025-07-20T03:41:37.3327983Z rootdir: /home/runner/work/MCP/MCP
Build & Test (opus - cross)	Run tests with coverage	2025-07-20T03:41:37.3328276Z configfile: pytest.ini
Build & Test (opus - cross)	Run tests with coverage	2025-07-20T03:41:37.3328555Z plugins: cov-6.2.1, asyncio-1.1.0, anyio-4.9.0
Build & Test (opus - cross)	Run tests with coverage	2025-07-20T03:41:37.3329143Z asyncio: mode=Mode.STRICT, asyncio_default_fixture_loop_scope=None, asyncio_default_test_loop_scope=function
Build & Test (opus - cross)	Run tests with coverage	2025-07-20T03:41:38.9178284Z collecting ... collected 21 items
Build & Test (opus - cross)	Run tests with coverage	2025-07-20T03:41:38.9178974Z 
Build & Test (opus - cross)	Run tests with coverage	2025-07-20T03:41:38.9209302Z tests/integration/test_api_integration.py::test_environment PASSED       [  4%]
Build & Test (opus - cross)	Run tests with coverage	2025-07-20T03:41:38.9224325Z tests/integration/test_api_integration.py::test_smoke_integration PASSED [  9%]
Build & Test (opus - cross)	Run tests with coverage	2025-07-20T03:41:38.9236257Z tests/test_smoke.py::test_smoke PASSED                                   [ 14%]
Build & Test (opus - cross)	Run tests with coverage	2025-07-20T03:41:38.9249869Z tests/test_smoke.py::test_imports PASSED                                 [ 19%]
Build & Test (opus - cross)	Run tests with coverage	2025-07-20T03:41:38.9262640Z tests/test_synthesis_agents.py::TestKnowledgeGraph::test_add_insight PASSED [ 23%]
Build & Test (opus - cross)	Run tests with coverage	2025-07-20T03:41:38.9720791Z tests/test_synthesis_agents.py::TestKnowledgeGraph::test_identify_consensus FAILED [ 28%]
Build & Test (opus - cross)	Run tests with coverage	2025-07-20T03:41:38.9819909Z tests/test_synthesis_agents.py::TestKnowledgeGraph::test_identify_divergences FAILED [ 33%]
Build & Test (opus - cross)	Run tests with coverage	2025-07-20T03:41:42.0025950Z tests/test_synthesis_agents.py::TestResearchDigestionAgent::test_execute PASSED [ 38%]
Build & Test (opus - cross)	Run tests with coverage	2025-07-20T03:41:42.1055856Z tests/test_synthesis_agents.py::TestResearchDigestionAgent::test_process_research_file PASSED [ 42%]
Build & Test (opus - cross)	Run tests with coverage	2025-07-20T03:41:42.2097594Z tests/test_synthesis_agents.py::TestSynthesisReportAgent::test_execute_success PASSED [ 47%]
Build & Test (opus - cross)	Run tests with coverage	2025-07-20T03:41:42.2130314Z tests/test_synthesis_agents.py::TestSynthesisReportAgent::test_execute_no_knowledge_graph PASSED [ 52%]
Build & Test (opus - cross)	Run tests with coverage	2025-07-20T03:41:42.3171079Z tests/test_synthesis_agents.py::TestImplementationPlanAgent::test_execute PASSED [ 57%]
Build & Test (opus - cross)	Run tests with coverage	2025-07-20T03:41:45.5378232Z tests/test_synthesis_agents.py::Test╬úBuilderOrchestrator::test_execute_workflow PASSED [ 61%]
Build & Test (opus - cross)	Run tests with coverage	2025-07-20T03:41:48.7581691Z tests/test_synthesis_agents.py::TestProcessSigmaBuilderRequest::test_process_full_workflow PASSED [ 66%]
Build & Test (opus - cross)	Run tests with coverage	2025-07-20T03:41:51.7773689Z tests/test_synthesis_agents.py::TestProcessSigmaBuilderRequest::test_process_specific_phase PASSED [ 71%]
Build & Test (opus - cross)	Run tests with coverage	2025-07-20T03:41:51.7796427Z tests/test_synthesis_agents.py::TestProcessSigmaBuilderRequest::test_process_error_handling PASSED [ 76%]
Build & Test (opus - cross)	Run tests with coverage	2025-07-20T03:41:51.8568552Z tests/test_synthesis_agents.py::TestFastAPIEndpoints::test_root_endpoint PASSED [ 80%]
Build & Test (opus - cross)	Run tests with coverage	2025-07-20T03:41:51.8609671Z tests/test_synthesis_agents.py::TestFastAPIEndpoints::test_health_endpoint PASSED [ 85%]
Build & Test (opus - cross)	Run tests with coverage	2025-07-20T03:41:51.8650022Z tests/test_synthesis_agents.py::TestFastAPIEndpoints::test_list_agents_endpoint PASSED [ 90%]
Build & Test (opus - cross)	Run tests with coverage	2025-07-20T03:41:51.8725327Z tests/test_synthesis_agents.py::TestFastAPIEndpoints::test_start_workflow_endpoint PASSED [ 95%]
Build & Test (opus - cross)	Run tests with coverage	2025-07-20T03:41:55.1726274Z tests/test_synthesis_agents.py::TestFastAPIEndpoints::test_execute_phase_endpoint FAILED [100%]
Build & Test (opus - cross)	Run tests with coverage	2025-07-20T03:41:55.1727542Z 
Build & Test (opus - cross)	Run tests with coverage	2025-07-20T03:41:55.1727765Z =================================== FAILURES ===================================
Build & Test (opus - cross)	Run tests with coverage	2025-07-20T03:41:55.1728553Z __________________ TestKnowledgeGraph.test_identify_consensus __________________
Build & Test (opus - cross)	Run tests with coverage	2025-07-20T03:41:55.1729017Z 
Build & Test (opus - cross)	Run tests with coverage	2025-07-20T03:41:55.1729395Z self = <tests.test_synthesis_agents.TestKnowledgeGraph object at 0x7fa8affb1a60>
Build & Test (opus - cross)	Run tests with coverage	2025-07-20T03:41:55.1729875Z 
Build & Test (opus - cross)	Run tests with coverage	2025-07-20T03:41:55.1730032Z     def test_identify_consensus(self):
Build & Test (opus - cross)	Run tests with coverage	2025-07-20T03:41:55.1730333Z         """Test consensus pattern identification"""
Build & Test (opus - cross)	Run tests with coverage	2025-07-20T03:41:55.1730610Z         graph = KnowledgeGraph()
Build & Test (opus - cross)	Run tests with coverage	2025-07-20T03:41:55.1730824Z     
Build & Test (opus - cross)	Run tests with coverage	2025-07-20T03:41:55.1731036Z         # Add insights from multiple perspectives on same type
Build & Test (opus - cross)	Run tests with coverage	2025-07-20T03:41:55.1731504Z >       for i, perspective in enumerate([ResearchPerspective.O3, ResearchPerspective.SONNET]):
Build & Test (opus - cross)	Run tests with coverage	2025-07-20T03:41:55.1732224Z                                                                  ^^^^^^^^^^^^^^^^^^^^^^^^^^
Build & Test (opus - cross)	Run tests with coverage	2025-07-20T03:41:55.1732692Z E       AttributeError: type object 'ResearchPerspective' has no attribute 'SONNET'
Build & Test (opus - cross)	Run tests with coverage	2025-07-20T03:41:55.1732983Z 
Build & Test (opus - cross)	Run tests with coverage	2025-07-20T03:41:55.1733105Z tests/test_synthesis_agents.py:58: AttributeError
Build & Test (opus - cross)	Run tests with coverage	2025-07-20T03:41:55.1733472Z _________________ TestKnowledgeGraph.test_identify_divergences _________________
Build & Test (opus - cross)	Run tests with coverage	2025-07-20T03:41:55.1733746Z 
Build & Test (opus - cross)	Run tests with coverage	2025-07-20T03:41:55.1733941Z self = <tests.test_synthesis_agents.TestKnowledgeGraph object at 0x7fa8affb1bb0>
Build & Test (opus - cross)	Run tests with coverage	2025-07-20T03:41:55.1734230Z 
Build & Test (opus - cross)	Run tests with coverage	2025-07-20T03:41:55.1734330Z     def test_identify_divergences(self):
Build & Test (opus - cross)	Run tests with coverage	2025-07-20T03:41:55.1734590Z         """Test divergence identification"""
Build & Test (opus - cross)	Run tests with coverage	2025-07-20T03:41:55.1734850Z         graph = KnowledgeGraph()
Build & Test (opus - cross)	Run tests with coverage	2025-07-20T03:41:55.1735056Z     
Build & Test (opus - cross)	Run tests with coverage	2025-07-20T03:41:55.1735226Z         # Add unique insight for O3
Build & Test (opus - cross)	Run tests with coverage	2025-07-20T03:41:55.1735459Z         insight1 = ResearchInsight(
Build & Test (opus - cross)	Run tests with coverage	2025-07-20T03:41:55.1735680Z             id="o3_unique",
Build & Test (opus - cross)	Run tests with coverage	2025-07-20T03:41:55.1735877Z             source_file="o3.md",
Build & Test (opus - cross)	Run tests with coverage	2025-07-20T03:41:55.1736122Z             perspective=ResearchPerspective.O3,
Build & Test (opus - cross)	Run tests with coverage	2025-07-20T03:41:55.1736386Z             type=InsightType.SAFETY,
Build & Test (opus - cross)	Run tests with coverage	2025-07-20T03:41:55.1736633Z             content="O3 unique safety insight"
Build & Test (opus - cross)	Run tests with coverage	2025-07-20T03:41:55.1736865Z         )
Build & Test (opus - cross)	Run tests with coverage	2025-07-20T03:41:55.1737010Z     
Build & Test (opus - cross)	Run tests with coverage	2025-07-20T03:41:55.1737178Z         # Add different insight for Sonnet
Build & Test (opus - cross)	Run tests with coverage	2025-07-20T03:41:55.1737420Z         insight2 = ResearchInsight(
Build & Test (opus - cross)	Run tests with coverage	2025-07-20T03:41:55.1737647Z             id="sonnet_unique",
Build & Test (opus - cross)	Run tests with coverage	2025-07-20T03:41:55.1737862Z             source_file="sonnet.md",
Build & Test (opus - cross)	Run tests with coverage	2025-07-20T03:41:55.1738120Z >           perspective=ResearchPerspective.SONNET,
Build & Test (opus - cross)	Run tests with coverage	2025-07-20T03:41:55.1738379Z                         ^^^^^^^^^^^^^^^^^^^^^^^^^^
Build & Test (opus - cross)	Run tests with coverage	2025-07-20T03:41:55.1738637Z             type=InsightType.PERFORMANCE,
Build & Test (opus - cross)	Run tests with coverage	2025-07-20T03:41:55.1738924Z             content="Sonnet unique performance insight"
Build & Test (opus - cross)	Run tests with coverage	2025-07-20T03:41:55.1739172Z         )
Build & Test (opus - cross)	Run tests with coverage	2025-07-20T03:41:55.1739456Z E       AttributeError: type object 'ResearchPerspective' has no attribute 'SONNET'
Build & Test (opus - cross)	Run tests with coverage	2025-07-20T03:41:55.1739751Z 
Build & Test (opus - cross)	Run tests with coverage	2025-07-20T03:41:55.1739862Z tests/test_synthesis_agents.py:91: AttributeError
Build & Test (opus - cross)	Run tests with coverage	2025-07-20T03:41:55.1740225Z _______________ TestFastAPIEndpoints.test_execute_phase_endpoint _______________
Build & Test (opus - cross)	Run tests with coverage	2025-07-20T03:41:55.1740489Z 
Build & Test (opus - cross)	Run tests with coverage	2025-07-20T03:41:55.1740694Z self = <tests.test_synthesis_agents.TestFastAPIEndpoints object at 0x7fa8affb2510>
Build & Test (opus - cross)	Run tests with coverage	2025-07-20T03:41:55.1741135Z client = <starlette.testclient.TestClient object at 0x7fa8afe513a0>
Build & Test (opus - cross)	Run tests with coverage	2025-07-20T03:41:55.1741379Z 
Build & Test (opus - cross)	Run tests with coverage	2025-07-20T03:41:55.1741487Z     def test_execute_phase_endpoint(self, client):
Build & Test (opus - cross)	Run tests with coverage	2025-07-20T03:41:55.1741750Z         """Test phase execution endpoint"""
Build & Test (opus - cross)	Run tests with coverage	2025-07-20T03:41:55.1742172Z         request_data = {
Build & Test (opus - cross)	Run tests with coverage	2025-07-20T03:41:55.1742654Z             "phase": ╬úBuilderPhase.RESEARCH_DIGESTION.value,
Build & Test (opus - cross)	Run tests with coverage	2025-07-20T03:41:55.1743131Z             "context": {}
Build & Test (opus - cross)	Run tests with coverage	2025-07-20T03:41:55.1743310Z         }
Build & Test (opus - cross)	Run tests with coverage	2025-07-20T03:41:55.1743463Z     
Build & Test (opus - cross)	Run tests with coverage	2025-07-20T03:41:55.1743671Z         with patch.object(Path, "exists", return_value=True):
Build & Test (opus - cross)	Run tests with coverage	2025-07-20T03:41:55.1744140Z             response = client.post("/phase/execute", json=request_data)
Build & Test (opus - cross)	Run tests with coverage	2025-07-20T03:41:55.1744433Z     
Build & Test (opus - cross)	Run tests with coverage	2025-07-20T03:41:55.1744598Z >       assert response.status_code == 200
Build & Test (opus - cross)	Run tests with coverage	2025-07-20T03:41:55.1744836Z E       assert 400 == 200
Build & Test (opus - cross)	Run tests with coverage	2025-07-20T03:41:55.1745065Z E        +  where 400 = <Response [400 Bad Request]>.status_code
Build & Test (opus - cross)	Run tests with coverage	2025-07-20T03:41:55.1745270Z 
Build & Test (opus - cross)	Run tests with coverage	2025-07-20T03:41:55.1745383Z tests/test_synthesis_agents.py:315: AssertionError
Build & Test (opus - cross)	Run tests with coverage	2025-07-20T03:41:55.1745675Z ================================ tests coverage ================================
Build & Test (opus - cross)	Run tests with coverage	2025-07-20T03:41:55.1746026Z _______________ coverage: platform linux, python 3.12.11-final-0 _______________
Build & Test (opus - cross)	Run tests with coverage	2025-07-20T03:41:55.1746273Z 
Build & Test (opus - cross)	Run tests with coverage	2025-07-20T03:41:55.1746364Z Coverage HTML written to dir htmlcov
Build & Test (opus - cross)	Run tests with coverage	2025-07-20T03:41:55.1746609Z Coverage XML written to file coverage.xml
Build & Test (opus - cross)	Run tests with coverage	2025-07-20T03:41:55.1746888Z =========================== short test summary info ============================
Build & Test (opus - cross)	Run tests with coverage	2025-07-20T03:41:55.1747647Z FAILED tests/test_synthesis_agents.py::TestKnowledgeGraph::test_identify_consensus - AttributeError: type object 'ResearchPerspective' has no attribute 'SONNET'
Build & Test (opus - cross)	Run tests with coverage	2025-07-20T03:41:55.1748651Z FAILED tests/test_synthesis_agents.py::TestKnowledgeGraph::test_identify_divergences - AttributeError: type object 'ResearchPerspective' has no attribute 'SONNET'
Build & Test (opus - cross)	Run tests with coverage	2025-07-20T03:41:55.1749479Z FAILED tests/test_synthesis_agents.py::TestFastAPIEndpoints::test_execute_phase_endpoint - assert 400 == 200
Build & Test (opus - cross)	Run tests with coverage	2025-07-20T03:41:55.1749960Z  +  where 400 = <Response [400 Bad Request]>.status_code
Build & Test (opus - cross)	Run tests with coverage	2025-07-20T03:41:55.1750337Z ======================== 3 failed, 18 passed in 17.73s =========================
Build & Test (opus - cross)	Run tests with coverage	2025-07-20T03:41:55.2745979Z ##[error]Process completed with exit code 1.
Build & Test (sonnet - baseline)	Run tests with coverage	∩╗┐2025-07-20T03:41:38.7783875Z ##[group]Run pytest tests/ -v --cov=src --cov-report=xml --cov-report=html
Build & Test (sonnet - baseline)	Run tests with coverage	2025-07-20T03:41:38.7784432Z [36;1mpytest tests/ -v --cov=src --cov-report=xml --cov-report=html[0m
Build & Test (sonnet - baseline)	Run tests with coverage	2025-07-20T03:41:38.7812995Z shell: /usr/bin/bash -e {0}
Build & Test (sonnet - baseline)	Run tests with coverage	2025-07-20T03:41:38.7813402Z env:
Build & Test (sonnet - baseline)	Run tests with coverage	2025-07-20T03:41:38.7813597Z   PYTHON_VERSION: 3.11
Build & Test (sonnet - baseline)	Run tests with coverage	2025-07-20T03:41:38.7813804Z   DOCKER_REGISTRY: ghcr.io
Build & Test (sonnet - baseline)	Run tests with coverage	2025-07-20T03:41:38.7814028Z   IMAGE_NAME: LiamKujawski/MCP
Build & Test (sonnet - baseline)	Run tests with coverage	2025-07-20T03:41:38.7814320Z   pythonLocation: /opt/hostedtoolcache/Python/3.12.11/x64
Build & Test (sonnet - baseline)	Run tests with coverage	2025-07-20T03:41:38.7814727Z   PKG_CONFIG_PATH: /opt/hostedtoolcache/Python/3.12.11/x64/lib/pkgconfig
Build & Test (sonnet - baseline)	Run tests with coverage	2025-07-20T03:41:38.7815128Z   Python_ROOT_DIR: /opt/hostedtoolcache/Python/3.12.11/x64
Build & Test (sonnet - baseline)	Run tests with coverage	2025-07-20T03:41:38.7815466Z   Python2_ROOT_DIR: /opt/hostedtoolcache/Python/3.12.11/x64
Build & Test (sonnet - baseline)	Run tests with coverage	2025-07-20T03:41:38.7815816Z   Python3_ROOT_DIR: /opt/hostedtoolcache/Python/3.12.11/x64
Build & Test (sonnet - baseline)	Run tests with coverage	2025-07-20T03:41:38.7816158Z   LD_LIBRARY_PATH: /opt/hostedtoolcache/Python/3.12.11/x64/lib
Build & Test (sonnet - baseline)	Run tests with coverage	2025-07-20T03:41:38.7816441Z   MODEL_TYPE: sonnet
Build & Test (sonnet - baseline)	Run tests with coverage	2025-07-20T03:41:38.7816659Z   PROMPT_TYPE: baseline
Build & Test (sonnet - baseline)	Run tests with coverage	2025-07-20T03:41:38.7816848Z ##[endgroup]
Build & Test (sonnet - baseline)	Run tests with coverage	2025-07-20T03:41:39.9439392Z ============================= test session starts ==============================
Build & Test (sonnet - baseline)	Run tests with coverage	2025-07-20T03:41:39.9440932Z platform linux -- Python 3.12.11, pytest-8.4.1, pluggy-1.6.0 -- /opt/hostedtoolcache/Python/3.12.11/x64/bin/python
Build & Test (sonnet - baseline)	Run tests with coverage	2025-07-20T03:41:39.9441789Z cachedir: .pytest_cache
Build & Test (sonnet - baseline)	Run tests with coverage	2025-07-20T03:41:39.9442174Z rootdir: /home/runner/work/MCP/MCP
Build & Test (sonnet - baseline)	Run tests with coverage	2025-07-20T03:41:39.9442596Z configfile: pytest.ini
Build & Test (sonnet - baseline)	Run tests with coverage	2025-07-20T03:41:39.9442981Z plugins: cov-6.2.1, asyncio-1.1.0, anyio-4.9.0
Build & Test (sonnet - baseline)	Run tests with coverage	2025-07-20T03:41:39.9443808Z asyncio: mode=Mode.STRICT, asyncio_default_fixture_loop_scope=None, asyncio_default_test_loop_scope=function
Build & Test (sonnet - baseline)	Run tests with coverage	2025-07-20T03:41:41.5339046Z collecting ... collected 21 items
Build & Test (sonnet - baseline)	Run tests with coverage	2025-07-20T03:41:41.5339463Z 
Build & Test (sonnet - baseline)	Run tests with coverage	2025-07-20T03:41:41.5368150Z tests/integration/test_api_integration.py::test_environment PASSED       [  4%]
Build & Test (sonnet - baseline)	Run tests with coverage	2025-07-20T03:41:41.5382710Z tests/integration/test_api_integration.py::test_smoke_integration PASSED [  9%]
Build & Test (sonnet - baseline)	Run tests with coverage	2025-07-20T03:41:41.5393230Z tests/test_smoke.py::test_smoke PASSED                                   [ 14%]
Build & Test (sonnet - baseline)	Run tests with coverage	2025-07-20T03:41:41.5406235Z tests/test_smoke.py::test_imports PASSED                                 [ 19%]
Build & Test (sonnet - baseline)	Run tests with coverage	2025-07-20T03:41:41.5418471Z tests/test_synthesis_agents.py::TestKnowledgeGraph::test_add_insight PASSED [ 23%]
Build & Test (sonnet - baseline)	Run tests with coverage	2025-07-20T03:41:41.5871084Z tests/test_synthesis_agents.py::TestKnowledgeGraph::test_identify_consensus FAILED [ 28%]
Build & Test (sonnet - baseline)	Run tests with coverage	2025-07-20T03:41:41.5969634Z tests/test_synthesis_agents.py::TestKnowledgeGraph::test_identify_divergences FAILED [ 33%]
Build & Test (sonnet - baseline)	Run tests with coverage	2025-07-20T03:41:44.6176274Z tests/test_synthesis_agents.py::TestResearchDigestionAgent::test_execute PASSED [ 38%]
Build & Test (sonnet - baseline)	Run tests with coverage	2025-07-20T03:41:44.7205102Z tests/test_synthesis_agents.py::TestResearchDigestionAgent::test_process_research_file PASSED [ 42%]
Build & Test (sonnet - baseline)	Run tests with coverage	2025-07-20T03:41:44.8241298Z tests/test_synthesis_agents.py::TestSynthesisReportAgent::test_execute_success PASSED [ 47%]
Build & Test (sonnet - baseline)	Run tests with coverage	2025-07-20T03:41:44.8273597Z tests/test_synthesis_agents.py::TestSynthesisReportAgent::test_execute_no_knowledge_graph PASSED [ 52%]
Build & Test (sonnet - baseline)	Run tests with coverage	2025-07-20T03:41:44.9311474Z tests/test_synthesis_agents.py::TestImplementationPlanAgent::test_execute PASSED [ 57%]
Build & Test (sonnet - baseline)	Run tests with coverage	2025-07-20T03:41:48.1500585Z tests/test_synthesis_agents.py::Test╬úBuilderOrchestrator::test_execute_workflow PASSED [ 61%]
Build & Test (sonnet - baseline)	Run tests with coverage	2025-07-20T03:41:51.3694545Z tests/test_synthesis_agents.py::TestProcessSigmaBuilderRequest::test_process_full_workflow PASSED [ 66%]
Build & Test (sonnet - baseline)	Run tests with coverage	2025-07-20T03:41:54.3865287Z tests/test_synthesis_agents.py::TestProcessSigmaBuilderRequest::test_process_specific_phase PASSED [ 71%]
Build & Test (sonnet - baseline)	Run tests with coverage	2025-07-20T03:41:54.3888002Z tests/test_synthesis_agents.py::TestProcessSigmaBuilderRequest::test_process_error_handling PASSED [ 76%]
Build & Test (sonnet - baseline)	Run tests with coverage	2025-07-20T03:41:54.4631431Z tests/test_synthesis_agents.py::TestFastAPIEndpoints::test_root_endpoint PASSED [ 80%]
Build & Test (sonnet - baseline)	Run tests with coverage	2025-07-20T03:41:54.4669651Z tests/test_synthesis_agents.py::TestFastAPIEndpoints::test_health_endpoint PASSED [ 85%]
Build & Test (sonnet - baseline)	Run tests with coverage	2025-07-20T03:41:54.4711892Z tests/test_synthesis_agents.py::TestFastAPIEndpoints::test_list_agents_endpoint PASSED [ 90%]
Build & Test (sonnet - baseline)	Run tests with coverage	2025-07-20T03:41:54.4784107Z tests/test_synthesis_agents.py::TestFastAPIEndpoints::test_start_workflow_endpoint PASSED [ 95%]
Build & Test (sonnet - baseline)	Run tests with coverage	2025-07-20T03:41:57.7524592Z tests/test_synthesis_agents.py::TestFastAPIEndpoints::test_execute_phase_endpoint FAILED [100%]
Build & Test (sonnet - baseline)	Run tests with coverage	2025-07-20T03:41:57.7526066Z 
Build & Test (sonnet - baseline)	Run tests with coverage	2025-07-20T03:41:57.7526329Z =================================== FAILURES ===================================
Build & Test (sonnet - baseline)	Run tests with coverage	2025-07-20T03:41:57.7527302Z __________________ TestKnowledgeGraph.test_identify_consensus __________________
Build & Test (sonnet - baseline)	Run tests with coverage	2025-07-20T03:41:57.7527989Z 
Build & Test (sonnet - baseline)	Run tests with coverage	2025-07-20T03:41:57.7528520Z self = <tests.test_synthesis_agents.TestKnowledgeGraph object at 0x7f18dd26ed20>
Build & Test (sonnet - baseline)	Run tests with coverage	2025-07-20T03:41:57.7529246Z 
Build & Test (sonnet - baseline)	Run tests with coverage	2025-07-20T03:41:57.7529471Z     def test_identify_consensus(self):
Build & Test (sonnet - baseline)	Run tests with coverage	2025-07-20T03:41:57.7530401Z         """Test consensus pattern identification"""
Build & Test (sonnet - baseline)	Run tests with coverage	2025-07-20T03:41:57.7531179Z         graph = KnowledgeGraph()
Build & Test (sonnet - baseline)	Run tests with coverage	2025-07-20T03:41:57.7531708Z     
Build & Test (sonnet - baseline)	Run tests with coverage	2025-07-20T03:41:57.7532244Z         # Add insights from multiple perspectives on same type
Build & Test (sonnet - baseline)	Run tests with coverage	2025-07-20T03:41:57.7533084Z >       for i, perspective in enumerate([ResearchPerspective.O3, ResearchPerspective.SONNET]):
Build & Test (sonnet - baseline)	Run tests with coverage	2025-07-20T03:41:57.7533769Z                                                                  ^^^^^^^^^^^^^^^^^^^^^^^^^^
Build & Test (sonnet - baseline)	Run tests with coverage	2025-07-20T03:41:57.7534391Z E       AttributeError: type object 'ResearchPerspective' has no attribute 'SONNET'
Build & Test (sonnet - baseline)	Run tests with coverage	2025-07-20T03:41:57.7534871Z 
Build & Test (sonnet - baseline)	Run tests with coverage	2025-07-20T03:41:57.7535051Z tests/test_synthesis_agents.py:58: AttributeError
Build & Test (sonnet - baseline)	Run tests with coverage	2025-07-20T03:41:57.7535608Z _________________ TestKnowledgeGraph.test_identify_divergences _________________
Build & Test (sonnet - baseline)	Run tests with coverage	2025-07-20T03:41:57.7535962Z 
Build & Test (sonnet - baseline)	Run tests with coverage	2025-07-20T03:41:57.7536190Z self = <tests.test_synthesis_agents.TestKnowledgeGraph object at 0x7f18dd291730>
Build & Test (sonnet - baseline)	Run tests with coverage	2025-07-20T03:41:57.7536475Z 
Build & Test (sonnet - baseline)	Run tests with coverage	2025-07-20T03:41:57.7536576Z     def test_identify_divergences(self):
Build & Test (sonnet - baseline)	Run tests with coverage	2025-07-20T03:41:57.7536836Z         """Test divergence identification"""
Build & Test (sonnet - baseline)	Run tests with coverage	2025-07-20T03:41:57.7537090Z         graph = KnowledgeGraph()
Build & Test (sonnet - baseline)	Run tests with coverage	2025-07-20T03:41:57.7537292Z     
Build & Test (sonnet - baseline)	Run tests with coverage	2025-07-20T03:41:57.7537459Z         # Add unique insight for O3
Build & Test (sonnet - baseline)	Run tests with coverage	2025-07-20T03:41:57.7537683Z         insight1 = ResearchInsight(
Build & Test (sonnet - baseline)	Run tests with coverage	2025-07-20T03:41:57.7537904Z             id="o3_unique",
Build & Test (sonnet - baseline)	Run tests with coverage	2025-07-20T03:41:57.7538109Z             source_file="o3.md",
Build & Test (sonnet - baseline)	Run tests with coverage	2025-07-20T03:41:57.7538343Z             perspective=ResearchPerspective.O3,
Build & Test (sonnet - baseline)	Run tests with coverage	2025-07-20T03:41:57.7538629Z             type=InsightType.SAFETY,
Build & Test (sonnet - baseline)	Run tests with coverage	2025-07-20T03:41:57.7538884Z             content="O3 unique safety insight"
Build & Test (sonnet - baseline)	Run tests with coverage	2025-07-20T03:41:57.7539122Z         )
Build & Test (sonnet - baseline)	Run tests with coverage	2025-07-20T03:41:57.7539266Z     
Build & Test (sonnet - baseline)	Run tests with coverage	2025-07-20T03:41:57.7539438Z         # Add different insight for Sonnet
Build & Test (sonnet - baseline)	Run tests with coverage	2025-07-20T03:41:57.7539684Z         insight2 = ResearchInsight(
Build & Test (sonnet - baseline)	Run tests with coverage	2025-07-20T03:41:57.7539913Z             id="sonnet_unique",
Build & Test (sonnet - baseline)	Run tests with coverage	2025-07-20T03:41:57.7540332Z             source_file="sonnet.md",
Build & Test (sonnet - baseline)	Run tests with coverage	2025-07-20T03:41:57.7540602Z >           perspective=ResearchPerspective.SONNET,
Build & Test (sonnet - baseline)	Run tests with coverage	2025-07-20T03:41:57.7540873Z                         ^^^^^^^^^^^^^^^^^^^^^^^^^^
Build & Test (sonnet - baseline)	Run tests with coverage	2025-07-20T03:41:57.7541122Z             type=InsightType.PERFORMANCE,
Build & Test (sonnet - baseline)	Run tests with coverage	2025-07-20T03:41:57.7541416Z             content="Sonnet unique performance insight"
Build & Test (sonnet - baseline)	Run tests with coverage	2025-07-20T03:41:57.7541675Z         )
Build & Test (sonnet - baseline)	Run tests with coverage	2025-07-20T03:41:57.7541969Z E       AttributeError: type object 'ResearchPerspective' has no attribute 'SONNET'
Build & Test (sonnet - baseline)	Run tests with coverage	2025-07-20T03:41:57.7542271Z 
Build & Test (sonnet - baseline)	Run tests with coverage	2025-07-20T03:41:57.7542392Z tests/test_synthesis_agents.py:91: AttributeError
Build & Test (sonnet - baseline)	Run tests with coverage	2025-07-20T03:41:57.7542762Z _______________ TestFastAPIEndpoints.test_execute_phase_endpoint _______________
Build & Test (sonnet - baseline)	Run tests with coverage	2025-07-20T03:41:57.7543030Z 
Build & Test (sonnet - baseline)	Run tests with coverage	2025-07-20T03:41:57.7543240Z self = <tests.test_synthesis_agents.TestFastAPIEndpoints object at 0x7f18dd292180>
Build & Test (sonnet - baseline)	Run tests with coverage	2025-07-20T03:41:57.7543696Z client = <starlette.testclient.TestClient object at 0x7f18dd1312e0>
Build & Test (sonnet - baseline)	Run tests with coverage	2025-07-20T03:41:57.7543955Z 
Build & Test (sonnet - baseline)	Run tests with coverage	2025-07-20T03:41:57.7544058Z     def test_execute_phase_endpoint(self, client):
Build & Test (sonnet - baseline)	Run tests with coverage	2025-07-20T03:41:57.7544323Z         """Test phase execution endpoint"""
Build & Test (sonnet - baseline)	Run tests with coverage	2025-07-20T03:41:57.7544568Z         request_data = {
Build & Test (sonnet - baseline)	Run tests with coverage	2025-07-20T03:41:57.7545056Z             "phase": ╬úBuilderPhase.RESEARCH_DIGESTION.value,
Build & Test (sonnet - baseline)	Run tests with coverage	2025-07-20T03:41:57.7545558Z             "context": {}
Build & Test (sonnet - baseline)	Run tests with coverage	2025-07-20T03:41:57.7545744Z         }
Build & Test (sonnet - baseline)	Run tests with coverage	2025-07-20T03:41:57.7545887Z     
Build & Test (sonnet - baseline)	Run tests with coverage	2025-07-20T03:41:57.7546104Z         with patch.object(Path, "exists", return_value=True):
Build & Test (sonnet - baseline)	Run tests with coverage	2025-07-20T03:41:57.7546584Z             response = client.post("/phase/execute", json=request_data)
Build & Test (sonnet - baseline)	Run tests with coverage	2025-07-20T03:41:57.7546881Z     
Build & Test (sonnet - baseline)	Run tests with coverage	2025-07-20T03:41:57.7547045Z >       assert response.status_code == 200
Build & Test (sonnet - baseline)	Run tests with coverage	2025-07-20T03:41:57.7547287Z E       assert 400 == 200
Build & Test (sonnet - baseline)	Run tests with coverage	2025-07-20T03:41:57.7547529Z E        +  where 400 = <Response [400 Bad Request]>.status_code
Build & Test (sonnet - baseline)	Run tests with coverage	2025-07-20T03:41:57.7547731Z 
Build & Test (sonnet - baseline)	Run tests with coverage	2025-07-20T03:41:57.7547845Z tests/test_synthesis_agents.py:315: AssertionError
Build & Test (sonnet - baseline)	Run tests with coverage	2025-07-20T03:41:57.7548143Z ================================ tests coverage ================================
Build & Test (sonnet - baseline)	Run tests with coverage	2025-07-20T03:41:57.7548501Z _______________ coverage: platform linux, python 3.12.11-final-0 _______________
Build & Test (sonnet - baseline)	Run tests with coverage	2025-07-20T03:41:57.7548762Z 
Build & Test (sonnet - baseline)	Run tests with coverage	2025-07-20T03:41:57.7548849Z Coverage HTML written to dir htmlcov
Build & Test (sonnet - baseline)	Run tests with coverage	2025-07-20T03:41:57.7549098Z Coverage XML written to file coverage.xml
Build & Test (sonnet - baseline)	Run tests with coverage	2025-07-20T03:41:57.7549391Z =========================== short test summary info ============================
Build & Test (sonnet - baseline)	Run tests with coverage	2025-07-20T03:41:57.7550274Z FAILED tests/test_synthesis_agents.py::TestKnowledgeGraph::test_identify_consensus - AttributeError: type object 'ResearchPerspective' has no attribute 'SONNET'
Build & Test (sonnet - baseline)	Run tests with coverage	2025-07-20T03:41:57.7551432Z FAILED tests/test_synthesis_agents.py::TestKnowledgeGraph::test_identify_divergences - AttributeError: type object 'ResearchPerspective' has no attribute 'SONNET'
Build & Test (sonnet - baseline)	Run tests with coverage	2025-07-20T03:41:57.7552388Z FAILED tests/test_synthesis_agents.py::TestFastAPIEndpoints::test_execute_phase_endpoint - assert 400 == 200
Build & Test (sonnet - baseline)	Run tests with coverage	2025-07-20T03:41:57.7552888Z  +  where 400 = <Response [400 Bad Request]>.status_code
Build & Test (sonnet - baseline)	Run tests with coverage	2025-07-20T03:41:57.7553267Z ======================== 3 failed, 18 passed in 17.72s =========================
Build & Test (sonnet - baseline)	Run tests with coverage	2025-07-20T03:41:57.8511411Z ##[error]Process completed with exit code 1.
Build & Test (sonnet - baseline)	Run tests with coverage	∩╗┐2025-07-20T03:41:38.7783875Z ##[group]Run pytest tests/ -v --cov=src --cov-report=xml --cov-report=html
Build & Test (sonnet - baseline)	Run tests with coverage	2025-07-20T03:41:38.7784432Z [36;1mpytest tests/ -v --cov=src --cov-report=xml --cov-report=html[0m
Build & Test (sonnet - baseline)	Run tests with coverage	2025-07-20T03:41:38.7812995Z shell: /usr/bin/bash -e {0}
Build & Test (sonnet - baseline)	Run tests with coverage	2025-07-20T03:41:38.7813402Z env:
Build & Test (sonnet - baseline)	Run tests with coverage	2025-07-20T03:41:38.7813597Z   PYTHON_VERSION: 3.11
Build & Test (sonnet - baseline)	Run tests with coverage	2025-07-20T03:41:38.7813804Z   DOCKER_REGISTRY: ghcr.io
Build & Test (sonnet - baseline)	Run tests with coverage	2025-07-20T03:41:38.7814028Z   IMAGE_NAME: LiamKujawski/MCP
Build & Test (sonnet - baseline)	Run tests with coverage	2025-07-20T03:41:38.7814320Z   pythonLocation: /opt/hostedtoolcache/Python/3.12.11/x64
Build & Test (sonnet - baseline)	Run tests with coverage	2025-07-20T03:41:38.7814727Z   PKG_CONFIG_PATH: /opt/hostedtoolcache/Python/3.12.11/x64/lib/pkgconfig
Build & Test (sonnet - baseline)	Run tests with coverage	2025-07-20T03:41:38.7815128Z   Python_ROOT_DIR: /opt/hostedtoolcache/Python/3.12.11/x64
Build & Test (sonnet - baseline)	Run tests with coverage	2025-07-20T03:41:38.7815466Z   Python2_ROOT_DIR: /opt/hostedtoolcache/Python/3.12.11/x64
Build & Test (sonnet - baseline)	Run tests with coverage	2025-07-20T03:41:38.7815816Z   Python3_ROOT_DIR: /opt/hostedtoolcache/Python/3.12.11/x64
Build & Test (sonnet - baseline)	Run tests with coverage	2025-07-20T03:41:38.7816158Z   LD_LIBRARY_PATH: /opt/hostedtoolcache/Python/3.12.11/x64/lib
Build & Test (sonnet - baseline)	Run tests with coverage	2025-07-20T03:41:38.7816441Z   MODEL_TYPE: sonnet
Build & Test (sonnet - baseline)	Run tests with coverage	2025-07-20T03:41:38.7816659Z   PROMPT_TYPE: baseline
Build & Test (sonnet - baseline)	Run tests with coverage	2025-07-20T03:41:38.7816848Z ##[endgroup]
Build & Test (sonnet - baseline)	Run tests with coverage	2025-07-20T03:41:39.9439392Z ============================= test session starts ==============================
Build & Test (sonnet - baseline)	Run tests with coverage	2025-07-20T03:41:39.9440932Z platform linux -- Python 3.12.11, pytest-8.4.1, pluggy-1.6.0 -- /opt/hostedtoolcache/Python/3.12.11/x64/bin/python
Build & Test (sonnet - baseline)	Run tests with coverage	2025-07-20T03:41:39.9441789Z cachedir: .pytest_cache
Build & Test (sonnet - baseline)	Run tests with coverage	2025-07-20T03:41:39.9442174Z rootdir: /home/runner/work/MCP/MCP
Build & Test (sonnet - baseline)	Run tests with coverage	2025-07-20T03:41:39.9442596Z configfile: pytest.ini
Build & Test (sonnet - baseline)	Run tests with coverage	2025-07-20T03:41:39.9442981Z plugins: cov-6.2.1, asyncio-1.1.0, anyio-4.9.0
Build & Test (sonnet - baseline)	Run tests with coverage	2025-07-20T03:41:39.9443808Z asyncio: mode=Mode.STRICT, asyncio_default_fixture_loop_scope=None, asyncio_default_test_loop_scope=function
Build & Test (sonnet - baseline)	Run tests with coverage	2025-07-20T03:41:41.5339046Z collecting ... collected 21 items
Build & Test (sonnet - baseline)	Run tests with coverage	2025-07-20T03:41:41.5339463Z 
Build & Test (sonnet - baseline)	Run tests with coverage	2025-07-20T03:41:41.5368150Z tests/integration/test_api_integration.py::test_environment PASSED       [  4%]
Build & Test (sonnet - baseline)	Run tests with coverage	2025-07-20T03:41:41.5382710Z tests/integration/test_api_integration.py::test_smoke_integration PASSED [  9%]
Build & Test (sonnet - baseline)	Run tests with coverage	2025-07-20T03:41:41.5393230Z tests/test_smoke.py::test_smoke PASSED                                   [ 14%]
Build & Test (sonnet - baseline)	Run tests with coverage	2025-07-20T03:41:41.5406235Z tests/test_smoke.py::test_imports PASSED                                 [ 19%]
Build & Test (sonnet - baseline)	Run tests with coverage	2025-07-20T03:41:41.5418471Z tests/test_synthesis_agents.py::TestKnowledgeGraph::test_add_insight PASSED [ 23%]
Build & Test (sonnet - baseline)	Run tests with coverage	2025-07-20T03:41:41.5871084Z tests/test_synthesis_agents.py::TestKnowledgeGraph::test_identify_consensus FAILED [ 28%]
Build & Test (sonnet - baseline)	Run tests with coverage	2025-07-20T03:41:41.5969634Z tests/test_synthesis_agents.py::TestKnowledgeGraph::test_identify_divergences FAILED [ 33%]
Build & Test (sonnet - baseline)	Run tests with coverage	2025-07-20T03:41:44.6176274Z tests/test_synthesis_agents.py::TestResearchDigestionAgent::test_execute PASSED [ 38%]
Build & Test (sonnet - baseline)	Run tests with coverage	2025-07-20T03:41:44.7205102Z tests/test_synthesis_agents.py::TestResearchDigestionAgent::test_process_research_file PASSED [ 42%]
Build & Test (sonnet - baseline)	Run tests with coverage	2025-07-20T03:41:44.8241298Z tests/test_synthesis_agents.py::TestSynthesisReportAgent::test_execute_success PASSED [ 47%]
Build & Test (sonnet - baseline)	Run tests with coverage	2025-07-20T03:41:44.8273597Z tests/test_synthesis_agents.py::TestSynthesisReportAgent::test_execute_no_knowledge_graph PASSED [ 52%]
Build & Test (sonnet - baseline)	Run tests with coverage	2025-07-20T03:41:44.9311474Z tests/test_synthesis_agents.py::TestImplementationPlanAgent::test_execute PASSED [ 57%]
Build & Test (sonnet - baseline)	Run tests with coverage	2025-07-20T03:41:48.1500585Z tests/test_synthesis_agents.py::Test╬úBuilderOrchestrator::test_execute_workflow PASSED [ 61%]
Build & Test (sonnet - baseline)	Run tests with coverage	2025-07-20T03:41:51.3694545Z tests/test_synthesis_agents.py::TestProcessSigmaBuilderRequest::test_process_full_workflow PASSED [ 66%]
Build & Test (sonnet - baseline)	Run tests with coverage	2025-07-20T03:41:54.3865287Z tests/test_synthesis_agents.py::TestProcessSigmaBuilderRequest::test_process_specific_phase PASSED [ 71%]
Build & Test (sonnet - baseline)	Run tests with coverage	2025-07-20T03:41:54.3888002Z tests/test_synthesis_agents.py::TestProcessSigmaBuilderRequest::test_process_error_handling PASSED [ 76%]
Build & Test (sonnet - baseline)	Run tests with coverage	2025-07-20T03:41:54.4631431Z tests/test_synthesis_agents.py::TestFastAPIEndpoints::test_root_endpoint PASSED [ 80%]
Build & Test (sonnet - baseline)	Run tests with coverage	2025-07-20T03:41:54.4669651Z tests/test_synthesis_agents.py::TestFastAPIEndpoints::test_health_endpoint PASSED [ 85%]
Build & Test (sonnet - baseline)	Run tests with coverage	2025-07-20T03:41:54.4711892Z tests/test_synthesis_agents.py::TestFastAPIEndpoints::test_list_agents_endpoint PASSED [ 90%]
Build & Test (sonnet - baseline)	Run tests with coverage	2025-07-20T03:41:54.4784107Z tests/test_synthesis_agents.py::TestFastAPIEndpoints::test_start_workflow_endpoint PASSED [ 95%]
Build & Test (sonnet - baseline)	Run tests with coverage	2025-07-20T03:41:57.7524592Z tests/test_synthesis_agents.py::TestFastAPIEndpoints::test_execute_phase_endpoint FAILED [100%]
Build & Test (sonnet - baseline)	Run tests with coverage	2025-07-20T03:41:57.7526066Z 
Build & Test (sonnet - baseline)	Run tests with coverage	2025-07-20T03:41:57.7526329Z =================================== FAILURES ===================================
Build & Test (sonnet - baseline)	Run tests with coverage	2025-07-20T03:41:57.7527302Z __________________ TestKnowledgeGraph.test_identify_consensus __________________
Build & Test (sonnet - baseline)	Run tests with coverage	2025-07-20T03:41:57.7527989Z 
Build & Test (sonnet - baseline)	Run tests with coverage	2025-07-20T03:41:57.7528520Z self = <tests.test_synthesis_agents.TestKnowledgeGraph object at 0x7f18dd26ed20>
Build & Test (sonnet - baseline)	Run tests with coverage	2025-07-20T03:41:57.7529246Z 
Build & Test (sonnet - baseline)	Run tests with coverage	2025-07-20T03:41:57.7529471Z     def test_identify_consensus(self):
Build & Test (sonnet - baseline)	Run tests with coverage	2025-07-20T03:41:57.7530401Z         """Test consensus pattern identification"""
Build & Test (sonnet - baseline)	Run tests with coverage	2025-07-20T03:41:57.7531179Z         graph = KnowledgeGraph()
Build & Test (sonnet - baseline)	Run tests with coverage	2025-07-20T03:41:57.7531708Z     
Build & Test (sonnet - baseline)	Run tests with coverage	2025-07-20T03:41:57.7532244Z         # Add insights from multiple perspectives on same type
Build & Test (sonnet - baseline)	Run tests with coverage	2025-07-20T03:41:57.7533084Z >       for i, perspective in enumerate([ResearchPerspective.O3, ResearchPerspective.SONNET]):
Build & Test (sonnet - baseline)	Run tests with coverage	2025-07-20T03:41:57.7533769Z                                                                  ^^^^^^^^^^^^^^^^^^^^^^^^^^
Build & Test (sonnet - baseline)	Run tests with coverage	2025-07-20T03:41:57.7534391Z E       AttributeError: type object 'ResearchPerspective' has no attribute 'SONNET'
Build & Test (sonnet - baseline)	Run tests with coverage	2025-07-20T03:41:57.7534871Z 
Build & Test (sonnet - baseline)	Run tests with coverage	2025-07-20T03:41:57.7535051Z tests/test_synthesis_agents.py:58: AttributeError
Build & Test (sonnet - baseline)	Run tests with coverage	2025-07-20T03:41:57.7535608Z _________________ TestKnowledgeGraph.test_identify_divergences _________________
Build & Test (sonnet - baseline)	Run tests with coverage	2025-07-20T03:41:57.7535962Z 
Build & Test (sonnet - baseline)	Run tests with coverage	2025-07-20T03:41:57.7536190Z self = <tests.test_synthesis_agents.TestKnowledgeGraph object at 0x7f18dd291730>
Build & Test (sonnet - baseline)	Run tests with coverage	2025-07-20T03:41:57.7536475Z 
Build & Test (sonnet - baseline)	Run tests with coverage	2025-07-20T03:41:57.7536576Z     def test_identify_divergences(self):
Build & Test (sonnet - baseline)	Run tests with coverage	2025-07-20T03:41:57.7536836Z         """Test divergence identification"""
Build & Test (sonnet - baseline)	Run tests with coverage	2025-07-20T03:41:57.7537090Z         graph = KnowledgeGraph()
Build & Test (sonnet - baseline)	Run tests with coverage	2025-07-20T03:41:57.7537292Z     
Build & Test (sonnet - baseline)	Run tests with coverage	2025-07-20T03:41:57.7537459Z         # Add unique insight for O3
Build & Test (sonnet - baseline)	Run tests with coverage	2025-07-20T03:41:57.7537683Z         insight1 = ResearchInsight(
Build & Test (sonnet - baseline)	Run tests with coverage	2025-07-20T03:41:57.7537904Z             id="o3_unique",
Build & Test (sonnet - baseline)	Run tests with coverage	2025-07-20T03:41:57.7538109Z             source_file="o3.md",
Build & Test (sonnet - baseline)	Run tests with coverage	2025-07-20T03:41:57.7538343Z             perspective=ResearchPerspective.O3,
Build & Test (sonnet - baseline)	Run tests with coverage	2025-07-20T03:41:57.7538629Z             type=InsightType.SAFETY,
Build & Test (sonnet - baseline)	Run tests with coverage	2025-07-20T03:41:57.7538884Z             content="O3 unique safety insight"
Build & Test (sonnet - baseline)	Run tests with coverage	2025-07-20T03:41:57.7539122Z         )
Build & Test (sonnet - baseline)	Run tests with coverage	2025-07-20T03:41:57.7539266Z     
Build & Test (sonnet - baseline)	Run tests with coverage	2025-07-20T03:41:57.7539438Z         # Add different insight for Sonnet
Build & Test (sonnet - baseline)	Run tests with coverage	2025-07-20T03:41:57.7539684Z         insight2 = ResearchInsight(
Build & Test (sonnet - baseline)	Run tests with coverage	2025-07-20T03:41:57.7539913Z             id="sonnet_unique",
Build & Test (sonnet - baseline)	Run tests with coverage	2025-07-20T03:41:57.7540332Z             source_file="sonnet.md",
Build & Test (sonnet - baseline)	Run tests with coverage	2025-07-20T03:41:57.7540602Z >           perspective=ResearchPerspective.SONNET,
Build & Test (sonnet - baseline)	Run tests with coverage	2025-07-20T03:41:57.7540873Z                         ^^^^^^^^^^^^^^^^^^^^^^^^^^
Build & Test (sonnet - baseline)	Run tests with coverage	2025-07-20T03:41:57.7541122Z             type=InsightType.PERFORMANCE,
Build & Test (sonnet - baseline)	Run tests with coverage	2025-07-20T03:41:57.7541416Z             content="Sonnet unique performance insight"
Build & Test (sonnet - baseline)	Run tests with coverage	2025-07-20T03:41:57.7541675Z         )
Build & Test (sonnet - baseline)	Run tests with coverage	2025-07-20T03:41:57.7541969Z E       AttributeError: type object 'ResearchPerspective' has no attribute 'SONNET'
Build & Test (sonnet - baseline)	Run tests with coverage	2025-07-20T03:41:57.7542271Z 
Build & Test (sonnet - baseline)	Run tests with coverage	2025-07-20T03:41:57.7542392Z tests/test_synthesis_agents.py:91: AttributeError
Build & Test (sonnet - baseline)	Run tests with coverage	2025-07-20T03:41:57.7542762Z _______________ TestFastAPIEndpoints.test_execute_phase_endpoint _______________
Build & Test (sonnet - baseline)	Run tests with coverage	2025-07-20T03:41:57.7543030Z 
Build & Test (sonnet - baseline)	Run tests with coverage	2025-07-20T03:41:57.7543240Z self = <tests.test_synthesis_agents.TestFastAPIEndpoints object at 0x7f18dd292180>
Build & Test (sonnet - baseline)	Run tests with coverage	2025-07-20T03:41:57.7543696Z client = <starlette.testclient.TestClient object at 0x7f18dd1312e0>
Build & Test (sonnet - baseline)	Run tests with coverage	2025-07-20T03:41:57.7543955Z 
Build & Test (sonnet - baseline)	Run tests with coverage	2025-07-20T03:41:57.7544058Z     def test_execute_phase_endpoint(self, client):
Build & Test (sonnet - baseline)	Run tests with coverage	2025-07-20T03:41:57.7544323Z         """Test phase execution endpoint"""
Build & Test (sonnet - baseline)	Run tests with coverage	2025-07-20T03:41:57.7544568Z         request_data = {
Build & Test (sonnet - baseline)	Run tests with coverage	2025-07-20T03:41:57.7545056Z             "phase": ╬úBuilderPhase.RESEARCH_DIGESTION.value,
Build & Test (sonnet - baseline)	Run tests with coverage	2025-07-20T03:41:57.7545558Z             "context": {}
Build & Test (sonnet - baseline)	Run tests with coverage	2025-07-20T03:41:57.7545744Z         }
Build & Test (sonnet - baseline)	Run tests with coverage	2025-07-20T03:41:57.7545887Z     
Build & Test (sonnet - baseline)	Run tests with coverage	2025-07-20T03:41:57.7546104Z         with patch.object(Path, "exists", return_value=True):
Build & Test (sonnet - baseline)	Run tests with coverage	2025-07-20T03:41:57.7546584Z             response = client.post("/phase/execute", json=request_data)
Build & Test (sonnet - baseline)	Run tests with coverage	2025-07-20T03:41:57.7546881Z     
Build & Test (sonnet - baseline)	Run tests with coverage	2025-07-20T03:41:57.7547045Z >       assert response.status_code == 200
Build & Test (sonnet - baseline)	Run tests with coverage	2025-07-20T03:41:57.7547287Z E       assert 400 == 200
Build & Test (sonnet - baseline)	Run tests with coverage	2025-07-20T03:41:57.7547529Z E        +  where 400 = <Response [400 Bad Request]>.status_code
Build & Test (sonnet - baseline)	Run tests with coverage	2025-07-20T03:41:57.7547731Z 
Build & Test (sonnet - baseline)	Run tests with coverage	2025-07-20T03:41:57.7547845Z tests/test_synthesis_agents.py:315: AssertionError
Build & Test (sonnet - baseline)	Run tests with coverage	2025-07-20T03:41:57.7548143Z ================================ tests coverage ================================
Build & Test (sonnet - baseline)	Run tests with coverage	2025-07-20T03:41:57.7548501Z _______________ coverage: platform linux, python 3.12.11-final-0 _______________
Build & Test (sonnet - baseline)	Run tests with coverage	2025-07-20T03:41:57.7548762Z 
Build & Test (sonnet - baseline)	Run tests with coverage	2025-07-20T03:41:57.7548849Z Coverage HTML written to dir htmlcov
Build & Test (sonnet - baseline)	Run tests with coverage	2025-07-20T03:41:57.7549098Z Coverage XML written to file coverage.xml
Build & Test (sonnet - baseline)	Run tests with coverage	2025-07-20T03:41:57.7549391Z =========================== short test summary info ============================
Build & Test (sonnet - baseline)	Run tests with coverage	2025-07-20T03:41:57.7550274Z FAILED tests/test_synthesis_agents.py::TestKnowledgeGraph::test_identify_consensus - AttributeError: type object 'ResearchPerspective' has no attribute 'SONNET'
Build & Test (sonnet - baseline)	Run tests with coverage	2025-07-20T03:41:57.7551432Z FAILED tests/test_synthesis_agents.py::TestKnowledgeGraph::test_identify_divergences - AttributeError: type object 'ResearchPerspective' has no attribute 'SONNET'
Build & Test (sonnet - baseline)	Run tests with coverage	2025-07-20T03:41:57.7552388Z FAILED tests/test_synthesis_agents.py::TestFastAPIEndpoints::test_execute_phase_endpoint - assert 400 == 200
Build & Test (sonnet - baseline)	Run tests with coverage	2025-07-20T03:41:57.7552888Z  +  where 400 = <Response [400 Bad Request]>.status_code
Build & Test (sonnet - baseline)	Run tests with coverage	2025-07-20T03:41:57.7553267Z ======================== 3 failed, 18 passed in 17.72s =========================
Build & Test (sonnet - baseline)	Run tests with coverage	2025-07-20T03:41:57.8511411Z ##[error]Process completed with exit code 1.
Build & Test (sonnet - unified)	Run tests with coverage	∩╗┐2025-07-20T03:41:43.4209366Z ##[group]Run pytest tests/ -v --cov=src --cov-report=xml --cov-report=html
Build & Test (sonnet - unified)	Run tests with coverage	2025-07-20T03:41:43.4209899Z [36;1mpytest tests/ -v --cov=src --cov-report=xml --cov-report=html[0m
Build & Test (sonnet - unified)	Run tests with coverage	2025-07-20T03:41:43.4237835Z shell: /usr/bin/bash -e {0}
Build & Test (sonnet - unified)	Run tests with coverage	2025-07-20T03:41:43.4238226Z env:
Build & Test (sonnet - unified)	Run tests with coverage	2025-07-20T03:41:43.4238403Z   PYTHON_VERSION: 3.11
Build & Test (sonnet - unified)	Run tests with coverage	2025-07-20T03:41:43.4238595Z   DOCKER_REGISTRY: ghcr.io
Build & Test (sonnet - unified)	Run tests with coverage	2025-07-20T03:41:43.4238812Z   IMAGE_NAME: LiamKujawski/MCP
Build & Test (sonnet - unified)	Run tests with coverage	2025-07-20T03:41:43.4239088Z   pythonLocation: /opt/hostedtoolcache/Python/3.12.11/x64
Build & Test (sonnet - unified)	Run tests with coverage	2025-07-20T03:41:43.4239482Z   PKG_CONFIG_PATH: /opt/hostedtoolcache/Python/3.12.11/x64/lib/pkgconfig
Build & Test (sonnet - unified)	Run tests with coverage	2025-07-20T03:41:43.4239856Z   Python_ROOT_DIR: /opt/hostedtoolcache/Python/3.12.11/x64
Build & Test (sonnet - unified)	Run tests with coverage	2025-07-20T03:41:43.4240196Z   Python2_ROOT_DIR: /opt/hostedtoolcache/Python/3.12.11/x64
Build & Test (sonnet - unified)	Run tests with coverage	2025-07-20T03:41:43.4240535Z   Python3_ROOT_DIR: /opt/hostedtoolcache/Python/3.12.11/x64
Build & Test (sonnet - unified)	Run tests with coverage	2025-07-20T03:41:43.4240867Z   LD_LIBRARY_PATH: /opt/hostedtoolcache/Python/3.12.11/x64/lib
Build & Test (sonnet - unified)	Run tests with coverage	2025-07-20T03:41:43.4241152Z   MODEL_TYPE: sonnet
Build & Test (sonnet - unified)	Run tests with coverage	2025-07-20T03:41:43.4241365Z   PROMPT_TYPE: unified
Build & Test (sonnet - unified)	Run tests with coverage	2025-07-20T03:41:43.4241553Z ##[endgroup]
Build & Test (sonnet - unified)	Run tests with coverage	2025-07-20T03:41:44.8352922Z ============================= test session starts ==============================
Build & Test (sonnet - unified)	Run tests with coverage	2025-07-20T03:41:44.8354417Z platform linux -- Python 3.12.11, pytest-8.4.1, pluggy-1.6.0 -- /opt/hostedtoolcache/Python/3.12.11/x64/bin/python
Build & Test (sonnet - unified)	Run tests with coverage	2025-07-20T03:41:44.8355005Z cachedir: .pytest_cache
Build & Test (sonnet - unified)	Run tests with coverage	2025-07-20T03:41:44.8355284Z rootdir: /home/runner/work/MCP/MCP
Build & Test (sonnet - unified)	Run tests with coverage	2025-07-20T03:41:44.8355578Z configfile: pytest.ini
Build & Test (sonnet - unified)	Run tests with coverage	2025-07-20T03:41:44.8355866Z plugins: cov-6.2.1, asyncio-1.1.0, anyio-4.9.0
Build & Test (sonnet - unified)	Run tests with coverage	2025-07-20T03:41:44.8356443Z asyncio: mode=Mode.STRICT, asyncio_default_fixture_loop_scope=None, asyncio_default_test_loop_scope=function
Build & Test (sonnet - unified)	Run tests with coverage	2025-07-20T03:41:46.4581778Z collecting ... collected 21 items
Build & Test (sonnet - unified)	Run tests with coverage	2025-07-20T03:41:46.4582132Z 
Build & Test (sonnet - unified)	Run tests with coverage	2025-07-20T03:41:46.4610068Z tests/integration/test_api_integration.py::test_environment PASSED       [  4%]
Build & Test (sonnet - unified)	Run tests with coverage	2025-07-20T03:41:46.4624046Z tests/integration/test_api_integration.py::test_smoke_integration PASSED [  9%]
Build & Test (sonnet - unified)	Run tests with coverage	2025-07-20T03:41:46.4635012Z tests/test_smoke.py::test_smoke PASSED                                   [ 14%]
Build & Test (sonnet - unified)	Run tests with coverage	2025-07-20T03:41:46.4648696Z tests/test_smoke.py::test_imports PASSED                                 [ 19%]
Build & Test (sonnet - unified)	Run tests with coverage	2025-07-20T03:41:46.4661084Z tests/test_synthesis_agents.py::TestKnowledgeGraph::test_add_insight PASSED [ 23%]
Build & Test (sonnet - unified)	Run tests with coverage	2025-07-20T03:41:46.5105011Z tests/test_synthesis_agents.py::TestKnowledgeGraph::test_identify_consensus FAILED [ 28%]
Build & Test (sonnet - unified)	Run tests with coverage	2025-07-20T03:41:46.5196232Z tests/test_synthesis_agents.py::TestKnowledgeGraph::test_identify_divergences FAILED [ 33%]
Build & Test (sonnet - unified)	Run tests with coverage	2025-07-20T03:41:49.5364201Z tests/test_synthesis_agents.py::TestResearchDigestionAgent::test_execute PASSED [ 38%]
Build & Test (sonnet - unified)	Run tests with coverage	2025-07-20T03:41:49.6391446Z tests/test_synthesis_agents.py::TestResearchDigestionAgent::test_process_research_file PASSED [ 42%]
Build & Test (sonnet - unified)	Run tests with coverage	2025-07-20T03:41:49.7428502Z tests/test_synthesis_agents.py::TestSynthesisReportAgent::test_execute_success PASSED [ 47%]
Build & Test (sonnet - unified)	Run tests with coverage	2025-07-20T03:41:49.7460300Z tests/test_synthesis_agents.py::TestSynthesisReportAgent::test_execute_no_knowledge_graph PASSED [ 52%]
Build & Test (sonnet - unified)	Run tests with coverage	2025-07-20T03:41:49.8496156Z tests/test_synthesis_agents.py::TestImplementationPlanAgent::test_execute PASSED [ 57%]
Build & Test (sonnet - unified)	Run tests with coverage	2025-07-20T03:41:53.0662513Z tests/test_synthesis_agents.py::Test╬úBuilderOrchestrator::test_execute_workflow PASSED [ 61%]
Build & Test (sonnet - unified)	Run tests with coverage	2025-07-20T03:41:56.2834085Z tests/test_synthesis_agents.py::TestProcessSigmaBuilderRequest::test_process_full_workflow PASSED [ 66%]
Build & Test (sonnet - unified)	Run tests with coverage	2025-07-20T03:41:59.2984469Z tests/test_synthesis_agents.py::TestProcessSigmaBuilderRequest::test_process_specific_phase PASSED [ 71%]
Build & Test (sonnet - unified)	Run tests with coverage	2025-07-20T03:41:59.3006906Z tests/test_synthesis_agents.py::TestProcessSigmaBuilderRequest::test_process_error_handling PASSED [ 76%]
Build & Test (sonnet - unified)	Run tests with coverage	2025-07-20T03:41:59.3745697Z tests/test_synthesis_agents.py::TestFastAPIEndpoints::test_root_endpoint PASSED [ 80%]
Build & Test (sonnet - unified)	Run tests with coverage	2025-07-20T03:41:59.3785547Z tests/test_synthesis_agents.py::TestFastAPIEndpoints::test_health_endpoint PASSED [ 85%]
Build & Test (sonnet - unified)	Run tests with coverage	2025-07-20T03:41:59.3824416Z tests/test_synthesis_agents.py::TestFastAPIEndpoints::test_list_agents_endpoint PASSED [ 90%]
Build & Test (sonnet - unified)	Run tests with coverage	2025-07-20T03:41:59.3896404Z tests/test_synthesis_agents.py::TestFastAPIEndpoints::test_start_workflow_endpoint PASSED [ 95%]
Build & Test (sonnet - unified)	Run tests with coverage	2025-07-20T03:42:02.6526624Z tests/test_synthesis_agents.py::TestFastAPIEndpoints::test_execute_phase_endpoint FAILED [100%]
Build & Test (sonnet - unified)	Run tests with coverage	2025-07-20T03:42:02.6527899Z 
Build & Test (sonnet - unified)	Run tests with coverage	2025-07-20T03:42:02.6528148Z =================================== FAILURES ===================================
Build & Test (sonnet - unified)	Run tests with coverage	2025-07-20T03:42:02.6528907Z __________________ TestKnowledgeGraph.test_identify_consensus __________________
Build & Test (sonnet - unified)	Run tests with coverage	2025-07-20T03:42:02.6529455Z 
Build & Test (sonnet - unified)	Run tests with coverage	2025-07-20T03:42:02.6529868Z self = <tests.test_synthesis_agents.TestKnowledgeGraph object at 0x7fdc6b491940>
Build & Test (sonnet - unified)	Run tests with coverage	2025-07-20T03:42:02.6530431Z 
Build & Test (sonnet - unified)	Run tests with coverage	2025-07-20T03:42:02.6530637Z     def test_identify_consensus(self):
Build & Test (sonnet - unified)	Run tests with coverage	2025-07-20T03:42:02.6531230Z         """Test consensus pattern identification"""
Build & Test (sonnet - unified)	Run tests with coverage	2025-07-20T03:42:02.6531695Z         graph = KnowledgeGraph()
Build & Test (sonnet - unified)	Run tests with coverage	2025-07-20T03:42:02.6531991Z     
Build & Test (sonnet - unified)	Run tests with coverage	2025-07-20T03:42:02.6532384Z         # Add insights from multiple perspectives on same type
Build & Test (sonnet - unified)	Run tests with coverage	2025-07-20T03:42:02.6533154Z >       for i, perspective in enumerate([ResearchPerspective.O3, ResearchPerspective.SONNET]):
Build & Test (sonnet - unified)	Run tests with coverage	2025-07-20T03:42:02.6533855Z                                                                  ^^^^^^^^^^^^^^^^^^^^^^^^^^
Build & Test (sonnet - unified)	Run tests with coverage	2025-07-20T03:42:02.6534277Z E       AttributeError: type object 'ResearchPerspective' has no attribute 'SONNET'
Build & Test (sonnet - unified)	Run tests with coverage	2025-07-20T03:42:02.6534574Z 
Build & Test (sonnet - unified)	Run tests with coverage	2025-07-20T03:42:02.6534698Z tests/test_synthesis_agents.py:58: AttributeError
Build & Test (sonnet - unified)	Run tests with coverage	2025-07-20T03:42:02.6535087Z _________________ TestKnowledgeGraph.test_identify_divergences _________________
Build & Test (sonnet - unified)	Run tests with coverage	2025-07-20T03:42:02.6535355Z 
Build & Test (sonnet - unified)	Run tests with coverage	2025-07-20T03:42:02.6535553Z self = <tests.test_synthesis_agents.TestKnowledgeGraph object at 0x7fdc6b491a90>
Build & Test (sonnet - unified)	Run tests with coverage	2025-07-20T03:42:02.6535840Z 
Build & Test (sonnet - unified)	Run tests with coverage	2025-07-20T03:42:02.6535934Z     def test_identify_divergences(self):
Build & Test (sonnet - unified)	Run tests with coverage	2025-07-20T03:42:02.6536192Z         """Test divergence identification"""
Build & Test (sonnet - unified)	Run tests with coverage	2025-07-20T03:42:02.6536448Z         graph = KnowledgeGraph()
Build & Test (sonnet - unified)	Run tests with coverage	2025-07-20T03:42:02.6536658Z     
Build & Test (sonnet - unified)	Run tests with coverage	2025-07-20T03:42:02.6536824Z         # Add unique insight for O3
Build & Test (sonnet - unified)	Run tests with coverage	2025-07-20T03:42:02.6537058Z         insight1 = ResearchInsight(
Build & Test (sonnet - unified)	Run tests with coverage	2025-07-20T03:42:02.6537279Z             id="o3_unique",
Build & Test (sonnet - unified)	Run tests with coverage	2025-07-20T03:42:02.6537489Z             source_file="o3.md",
Build & Test (sonnet - unified)	Run tests with coverage	2025-07-20T03:42:02.6537730Z             perspective=ResearchPerspective.O3,
Build & Test (sonnet - unified)	Run tests with coverage	2025-07-20T03:42:02.6537995Z             type=InsightType.SAFETY,
Build & Test (sonnet - unified)	Run tests with coverage	2025-07-20T03:42:02.6538240Z             content="O3 unique safety insight"
Build & Test (sonnet - unified)	Run tests with coverage	2025-07-20T03:42:02.6538477Z         )
Build & Test (sonnet - unified)	Run tests with coverage	2025-07-20T03:42:02.6538622Z     
Build & Test (sonnet - unified)	Run tests with coverage	2025-07-20T03:42:02.6538792Z         # Add different insight for Sonnet
Build & Test (sonnet - unified)	Run tests with coverage	2025-07-20T03:42:02.6539038Z         insight2 = ResearchInsight(
Build & Test (sonnet - unified)	Run tests with coverage	2025-07-20T03:42:02.6539257Z             id="sonnet_unique",
Build & Test (sonnet - unified)	Run tests with coverage	2025-07-20T03:42:02.6539473Z             source_file="sonnet.md",
Build & Test (sonnet - unified)	Run tests with coverage	2025-07-20T03:42:02.6539726Z >           perspective=ResearchPerspective.SONNET,
Build & Test (sonnet - unified)	Run tests with coverage	2025-07-20T03:42:02.6539992Z                         ^^^^^^^^^^^^^^^^^^^^^^^^^^
Build & Test (sonnet - unified)	Run tests with coverage	2025-07-20T03:42:02.6540240Z             type=InsightType.PERFORMANCE,
Build & Test (sonnet - unified)	Run tests with coverage	2025-07-20T03:42:02.6540531Z             content="Sonnet unique performance insight"
Build & Test (sonnet - unified)	Run tests with coverage	2025-07-20T03:42:02.6540773Z         )
Build & Test (sonnet - unified)	Run tests with coverage	2025-07-20T03:42:02.6541058Z E       AttributeError: type object 'ResearchPerspective' has no attribute 'SONNET'
Build & Test (sonnet - unified)	Run tests with coverage	2025-07-20T03:42:02.6541352Z 
Build & Test (sonnet - unified)	Run tests with coverage	2025-07-20T03:42:02.6541473Z tests/test_synthesis_agents.py:91: AttributeError
Build & Test (sonnet - unified)	Run tests with coverage	2025-07-20T03:42:02.6541844Z _______________ TestFastAPIEndpoints.test_execute_phase_endpoint _______________
Build & Test (sonnet - unified)	Run tests with coverage	2025-07-20T03:42:02.6542121Z 
Build & Test (sonnet - unified)	Run tests with coverage	2025-07-20T03:42:02.6542326Z self = <tests.test_synthesis_agents.TestFastAPIEndpoints object at 0x7fdc6b4924e0>
Build & Test (sonnet - unified)	Run tests with coverage	2025-07-20T03:42:02.6542779Z client = <starlette.testclient.TestClient object at 0x7fdc6b335070>
Build & Test (sonnet - unified)	Run tests with coverage	2025-07-20T03:42:02.6543039Z 
Build & Test (sonnet - unified)	Run tests with coverage	2025-07-20T03:42:02.6543144Z     def test_execute_phase_endpoint(self, client):
Build & Test (sonnet - unified)	Run tests with coverage	2025-07-20T03:42:02.6543417Z         """Test phase execution endpoint"""
Build & Test (sonnet - unified)	Run tests with coverage	2025-07-20T03:42:02.6543900Z         request_data = {
Build & Test (sonnet - unified)	Run tests with coverage	2025-07-20T03:42:02.6544419Z             "phase": ╬úBuilderPhase.RESEARCH_DIGESTION.value,
Build & Test (sonnet - unified)	Run tests with coverage	2025-07-20T03:42:02.6544982Z             "context": {}
Build & Test (sonnet - unified)	Run tests with coverage	2025-07-20T03:42:02.6545173Z         }
Build & Test (sonnet - unified)	Run tests with coverage	2025-07-20T03:42:02.6545317Z     
Build & Test (sonnet - unified)	Run tests with coverage	2025-07-20T03:42:02.6545533Z         with patch.object(Path, "exists", return_value=True):
Build & Test (sonnet - unified)	Run tests with coverage	2025-07-20T03:42:02.6546011Z             response = client.post("/phase/execute", json=request_data)
Build & Test (sonnet - unified)	Run tests with coverage	2025-07-20T03:42:02.6546312Z     
Build & Test (sonnet - unified)	Run tests with coverage	2025-07-20T03:42:02.6546490Z >       assert response.status_code == 200
Build & Test (sonnet - unified)	Run tests with coverage	2025-07-20T03:42:02.6546725Z E       assert 400 == 200
Build & Test (sonnet - unified)	Run tests with coverage	2025-07-20T03:42:02.6546967Z E        +  where 400 = <Response [400 Bad Request]>.status_code
Build & Test (sonnet - unified)	Run tests with coverage	2025-07-20T03:42:02.6547170Z 
Build & Test (sonnet - unified)	Run tests with coverage	2025-07-20T03:42:02.6547287Z tests/test_synthesis_agents.py:315: AssertionError
Build & Test (sonnet - unified)	Run tests with coverage	2025-07-20T03:42:02.6547589Z ================================ tests coverage ================================
Build & Test (sonnet - unified)	Run tests with coverage	2025-07-20T03:42:02.6547945Z _______________ coverage: platform linux, python 3.12.11-final-0 _______________
Build & Test (sonnet - unified)	Run tests with coverage	2025-07-20T03:42:02.6548211Z 
Build & Test (sonnet - unified)	Run tests with coverage	2025-07-20T03:42:02.6548307Z Coverage HTML written to dir htmlcov
Build & Test (sonnet - unified)	Run tests with coverage	2025-07-20T03:42:02.6548612Z Coverage XML written to file coverage.xml
Build & Test (sonnet - unified)	Run tests with coverage	2025-07-20T03:42:02.6548891Z =========================== short test summary info ============================
Build & Test (sonnet - unified)	Run tests with coverage	2025-07-20T03:42:02.6549586Z FAILED tests/test_synthesis_agents.py::TestKnowledgeGraph::test_identify_consensus - AttributeError: type object 'ResearchPerspective' has no attribute 'SONNET'
Build & Test (sonnet - unified)	Run tests with coverage	2025-07-20T03:42:02.6550598Z FAILED tests/test_synthesis_agents.py::TestKnowledgeGraph::test_identify_divergences - AttributeError: type object 'ResearchPerspective' has no attribute 'SONNET'
Build & Test (sonnet - unified)	Run tests with coverage	2025-07-20T03:42:02.6551753Z FAILED tests/test_synthesis_agents.py::TestFastAPIEndpoints::test_execute_phase_endpoint - assert 400 == 200
Build & Test (sonnet - unified)	Run tests with coverage	2025-07-20T03:42:02.6552600Z  +  where 400 = <Response [400 Bad Request]>.status_code
Build & Test (sonnet - unified)	Run tests with coverage	2025-07-20T03:42:02.6553231Z ======================== 3 failed, 18 passed in 17.74s =========================
Build & Test (sonnet - unified)	Run tests with coverage	2025-07-20T03:42:02.7449948Z ##[error]Process completed with exit code 1.
Build & Test (opus - unified)	Run tests with coverage	∩╗┐2025-07-20T03:41:38.6766538Z ##[group]Run pytest tests/ -v --cov=src --cov-report=xml --cov-report=html
Build & Test (opus - unified)	Run tests with coverage	2025-07-20T03:41:38.6767050Z [36;1mpytest tests/ -v --cov=src --cov-report=xml --cov-report=html[0m
Build & Test (opus - unified)	Run tests with coverage	2025-07-20T03:41:38.6795448Z shell: /usr/bin/bash -e {0}
Build & Test (opus - unified)	Run tests with coverage	2025-07-20T03:41:38.6795855Z env:
Build & Test (opus - unified)	Run tests with coverage	2025-07-20T03:41:38.6796023Z   PYTHON_VERSION: 3.11
Build & Test (opus - unified)	Run tests with coverage	2025-07-20T03:41:38.6796235Z   DOCKER_REGISTRY: ghcr.io
Build & Test (opus - unified)	Run tests with coverage	2025-07-20T03:41:38.6796452Z   IMAGE_NAME: LiamKujawski/MCP
Build & Test (opus - unified)	Run tests with coverage	2025-07-20T03:41:38.6796737Z   pythonLocation: /opt/hostedtoolcache/Python/3.12.11/x64
Build & Test (opus - unified)	Run tests with coverage	2025-07-20T03:41:38.6797123Z   PKG_CONFIG_PATH: /opt/hostedtoolcache/Python/3.12.11/x64/lib/pkgconfig
Build & Test (opus - unified)	Run tests with coverage	2025-07-20T03:41:38.6797493Z   Python_ROOT_DIR: /opt/hostedtoolcache/Python/3.12.11/x64
Build & Test (opus - unified)	Run tests with coverage	2025-07-20T03:41:38.6797833Z   Python2_ROOT_DIR: /opt/hostedtoolcache/Python/3.12.11/x64
Build & Test (opus - unified)	Run tests with coverage	2025-07-20T03:41:38.6798154Z   Python3_ROOT_DIR: /opt/hostedtoolcache/Python/3.12.11/x64
Build & Test (opus - unified)	Run tests with coverage	2025-07-20T03:41:38.6798488Z   LD_LIBRARY_PATH: /opt/hostedtoolcache/Python/3.12.11/x64/lib
Build & Test (opus - unified)	Run tests with coverage	2025-07-20T03:41:38.6798768Z   MODEL_TYPE: opus
Build & Test (opus - unified)	Run tests with coverage	2025-07-20T03:41:38.6798979Z   PROMPT_TYPE: unified
Build & Test (opus - unified)	Run tests with coverage	2025-07-20T03:41:38.6799160Z ##[endgroup]
Build & Test (opus - unified)	Run tests with coverage	2025-07-20T03:41:41.4449702Z ============================= test session starts ==============================
Build & Test (opus - unified)	Run tests with coverage	2025-07-20T03:41:41.4451211Z platform linux -- Python 3.12.11, pytest-8.4.1, pluggy-1.6.0 -- /opt/hostedtoolcache/Python/3.12.11/x64/bin/python
Build & Test (opus - unified)	Run tests with coverage	2025-07-20T03:41:41.4452057Z cachedir: .pytest_cache
Build & Test (opus - unified)	Run tests with coverage	2025-07-20T03:41:41.4452427Z rootdir: /home/runner/work/MCP/MCP
Build & Test (opus - unified)	Run tests with coverage	2025-07-20T03:41:41.4452854Z configfile: pytest.ini
Build & Test (opus - unified)	Run tests with coverage	2025-07-20T03:41:41.4453233Z plugins: cov-6.2.1, asyncio-1.1.0, anyio-4.9.0
Build & Test (opus - unified)	Run tests with coverage	2025-07-20T03:41:41.4454035Z asyncio: mode=Mode.STRICT, asyncio_default_fixture_loop_scope=None, asyncio_default_test_loop_scope=function
Build & Test (opus - unified)	Run tests with coverage	2025-07-20T03:41:43.2121115Z collecting ... collected 21 items
Build & Test (opus - unified)	Run tests with coverage	2025-07-20T03:41:43.2121514Z 
Build & Test (opus - unified)	Run tests with coverage	2025-07-20T03:41:43.2150263Z tests/integration/test_api_integration.py::test_environment PASSED       [  4%]
Build & Test (opus - unified)	Run tests with coverage	2025-07-20T03:41:43.2164271Z tests/integration/test_api_integration.py::test_smoke_integration PASSED [  9%]
Build & Test (opus - unified)	Run tests with coverage	2025-07-20T03:41:43.2175734Z tests/test_smoke.py::test_smoke PASSED                                   [ 14%]
Build & Test (opus - unified)	Run tests with coverage	2025-07-20T03:41:43.2189254Z tests/test_smoke.py::test_imports PASSED                                 [ 19%]
Build & Test (opus - unified)	Run tests with coverage	2025-07-20T03:41:43.2202122Z tests/test_synthesis_agents.py::TestKnowledgeGraph::test_add_insight PASSED [ 23%]
Build & Test (opus - unified)	Run tests with coverage	2025-07-20T03:41:43.2643829Z tests/test_synthesis_agents.py::TestKnowledgeGraph::test_identify_consensus FAILED [ 28%]
Build & Test (opus - unified)	Run tests with coverage	2025-07-20T03:41:43.2733939Z tests/test_synthesis_agents.py::TestKnowledgeGraph::test_identify_divergences FAILED [ 33%]
Build & Test (opus - unified)	Run tests with coverage	2025-07-20T03:41:46.2907794Z tests/test_synthesis_agents.py::TestResearchDigestionAgent::test_execute PASSED [ 38%]
Build & Test (opus - unified)	Run tests with coverage	2025-07-20T03:41:46.3934137Z tests/test_synthesis_agents.py::TestResearchDigestionAgent::test_process_research_file PASSED [ 42%]
Build & Test (opus - unified)	Run tests with coverage	2025-07-20T03:41:46.4972698Z tests/test_synthesis_agents.py::TestSynthesisReportAgent::test_execute_success PASSED [ 47%]
Build & Test (opus - unified)	Run tests with coverage	2025-07-20T03:41:46.5005587Z tests/test_synthesis_agents.py::TestSynthesisReportAgent::test_execute_no_knowledge_graph PASSED [ 52%]
Build & Test (opus - unified)	Run tests with coverage	2025-07-20T03:41:46.6041126Z tests/test_synthesis_agents.py::TestImplementationPlanAgent::test_execute PASSED [ 57%]
Build & Test (opus - unified)	Run tests with coverage	2025-07-20T03:41:49.8202793Z tests/test_synthesis_agents.py::Test╬úBuilderOrchestrator::test_execute_workflow PASSED [ 61%]
Build & Test (opus - unified)	Run tests with coverage	2025-07-20T03:41:53.0383205Z tests/test_synthesis_agents.py::TestProcessSigmaBuilderRequest::test_process_full_workflow PASSED [ 66%]
Build & Test (opus - unified)	Run tests with coverage	2025-07-20T03:41:56.0533456Z tests/test_synthesis_agents.py::TestProcessSigmaBuilderRequest::test_process_specific_phase PASSED [ 71%]
Build & Test (opus - unified)	Run tests with coverage	2025-07-20T03:41:56.0556755Z tests/test_synthesis_agents.py::TestProcessSigmaBuilderRequest::test_process_error_handling PASSED [ 76%]
Build & Test (opus - unified)	Run tests with coverage	2025-07-20T03:41:56.1291741Z tests/test_synthesis_agents.py::TestFastAPIEndpoints::test_root_endpoint PASSED [ 80%]
Build & Test (opus - unified)	Run tests with coverage	2025-07-20T03:41:56.1330684Z tests/test_synthesis_agents.py::TestFastAPIEndpoints::test_health_endpoint PASSED [ 85%]
Build & Test (opus - unified)	Run tests with coverage	2025-07-20T03:41:56.1369595Z tests/test_synthesis_agents.py::TestFastAPIEndpoints::test_list_agents_endpoint PASSED [ 90%]
Build & Test (opus - unified)	Run tests with coverage	2025-07-20T03:41:56.1440992Z tests/test_synthesis_agents.py::TestFastAPIEndpoints::test_start_workflow_endpoint PASSED [ 95%]
Build & Test (opus - unified)	Run tests with coverage	2025-07-20T03:41:59.4041903Z tests/test_synthesis_agents.py::TestFastAPIEndpoints::test_execute_phase_endpoint FAILED [100%]
Build & Test (opus - unified)	Run tests with coverage	2025-07-20T03:41:59.4042873Z 
Build & Test (opus - unified)	Run tests with coverage	2025-07-20T03:41:59.4043015Z =================================== FAILURES ===================================
Build & Test (opus - unified)	Run tests with coverage	2025-07-20T03:41:59.4043498Z __________________ TestKnowledgeGraph.test_identify_consensus __________________
Build & Test (opus - unified)	Run tests with coverage	2025-07-20T03:41:59.4043827Z 
Build & Test (opus - unified)	Run tests with coverage	2025-07-20T03:41:59.4044075Z self = <tests.test_synthesis_agents.TestKnowledgeGraph object at 0x7fa7aca918b0>
Build & Test (opus - unified)	Run tests with coverage	2025-07-20T03:41:59.4044436Z 
Build & Test (opus - unified)	Run tests with coverage	2025-07-20T03:41:59.4044551Z     def test_identify_consensus(self):
Build & Test (opus - unified)	Run tests with coverage	2025-07-20T03:41:59.4044886Z         """Test consensus pattern identification"""
Build & Test (opus - unified)	Run tests with coverage	2025-07-20T03:41:59.4045441Z         graph = KnowledgeGraph()
Build & Test (opus - unified)	Run tests with coverage	2025-07-20T03:41:59.4045927Z     
Build & Test (opus - unified)	Run tests with coverage	2025-07-20T03:41:59.4046415Z         # Add insights from multiple perspectives on same type
Build & Test (opus - unified)	Run tests with coverage	2025-07-20T03:41:59.4047295Z >       for i, perspective in enumerate([ResearchPerspective.O3, ResearchPerspective.SONNET]):
Build & Test (opus - unified)	Run tests with coverage	2025-07-20T03:41:59.4047819Z                                                                  ^^^^^^^^^^^^^^^^^^^^^^^^^^
Build & Test (opus - unified)	Run tests with coverage	2025-07-20T03:41:59.4048316Z E       AttributeError: type object 'ResearchPerspective' has no attribute 'SONNET'
Build & Test (opus - unified)	Run tests with coverage	2025-07-20T03:41:59.4048683Z 
Build & Test (opus - unified)	Run tests with coverage	2025-07-20T03:41:59.4048833Z tests/test_synthesis_agents.py:58: AttributeError
Build & Test (opus - unified)	Run tests with coverage	2025-07-20T03:41:59.4049293Z _________________ TestKnowledgeGraph.test_identify_divergences _________________
Build & Test (opus - unified)	Run tests with coverage	2025-07-20T03:41:59.4049624Z 
Build & Test (opus - unified)	Run tests with coverage	2025-07-20T03:41:59.4050909Z self = <tests.test_synthesis_agents.TestKnowledgeGraph object at 0x7fa7aca91a00>
Build & Test (opus - unified)	Run tests with coverage	2025-07-20T03:41:59.4051297Z 
Build & Test (opus - unified)	Run tests with coverage	2025-07-20T03:41:59.4051417Z     def test_identify_divergences(self):
Build & Test (opus - unified)	Run tests with coverage	2025-07-20T03:41:59.4051749Z         """Test divergence identification"""
Build & Test (opus - unified)	Run tests with coverage	2025-07-20T03:41:59.4052078Z         graph = KnowledgeGraph()
Build & Test (opus - unified)	Run tests with coverage	2025-07-20T03:41:59.4052347Z     
Build & Test (opus - unified)	Run tests with coverage	2025-07-20T03:41:59.4052547Z         # Add unique insight for O3
Build & Test (opus - unified)	Run tests with coverage	2025-07-20T03:41:59.4052787Z         insight1 = ResearchInsight(
Build & Test (opus - unified)	Run tests with coverage	2025-07-20T03:41:59.4053019Z             id="o3_unique",
Build & Test (opus - unified)	Run tests with coverage	2025-07-20T03:41:59.4053224Z             source_file="o3.md",
Build & Test (opus - unified)	Run tests with coverage	2025-07-20T03:41:59.4053481Z             perspective=ResearchPerspective.O3,
Build & Test (opus - unified)	Run tests with coverage	2025-07-20T03:41:59.4053753Z             type=InsightType.SAFETY,
Build & Test (opus - unified)	Run tests with coverage	2025-07-20T03:41:59.4054010Z             content="O3 unique safety insight"
Build & Test (opus - unified)	Run tests with coverage	2025-07-20T03:41:59.4054281Z         )
Build & Test (opus - unified)	Run tests with coverage	2025-07-20T03:41:59.4054429Z     
Build & Test (opus - unified)	Run tests with coverage	2025-07-20T03:41:59.4054603Z         # Add different insight for Sonnet
Build & Test (opus - unified)	Run tests with coverage	2025-07-20T03:41:59.4054853Z         insight2 = ResearchInsight(
Build & Test (opus - unified)	Run tests with coverage	2025-07-20T03:41:59.4055086Z             id="sonnet_unique",
Build & Test (opus - unified)	Run tests with coverage	2025-07-20T03:41:59.4055302Z             source_file="sonnet.md",
Build & Test (opus - unified)	Run tests with coverage	2025-07-20T03:41:59.4055570Z >           perspective=ResearchPerspective.SONNET,
Build & Test (opus - unified)	Run tests with coverage	2025-07-20T03:41:59.4055844Z                         ^^^^^^^^^^^^^^^^^^^^^^^^^^
Build & Test (opus - unified)	Run tests with coverage	2025-07-20T03:41:59.4056107Z             type=InsightType.PERFORMANCE,
Build & Test (opus - unified)	Run tests with coverage	2025-07-20T03:41:59.4056399Z             content="Sonnet unique performance insight"
Build & Test (opus - unified)	Run tests with coverage	2025-07-20T03:41:59.4056652Z         )
Build & Test (opus - unified)	Run tests with coverage	2025-07-20T03:41:59.4056951Z E       AttributeError: type object 'ResearchPerspective' has no attribute 'SONNET'
Build & Test (opus - unified)	Run tests with coverage	2025-07-20T03:41:59.4057261Z 
Build & Test (opus - unified)	Run tests with coverage	2025-07-20T03:41:59.4057379Z tests/test_synthesis_agents.py:91: AttributeError
Build & Test (opus - unified)	Run tests with coverage	2025-07-20T03:41:59.4057784Z _______________ TestFastAPIEndpoints.test_execute_phase_endpoint _______________
Build & Test (opus - unified)	Run tests with coverage	2025-07-20T03:41:59.4058069Z 
Build & Test (opus - unified)	Run tests with coverage	2025-07-20T03:41:59.4058289Z self = <tests.test_synthesis_agents.TestFastAPIEndpoints object at 0x7fa7aca922d0>
Build & Test (opus - unified)	Run tests with coverage	2025-07-20T03:41:59.4058770Z client = <starlette.testclient.TestClient object at 0x7fa7ac93d2e0>
Build & Test (opus - unified)	Run tests with coverage	2025-07-20T03:41:59.4059035Z 
Build & Test (opus - unified)	Run tests with coverage	2025-07-20T03:41:59.4059149Z     def test_execute_phase_endpoint(self, client):
Build & Test (opus - unified)	Run tests with coverage	2025-07-20T03:41:59.4059435Z         """Test phase execution endpoint"""
Build & Test (opus - unified)	Run tests with coverage	2025-07-20T03:41:59.4059692Z         request_data = {
Build & Test (opus - unified)	Run tests with coverage	2025-07-20T03:41:59.4060307Z             "phase": ╬úBuilderPhase.RESEARCH_DIGESTION.value,
Build & Test (opus - unified)	Run tests with coverage	2025-07-20T03:41:59.4060836Z             "context": {}
Build & Test (opus - unified)	Run tests with coverage	2025-07-20T03:41:59.4061026Z         }
Build & Test (opus - unified)	Run tests with coverage	2025-07-20T03:41:59.4061174Z     
Build & Test (opus - unified)	Run tests with coverage	2025-07-20T03:41:59.4061389Z         with patch.object(Path, "exists", return_value=True):
Build & Test (opus - unified)	Run tests with coverage	2025-07-20T03:41:59.4061874Z             response = client.post("/phase/execute", json=request_data)
Build & Test (opus - unified)	Run tests with coverage	2025-07-20T03:41:59.4062190Z     
Build & Test (opus - unified)	Run tests with coverage	2025-07-20T03:41:59.4062359Z >       assert response.status_code == 200
Build & Test (opus - unified)	Run tests with coverage	2025-07-20T03:41:59.4062605Z E       assert 400 == 200
Build & Test (opus - unified)	Run tests with coverage	2025-07-20T03:41:59.4062843Z E        +  where 400 = <Response [400 Bad Request]>.status_code
Build & Test (opus - unified)	Run tests with coverage	2025-07-20T03:41:59.4063057Z 
Build & Test (opus - unified)	Run tests with coverage	2025-07-20T03:41:59.4063174Z tests/test_synthesis_agents.py:315: AssertionError
Build & Test (opus - unified)	Run tests with coverage	2025-07-20T03:41:59.4063462Z ================================ tests coverage ================================
Build & Test (opus - unified)	Run tests with coverage	2025-07-20T03:41:59.4063807Z _______________ coverage: platform linux, python 3.12.11-final-0 _______________
Build & Test (opus - unified)	Run tests with coverage	2025-07-20T03:41:59.4064045Z 
Build & Test (opus - unified)	Run tests with coverage	2025-07-20T03:41:59.4064134Z Coverage HTML written to dir htmlcov
Build & Test (opus - unified)	Run tests with coverage	2025-07-20T03:41:59.4064377Z Coverage XML written to file coverage.xml
Build & Test (opus - unified)	Run tests with coverage	2025-07-20T03:41:59.4064647Z =========================== short test summary info ============================
Build & Test (opus - unified)	Run tests with coverage	2025-07-20T03:41:59.4065319Z FAILED tests/test_synthesis_agents.py::TestKnowledgeGraph::test_identify_consensus - AttributeError: type object 'ResearchPerspective' has no attribute 'SONNET'
Build & Test (opus - unified)	Run tests with coverage	2025-07-20T03:41:59.4066329Z FAILED tests/test_synthesis_agents.py::TestKnowledgeGraph::test_identify_divergences - AttributeError: type object 'ResearchPerspective' has no attribute 'SONNET'
Build & Test (opus - unified)	Run tests with coverage	2025-07-20T03:41:59.4067502Z FAILED tests/test_synthesis_agents.py::TestFastAPIEndpoints::test_execute_phase_endpoint - assert 400 == 200
Build & Test (opus - unified)	Run tests with coverage	2025-07-20T03:41:59.4068397Z  +  where 400 = <Response [400 Bad Request]>.status_code
Build & Test (opus - unified)	Run tests with coverage	2025-07-20T03:41:59.4069018Z ======================== 3 failed, 18 passed in 17.88s =========================
Build & Test (opus - unified)	Run tests with coverage	2025-07-20T03:41:59.5100624Z ##[error]Process completed with exit code 1.
Build & Test (opus - unified)	Run tests with coverage	∩╗┐2025-07-20T03:41:38.6766538Z ##[group]Run pytest tests/ -v --cov=src --cov-report=xml --cov-report=html
Build & Test (opus - unified)	Run tests with coverage	2025-07-20T03:41:38.6767050Z [36;1mpytest tests/ -v --cov=src --cov-report=xml --cov-report=html[0m
Build & Test (opus - unified)	Run tests with coverage	2025-07-20T03:41:38.6795448Z shell: /usr/bin/bash -e {0}
Build & Test (opus - unified)	Run tests with coverage	2025-07-20T03:41:38.6795855Z env:
Build & Test (opus - unified)	Run tests with coverage	2025-07-20T03:41:38.6796023Z   PYTHON_VERSION: 3.11
Build & Test (opus - unified)	Run tests with coverage	2025-07-20T03:41:38.6796235Z   DOCKER_REGISTRY: ghcr.io
Build & Test (opus - unified)	Run tests with coverage	2025-07-20T03:41:38.6796452Z   IMAGE_NAME: LiamKujawski/MCP
Build & Test (opus - unified)	Run tests with coverage	2025-07-20T03:41:38.6796737Z   pythonLocation: /opt/hostedtoolcache/Python/3.12.11/x64
Build & Test (opus - unified)	Run tests with coverage	2025-07-20T03:41:38.6797123Z   PKG_CONFIG_PATH: /opt/hostedtoolcache/Python/3.12.11/x64/lib/pkgconfig
Build & Test (opus - unified)	Run tests with coverage	2025-07-20T03:41:38.6797493Z   Python_ROOT_DIR: /opt/hostedtoolcache/Python/3.12.11/x64
Build & Test (opus - unified)	Run tests with coverage	2025-07-20T03:41:38.6797833Z   Python2_ROOT_DIR: /opt/hostedtoolcache/Python/3.12.11/x64
Build & Test (opus - unified)	Run tests with coverage	2025-07-20T03:41:38.6798154Z   Python3_ROOT_DIR: /opt/hostedtoolcache/Python/3.12.11/x64
Build & Test (opus - unified)	Run tests with coverage	2025-07-20T03:41:38.6798488Z   LD_LIBRARY_PATH: /opt/hostedtoolcache/Python/3.12.11/x64/lib
Build & Test (opus - unified)	Run tests with coverage	2025-07-20T03:41:38.6798768Z   MODEL_TYPE: opus
Build & Test (opus - unified)	Run tests with coverage	2025-07-20T03:41:38.6798979Z   PROMPT_TYPE: unified
Build & Test (opus - unified)	Run tests with coverage	2025-07-20T03:41:38.6799160Z ##[endgroup]
Build & Test (opus - unified)	Run tests with coverage	2025-07-20T03:41:41.4449702Z ============================= test session starts ==============================
Build & Test (opus - unified)	Run tests with coverage	2025-07-20T03:41:41.4451211Z platform linux -- Python 3.12.11, pytest-8.4.1, pluggy-1.6.0 -- /opt/hostedtoolcache/Python/3.12.11/x64/bin/python
Build & Test (opus - unified)	Run tests with coverage	2025-07-20T03:41:41.4452057Z cachedir: .pytest_cache
Build & Test (opus - unified)	Run tests with coverage	2025-07-20T03:41:41.4452427Z rootdir: /home/runner/work/MCP/MCP
Build & Test (opus - unified)	Run tests with coverage	2025-07-20T03:41:41.4452854Z configfile: pytest.ini
Build & Test (opus - unified)	Run tests with coverage	2025-07-20T03:41:41.4453233Z plugins: cov-6.2.1, asyncio-1.1.0, anyio-4.9.0
Build & Test (opus - unified)	Run tests with coverage	2025-07-20T03:41:41.4454035Z asyncio: mode=Mode.STRICT, asyncio_default_fixture_loop_scope=None, asyncio_default_test_loop_scope=function
Build & Test (opus - unified)	Run tests with coverage	2025-07-20T03:41:43.2121115Z collecting ... collected 21 items
Build & Test (opus - unified)	Run tests with coverage	2025-07-20T03:41:43.2121514Z 
Build & Test (opus - unified)	Run tests with coverage	2025-07-20T03:41:43.2150263Z tests/integration/test_api_integration.py::test_environment PASSED       [  4%]
Build & Test (opus - unified)	Run tests with coverage	2025-07-20T03:41:43.2164271Z tests/integration/test_api_integration.py::test_smoke_integration PASSED [  9%]
Build & Test (opus - unified)	Run tests with coverage	2025-07-20T03:41:43.2175734Z tests/test_smoke.py::test_smoke PASSED                                   [ 14%]
Build & Test (opus - unified)	Run tests with coverage	2025-07-20T03:41:43.2189254Z tests/test_smoke.py::test_imports PASSED                                 [ 19%]
Build & Test (opus - unified)	Run tests with coverage	2025-07-20T03:41:43.2202122Z tests/test_synthesis_agents.py::TestKnowledgeGraph::test_add_insight PASSED [ 23%]
Build & Test (opus - unified)	Run tests with coverage	2025-07-20T03:41:43.2643829Z tests/test_synthesis_agents.py::TestKnowledgeGraph::test_identify_consensus FAILED [ 28%]
Build & Test (opus - unified)	Run tests with coverage	2025-07-20T03:41:43.2733939Z tests/test_synthesis_agents.py::TestKnowledgeGraph::test_identify_divergences FAILED [ 33%]
Build & Test (opus - unified)	Run tests with coverage	2025-07-20T03:41:46.2907794Z tests/test_synthesis_agents.py::TestResearchDigestionAgent::test_execute PASSED [ 38%]
Build & Test (opus - unified)	Run tests with coverage	2025-07-20T03:41:46.3934137Z tests/test_synthesis_agents.py::TestResearchDigestionAgent::test_process_research_file PASSED [ 42%]
Build & Test (opus - unified)	Run tests with coverage	2025-07-20T03:41:46.4972698Z tests/test_synthesis_agents.py::TestSynthesisReportAgent::test_execute_success PASSED [ 47%]
Build & Test (opus - unified)	Run tests with coverage	2025-07-20T03:41:46.5005587Z tests/test_synthesis_agents.py::TestSynthesisReportAgent::test_execute_no_knowledge_graph PASSED [ 52%]
Build & Test (opus - unified)	Run tests with coverage	2025-07-20T03:41:46.6041126Z tests/test_synthesis_agents.py::TestImplementationPlanAgent::test_execute PASSED [ 57%]
Build & Test (opus - unified)	Run tests with coverage	2025-07-20T03:41:49.8202793Z tests/test_synthesis_agents.py::Test╬úBuilderOrchestrator::test_execute_workflow PASSED [ 61%]
Build & Test (opus - unified)	Run tests with coverage	2025-07-20T03:41:53.0383205Z tests/test_synthesis_agents.py::TestProcessSigmaBuilderRequest::test_process_full_workflow PASSED [ 66%]
Build & Test (opus - unified)	Run tests with coverage	2025-07-20T03:41:56.0533456Z tests/test_synthesis_agents.py::TestProcessSigmaBuilderRequest::test_process_specific_phase PASSED [ 71%]
Build & Test (opus - unified)	Run tests with coverage	2025-07-20T03:41:56.0556755Z tests/test_synthesis_agents.py::TestProcessSigmaBuilderRequest::test_process_error_handling PASSED [ 76%]
Build & Test (opus - unified)	Run tests with coverage	2025-07-20T03:41:56.1291741Z tests/test_synthesis_agents.py::TestFastAPIEndpoints::test_root_endpoint PASSED [ 80%]
Build & Test (opus - unified)	Run tests with coverage	2025-07-20T03:41:56.1330684Z tests/test_synthesis_agents.py::TestFastAPIEndpoints::test_health_endpoint PASSED [ 85%]
Build & Test (opus - unified)	Run tests with coverage	2025-07-20T03:41:56.1369595Z tests/test_synthesis_agents.py::TestFastAPIEndpoints::test_list_agents_endpoint PASSED [ 90%]
Build & Test (opus - unified)	Run tests with coverage	2025-07-20T03:41:56.1440992Z tests/test_synthesis_agents.py::TestFastAPIEndpoints::test_start_workflow_endpoint PASSED [ 95%]
Build & Test (opus - unified)	Run tests with coverage	2025-07-20T03:41:59.4041903Z tests/test_synthesis_agents.py::TestFastAPIEndpoints::test_execute_phase_endpoint FAILED [100%]
Build & Test (opus - unified)	Run tests with coverage	2025-07-20T03:41:59.4042873Z 
Build & Test (opus - unified)	Run tests with coverage	2025-07-20T03:41:59.4043015Z =================================== FAILURES ===================================
Build & Test (opus - unified)	Run tests with coverage	2025-07-20T03:41:59.4043498Z __________________ TestKnowledgeGraph.test_identify_consensus __________________
Build & Test (opus - unified)	Run tests with coverage	2025-07-20T03:41:59.4043827Z 
Build & Test (opus - unified)	Run tests with coverage	2025-07-20T03:41:59.4044075Z self = <tests.test_synthesis_agents.TestKnowledgeGraph object at 0x7fa7aca918b0>
Build & Test (opus - unified)	Run tests with coverage	2025-07-20T03:41:59.4044436Z 
Build & Test (opus - unified)	Run tests with coverage	2025-07-20T03:41:59.4044551Z     def test_identify_consensus(self):
Build & Test (opus - unified)	Run tests with coverage	2025-07-20T03:41:59.4044886Z         """Test consensus pattern identification"""
Build & Test (opus - unified)	Run tests with coverage	2025-07-20T03:41:59.4045441Z         graph = KnowledgeGraph()
Build & Test (opus - unified)	Run tests with coverage	2025-07-20T03:41:59.4045927Z     
Build & Test (opus - unified)	Run tests with coverage	2025-07-20T03:41:59.4046415Z         # Add insights from multiple perspectives on same type
Build & Test (opus - unified)	Run tests with coverage	2025-07-20T03:41:59.4047295Z >       for i, perspective in enumerate([ResearchPerspective.O3, ResearchPerspective.SONNET]):
Build & Test (opus - unified)	Run tests with coverage	2025-07-20T03:41:59.4047819Z                                                                  ^^^^^^^^^^^^^^^^^^^^^^^^^^
Build & Test (opus - unified)	Run tests with coverage	2025-07-20T03:41:59.4048316Z E       AttributeError: type object 'ResearchPerspective' has no attribute 'SONNET'
Build & Test (opus - unified)	Run tests with coverage	2025-07-20T03:41:59.4048683Z 
Build & Test (opus - unified)	Run tests with coverage	2025-07-20T03:41:59.4048833Z tests/test_synthesis_agents.py:58: AttributeError
Build & Test (opus - unified)	Run tests with coverage	2025-07-20T03:41:59.4049293Z _________________ TestKnowledgeGraph.test_identify_divergences _________________
Build & Test (opus - unified)	Run tests with coverage	2025-07-20T03:41:59.4049624Z 
Build & Test (opus - unified)	Run tests with coverage	2025-07-20T03:41:59.4050909Z self = <tests.test_synthesis_agents.TestKnowledgeGraph object at 0x7fa7aca91a00>
Build & Test (opus - unified)	Run tests with coverage	2025-07-20T03:41:59.4051297Z 
Build & Test (opus - unified)	Run tests with coverage	2025-07-20T03:41:59.4051417Z     def test_identify_divergences(self):
Build & Test (opus - unified)	Run tests with coverage	2025-07-20T03:41:59.4051749Z         """Test divergence identification"""
Build & Test (opus - unified)	Run tests with coverage	2025-07-20T03:41:59.4052078Z         graph = KnowledgeGraph()
Build & Test (opus - unified)	Run tests with coverage	2025-07-20T03:41:59.4052347Z     
Build & Test (opus - unified)	Run tests with coverage	2025-07-20T03:41:59.4052547Z         # Add unique insight for O3
Build & Test (opus - unified)	Run tests with coverage	2025-07-20T03:41:59.4052787Z         insight1 = ResearchInsight(
Build & Test (opus - unified)	Run tests with coverage	2025-07-20T03:41:59.4053019Z             id="o3_unique",
Build & Test (opus - unified)	Run tests with coverage	2025-07-20T03:41:59.4053224Z             source_file="o3.md",
Build & Test (opus - unified)	Run tests with coverage	2025-07-20T03:41:59.4053481Z             perspective=ResearchPerspective.O3,
Build & Test (opus - unified)	Run tests with coverage	2025-07-20T03:41:59.4053753Z             type=InsightType.SAFETY,
Build & Test (opus - unified)	Run tests with coverage	2025-07-20T03:41:59.4054010Z             content="O3 unique safety insight"
Build & Test (opus - unified)	Run tests with coverage	2025-07-20T03:41:59.4054281Z         )
Build & Test (opus - unified)	Run tests with coverage	2025-07-20T03:41:59.4054429Z     
Build & Test (opus - unified)	Run tests with coverage	2025-07-20T03:41:59.4054603Z         # Add different insight for Sonnet
Build & Test (opus - unified)	Run tests with coverage	2025-07-20T03:41:59.4054853Z         insight2 = ResearchInsight(
Build & Test (opus - unified)	Run tests with coverage	2025-07-20T03:41:59.4055086Z             id="sonnet_unique",
Build & Test (opus - unified)	Run tests with coverage	2025-07-20T03:41:59.4055302Z             source_file="sonnet.md",
Build & Test (opus - unified)	Run tests with coverage	2025-07-20T03:41:59.4055570Z >           perspective=ResearchPerspective.SONNET,
Build & Test (opus - unified)	Run tests with coverage	2025-07-20T03:41:59.4055844Z                         ^^^^^^^^^^^^^^^^^^^^^^^^^^
Build & Test (opus - unified)	Run tests with coverage	2025-07-20T03:41:59.4056107Z             type=InsightType.PERFORMANCE,
Build & Test (opus - unified)	Run tests with coverage	2025-07-20T03:41:59.4056399Z             content="Sonnet unique performance insight"
Build & Test (opus - unified)	Run tests with coverage	2025-07-20T03:41:59.4056652Z         )
Build & Test (opus - unified)	Run tests with coverage	2025-07-20T03:41:59.4056951Z E       AttributeError: type object 'ResearchPerspective' has no attribute 'SONNET'
Build & Test (opus - unified)	Run tests with coverage	2025-07-20T03:41:59.4057261Z 
Build & Test (opus - unified)	Run tests with coverage	2025-07-20T03:41:59.4057379Z tests/test_synthesis_agents.py:91: AttributeError
Build & Test (opus - unified)	Run tests with coverage	2025-07-20T03:41:59.4057784Z _______________ TestFastAPIEndpoints.test_execute_phase_endpoint _______________
Build & Test (opus - unified)	Run tests with coverage	2025-07-20T03:41:59.4058069Z 
Build & Test (opus - unified)	Run tests with coverage	2025-07-20T03:41:59.4058289Z self = <tests.test_synthesis_agents.TestFastAPIEndpoints object at 0x7fa7aca922d0>
Build & Test (opus - unified)	Run tests with coverage	2025-07-20T03:41:59.4058770Z client = <starlette.testclient.TestClient object at 0x7fa7ac93d2e0>
Build & Test (opus - unified)	Run tests with coverage	2025-07-20T03:41:59.4059035Z 
Build & Test (opus - unified)	Run tests with coverage	2025-07-20T03:41:59.4059149Z     def test_execute_phase_endpoint(self, client):
Build & Test (opus - unified)	Run tests with coverage	2025-07-20T03:41:59.4059435Z         """Test phase execution endpoint"""
Build & Test (opus - unified)	Run tests with coverage	2025-07-20T03:41:59.4059692Z         request_data = {
Build & Test (opus - unified)	Run tests with coverage	2025-07-20T03:41:59.4060307Z             "phase": ╬úBuilderPhase.RESEARCH_DIGESTION.value,
Build & Test (opus - unified)	Run tests with coverage	2025-07-20T03:41:59.4060836Z             "context": {}
Build & Test (opus - unified)	Run tests with coverage	2025-07-20T03:41:59.4061026Z         }
Build & Test (opus - unified)	Run tests with coverage	2025-07-20T03:41:59.4061174Z     
Build & Test (opus - unified)	Run tests with coverage	2025-07-20T03:41:59.4061389Z         with patch.object(Path, "exists", return_value=True):
Build & Test (opus - unified)	Run tests with coverage	2025-07-20T03:41:59.4061874Z             response = client.post("/phase/execute", json=request_data)
Build & Test (opus - unified)	Run tests with coverage	2025-07-20T03:41:59.4062190Z     
Build & Test (opus - unified)	Run tests with coverage	2025-07-20T03:41:59.4062359Z >       assert response.status_code == 200
Build & Test (opus - unified)	Run tests with coverage	2025-07-20T03:41:59.4062605Z E       assert 400 == 200
Build & Test (opus - unified)	Run tests with coverage	2025-07-20T03:41:59.4062843Z E        +  where 400 = <Response [400 Bad Request]>.status_code
Build & Test (opus - unified)	Run tests with coverage	2025-07-20T03:41:59.4063057Z 
Build & Test (opus - unified)	Run tests with coverage	2025-07-20T03:41:59.4063174Z tests/test_synthesis_agents.py:315: AssertionError
Build & Test (opus - unified)	Run tests with coverage	2025-07-20T03:41:59.4063462Z ================================ tests coverage ================================
Build & Test (opus - unified)	Run tests with coverage	2025-07-20T03:41:59.4063807Z _______________ coverage: platform linux, python 3.12.11-final-0 _______________
Build & Test (opus - unified)	Run tests with coverage	2025-07-20T03:41:59.4064045Z 
Build & Test (opus - unified)	Run tests with coverage	2025-07-20T03:41:59.4064134Z Coverage HTML written to dir htmlcov
Build & Test (opus - unified)	Run tests with coverage	2025-07-20T03:41:59.4064377Z Coverage XML written to file coverage.xml
Build & Test (opus - unified)	Run tests with coverage	2025-07-20T03:41:59.4064647Z =========================== short test summary info ============================
Build & Test (opus - unified)	Run tests with coverage	2025-07-20T03:41:59.4065319Z FAILED tests/test_synthesis_agents.py::TestKnowledgeGraph::test_identify_consensus - AttributeError: type object 'ResearchPerspective' has no attribute 'SONNET'
Build & Test (opus - unified)	Run tests with coverage	2025-07-20T03:41:59.4066329Z FAILED tests/test_synthesis_agents.py::TestKnowledgeGraph::test_identify_divergences - AttributeError: type object 'ResearchPerspective' has no attribute 'SONNET'
Build & Test (opus - unified)	Run tests with coverage	2025-07-20T03:41:59.4067502Z FAILED tests/test_synthesis_agents.py::TestFastAPIEndpoints::test_execute_phase_endpoint - assert 400 == 200
Build & Test (opus - unified)	Run tests with coverage	2025-07-20T03:41:59.4068397Z  +  where 400 = <Response [400 Bad Request]>.status_code
Build & Test (opus - unified)	Run tests with coverage	2025-07-20T03:41:59.4069018Z ======================== 3 failed, 18 passed in 17.88s =========================
Build & Test (opus - unified)	Run tests with coverage	2025-07-20T03:41:59.5100624Z ##[error]Process completed with exit code 1.
Build & Test (sonnet - unified)	Run tests with coverage	∩╗┐2025-07-20T03:41:43.4209366Z ##[group]Run pytest tests/ -v --cov=src --cov-report=xml --cov-report=html
Build & Test (sonnet - unified)	Run tests with coverage	2025-07-20T03:41:43.4209899Z [36;1mpytest tests/ -v --cov=src --cov-report=xml --cov-report=html[0m
Build & Test (sonnet - unified)	Run tests with coverage	2025-07-20T03:41:43.4237835Z shell: /usr/bin/bash -e {0}
Build & Test (sonnet - unified)	Run tests with coverage	2025-07-20T03:41:43.4238226Z env:
Build & Test (sonnet - unified)	Run tests with coverage	2025-07-20T03:41:43.4238403Z   PYTHON_VERSION: 3.11
Build & Test (sonnet - unified)	Run tests with coverage	2025-07-20T03:41:43.4238595Z   DOCKER_REGISTRY: ghcr.io
Build & Test (sonnet - unified)	Run tests with coverage	2025-07-20T03:41:43.4238812Z   IMAGE_NAME: LiamKujawski/MCP
Build & Test (sonnet - unified)	Run tests with coverage	2025-07-20T03:41:43.4239088Z   pythonLocation: /opt/hostedtoolcache/Python/3.12.11/x64
Build & Test (sonnet - unified)	Run tests with coverage	2025-07-20T03:41:43.4239482Z   PKG_CONFIG_PATH: /opt/hostedtoolcache/Python/3.12.11/x64/lib/pkgconfig
Build & Test (sonnet - unified)	Run tests with coverage	2025-07-20T03:41:43.4239856Z   Python_ROOT_DIR: /opt/hostedtoolcache/Python/3.12.11/x64
Build & Test (sonnet - unified)	Run tests with coverage	2025-07-20T03:41:43.4240196Z   Python2_ROOT_DIR: /opt/hostedtoolcache/Python/3.12.11/x64
Build & Test (sonnet - unified)	Run tests with coverage	2025-07-20T03:41:43.4240535Z   Python3_ROOT_DIR: /opt/hostedtoolcache/Python/3.12.11/x64
Build & Test (sonnet - unified)	Run tests with coverage	2025-07-20T03:41:43.4240867Z   LD_LIBRARY_PATH: /opt/hostedtoolcache/Python/3.12.11/x64/lib
Build & Test (sonnet - unified)	Run tests with coverage	2025-07-20T03:41:43.4241152Z   MODEL_TYPE: sonnet
Build & Test (sonnet - unified)	Run tests with coverage	2025-07-20T03:41:43.4241365Z   PROMPT_TYPE: unified
Build & Test (sonnet - unified)	Run tests with coverage	2025-07-20T03:41:43.4241553Z ##[endgroup]
Build & Test (sonnet - unified)	Run tests with coverage	2025-07-20T03:41:44.8352922Z ============================= test session starts ==============================
Build & Test (sonnet - unified)	Run tests with coverage	2025-07-20T03:41:44.8354417Z platform linux -- Python 3.12.11, pytest-8.4.1, pluggy-1.6.0 -- /opt/hostedtoolcache/Python/3.12.11/x64/bin/python
Build & Test (sonnet - unified)	Run tests with coverage	2025-07-20T03:41:44.8355005Z cachedir: .pytest_cache
Build & Test (sonnet - unified)	Run tests with coverage	2025-07-20T03:41:44.8355284Z rootdir: /home/runner/work/MCP/MCP
Build & Test (sonnet - unified)	Run tests with coverage	2025-07-20T03:41:44.8355578Z configfile: pytest.ini
Build & Test (sonnet - unified)	Run tests with coverage	2025-07-20T03:41:44.8355866Z plugins: cov-6.2.1, asyncio-1.1.0, anyio-4.9.0
Build & Test (sonnet - unified)	Run tests with coverage	2025-07-20T03:41:44.8356443Z asyncio: mode=Mode.STRICT, asyncio_default_fixture_loop_scope=None, asyncio_default_test_loop_scope=function
Build & Test (sonnet - unified)	Run tests with coverage	2025-07-20T03:41:46.4581778Z collecting ... collected 21 items
Build & Test (sonnet - unified)	Run tests with coverage	2025-07-20T03:41:46.4582132Z 
Build & Test (sonnet - unified)	Run tests with coverage	2025-07-20T03:41:46.4610068Z tests/integration/test_api_integration.py::test_environment PASSED       [  4%]
Build & Test (sonnet - unified)	Run tests with coverage	2025-07-20T03:41:46.4624046Z tests/integration/test_api_integration.py::test_smoke_integration PASSED [  9%]
Build & Test (sonnet - unified)	Run tests with coverage	2025-07-20T03:41:46.4635012Z tests/test_smoke.py::test_smoke PASSED                                   [ 14%]
Build & Test (sonnet - unified)	Run tests with coverage	2025-07-20T03:41:46.4648696Z tests/test_smoke.py::test_imports PASSED                                 [ 19%]
Build & Test (sonnet - unified)	Run tests with coverage	2025-07-20T03:41:46.4661084Z tests/test_synthesis_agents.py::TestKnowledgeGraph::test_add_insight PASSED [ 23%]
Build & Test (sonnet - unified)	Run tests with coverage	2025-07-20T03:41:46.5105011Z tests/test_synthesis_agents.py::TestKnowledgeGraph::test_identify_consensus FAILED [ 28%]
Build & Test (sonnet - unified)	Run tests with coverage	2025-07-20T03:41:46.5196232Z tests/test_synthesis_agents.py::TestKnowledgeGraph::test_identify_divergences FAILED [ 33%]
Build & Test (sonnet - unified)	Run tests with coverage	2025-07-20T03:41:49.5364201Z tests/test_synthesis_agents.py::TestResearchDigestionAgent::test_execute PASSED [ 38%]
Build & Test (sonnet - unified)	Run tests with coverage	2025-07-20T03:41:49.6391446Z tests/test_synthesis_agents.py::TestResearchDigestionAgent::test_process_research_file PASSED [ 42%]
Build & Test (sonnet - unified)	Run tests with coverage	2025-07-20T03:41:49.7428502Z tests/test_synthesis_agents.py::TestSynthesisReportAgent::test_execute_success PASSED [ 47%]
Build & Test (sonnet - unified)	Run tests with coverage	2025-07-20T03:41:49.7460300Z tests/test_synthesis_agents.py::TestSynthesisReportAgent::test_execute_no_knowledge_graph PASSED [ 52%]
Build & Test (sonnet - unified)	Run tests with coverage	2025-07-20T03:41:49.8496156Z tests/test_synthesis_agents.py::TestImplementationPlanAgent::test_execute PASSED [ 57%]
Build & Test (sonnet - unified)	Run tests with coverage	2025-07-20T03:41:53.0662513Z tests/test_synthesis_agents.py::Test╬úBuilderOrchestrator::test_execute_workflow PASSED [ 61%]
Build & Test (sonnet - unified)	Run tests with coverage	2025-07-20T03:41:56.2834085Z tests/test_synthesis_agents.py::TestProcessSigmaBuilderRequest::test_process_full_workflow PASSED [ 66%]
Build & Test (sonnet - unified)	Run tests with coverage	2025-07-20T03:41:59.2984469Z tests/test_synthesis_agents.py::TestProcessSigmaBuilderRequest::test_process_specific_phase PASSED [ 71%]
Build & Test (sonnet - unified)	Run tests with coverage	2025-07-20T03:41:59.3006906Z tests/test_synthesis_agents.py::TestProcessSigmaBuilderRequest::test_process_error_handling PASSED [ 76%]
Build & Test (sonnet - unified)	Run tests with coverage	2025-07-20T03:41:59.3745697Z tests/test_synthesis_agents.py::TestFastAPIEndpoints::test_root_endpoint PASSED [ 80%]
Build & Test (sonnet - unified)	Run tests with coverage	2025-07-20T03:41:59.3785547Z tests/test_synthesis_agents.py::TestFastAPIEndpoints::test_health_endpoint PASSED [ 85%]
Build & Test (sonnet - unified)	Run tests with coverage	2025-07-20T03:41:59.3824416Z tests/test_synthesis_agents.py::TestFastAPIEndpoints::test_list_agents_endpoint PASSED [ 90%]
Build & Test (sonnet - unified)	Run tests with coverage	2025-07-20T03:41:59.3896404Z tests/test_synthesis_agents.py::TestFastAPIEndpoints::test_start_workflow_endpoint PASSED [ 95%]
Build & Test (sonnet - unified)	Run tests with coverage	2025-07-20T03:42:02.6526624Z tests/test_synthesis_agents.py::TestFastAPIEndpoints::test_execute_phase_endpoint FAILED [100%]
Build & Test (sonnet - unified)	Run tests with coverage	2025-07-20T03:42:02.6527899Z 
Build & Test (sonnet - unified)	Run tests with coverage	2025-07-20T03:42:02.6528148Z =================================== FAILURES ===================================
Build & Test (sonnet - unified)	Run tests with coverage	2025-07-20T03:42:02.6528907Z __________________ TestKnowledgeGraph.test_identify_consensus __________________
Build & Test (sonnet - unified)	Run tests with coverage	2025-07-20T03:42:02.6529455Z 
Build & Test (sonnet - unified)	Run tests with coverage	2025-07-20T03:42:02.6529868Z self = <tests.test_synthesis_agents.TestKnowledgeGraph object at 0x7fdc6b491940>
Build & Test (sonnet - unified)	Run tests with coverage	2025-07-20T03:42:02.6530431Z 
Build & Test (sonnet - unified)	Run tests with coverage	2025-07-20T03:42:02.6530637Z     def test_identify_consensus(self):
Build & Test (sonnet - unified)	Run tests with coverage	2025-07-20T03:42:02.6531230Z         """Test consensus pattern identification"""
Build & Test (sonnet - unified)	Run tests with coverage	2025-07-20T03:42:02.6531695Z         graph = KnowledgeGraph()
Build & Test (sonnet - unified)	Run tests with coverage	2025-07-20T03:42:02.6531991Z     
Build & Test (sonnet - unified)	Run tests with coverage	2025-07-20T03:42:02.6532384Z         # Add insights from multiple perspectives on same type
Build & Test (sonnet - unified)	Run tests with coverage	2025-07-20T03:42:02.6533154Z >       for i, perspective in enumerate([ResearchPerspective.O3, ResearchPerspective.SONNET]):
Build & Test (sonnet - unified)	Run tests with coverage	2025-07-20T03:42:02.6533855Z                                                                  ^^^^^^^^^^^^^^^^^^^^^^^^^^
Build & Test (sonnet - unified)	Run tests with coverage	2025-07-20T03:42:02.6534277Z E       AttributeError: type object 'ResearchPerspective' has no attribute 'SONNET'
Build & Test (sonnet - unified)	Run tests with coverage	2025-07-20T03:42:02.6534574Z 
Build & Test (sonnet - unified)	Run tests with coverage	2025-07-20T03:42:02.6534698Z tests/test_synthesis_agents.py:58: AttributeError
Build & Test (sonnet - unified)	Run tests with coverage	2025-07-20T03:42:02.6535087Z _________________ TestKnowledgeGraph.test_identify_divergences _________________
Build & Test (sonnet - unified)	Run tests with coverage	2025-07-20T03:42:02.6535355Z 
Build & Test (sonnet - unified)	Run tests with coverage	2025-07-20T03:42:02.6535553Z self = <tests.test_synthesis_agents.TestKnowledgeGraph object at 0x7fdc6b491a90>
Build & Test (sonnet - unified)	Run tests with coverage	2025-07-20T03:42:02.6535840Z 
Build & Test (sonnet - unified)	Run tests with coverage	2025-07-20T03:42:02.6535934Z     def test_identify_divergences(self):
Build & Test (sonnet - unified)	Run tests with coverage	2025-07-20T03:42:02.6536192Z         """Test divergence identification"""
Build & Test (sonnet - unified)	Run tests with coverage	2025-07-20T03:42:02.6536448Z         graph = KnowledgeGraph()
Build & Test (sonnet - unified)	Run tests with coverage	2025-07-20T03:42:02.6536658Z     
Build & Test (sonnet - unified)	Run tests with coverage	2025-07-20T03:42:02.6536824Z         # Add unique insight for O3
Build & Test (sonnet - unified)	Run tests with coverage	2025-07-20T03:42:02.6537058Z         insight1 = ResearchInsight(
Build & Test (sonnet - unified)	Run tests with coverage	2025-07-20T03:42:02.6537279Z             id="o3_unique",
Build & Test (sonnet - unified)	Run tests with coverage	2025-07-20T03:42:02.6537489Z             source_file="o3.md",
Build & Test (sonnet - unified)	Run tests with coverage	2025-07-20T03:42:02.6537730Z             perspective=ResearchPerspective.O3,
Build & Test (sonnet - unified)	Run tests with coverage	2025-07-20T03:42:02.6537995Z             type=InsightType.SAFETY,
Build & Test (sonnet - unified)	Run tests with coverage	2025-07-20T03:42:02.6538240Z             content="O3 unique safety insight"
Build & Test (sonnet - unified)	Run tests with coverage	2025-07-20T03:42:02.6538477Z         )
Build & Test (sonnet - unified)	Run tests with coverage	2025-07-20T03:42:02.6538622Z     
Build & Test (sonnet - unified)	Run tests with coverage	2025-07-20T03:42:02.6538792Z         # Add different insight for Sonnet
Build & Test (sonnet - unified)	Run tests with coverage	2025-07-20T03:42:02.6539038Z         insight2 = ResearchInsight(
Build & Test (sonnet - unified)	Run tests with coverage	2025-07-20T03:42:02.6539257Z             id="sonnet_unique",
Build & Test (sonnet - unified)	Run tests with coverage	2025-07-20T03:42:02.6539473Z             source_file="sonnet.md",
Build & Test (sonnet - unified)	Run tests with coverage	2025-07-20T03:42:02.6539726Z >           perspective=ResearchPerspective.SONNET,
Build & Test (sonnet - unified)	Run tests with coverage	2025-07-20T03:42:02.6539992Z                         ^^^^^^^^^^^^^^^^^^^^^^^^^^
Build & Test (sonnet - unified)	Run tests with coverage	2025-07-20T03:42:02.6540240Z             type=InsightType.PERFORMANCE,
Build & Test (sonnet - unified)	Run tests with coverage	2025-07-20T03:42:02.6540531Z             content="Sonnet unique performance insight"
Build & Test (sonnet - unified)	Run tests with coverage	2025-07-20T03:42:02.6540773Z         )
Build & Test (sonnet - unified)	Run tests with coverage	2025-07-20T03:42:02.6541058Z E       AttributeError: type object 'ResearchPerspective' has no attribute 'SONNET'
Build & Test (sonnet - unified)	Run tests with coverage	2025-07-20T03:42:02.6541352Z 
Build & Test (sonnet - unified)	Run tests with coverage	2025-07-20T03:42:02.6541473Z tests/test_synthesis_agents.py:91: AttributeError
Build & Test (sonnet - unified)	Run tests with coverage	2025-07-20T03:42:02.6541844Z _______________ TestFastAPIEndpoints.test_execute_phase_endpoint _______________
Build & Test (sonnet - unified)	Run tests with coverage	2025-07-20T03:42:02.6542121Z 
Build & Test (sonnet - unified)	Run tests with coverage	2025-07-20T03:42:02.6542326Z self = <tests.test_synthesis_agents.TestFastAPIEndpoints object at 0x7fdc6b4924e0>
Build & Test (sonnet - unified)	Run tests with coverage	2025-07-20T03:42:02.6542779Z client = <starlette.testclient.TestClient object at 0x7fdc6b335070>
Build & Test (sonnet - unified)	Run tests with coverage	2025-07-20T03:42:02.6543039Z 
Build & Test (sonnet - unified)	Run tests with coverage	2025-07-20T03:42:02.6543144Z     def test_execute_phase_endpoint(self, client):
Build & Test (sonnet - unified)	Run tests with coverage	2025-07-20T03:42:02.6543417Z         """Test phase execution endpoint"""
Build & Test (sonnet - unified)	Run tests with coverage	2025-07-20T03:42:02.6543900Z         request_data = {
Build & Test (sonnet - unified)	Run tests with coverage	2025-07-20T03:42:02.6544419Z             "phase": ╬úBuilderPhase.RESEARCH_DIGESTION.value,
Build & Test (sonnet - unified)	Run tests with coverage	2025-07-20T03:42:02.6544982Z             "context": {}
Build & Test (sonnet - unified)	Run tests with coverage	2025-07-20T03:42:02.6545173Z         }
Build & Test (sonnet - unified)	Run tests with coverage	2025-07-20T03:42:02.6545317Z     
Build & Test (sonnet - unified)	Run tests with coverage	2025-07-20T03:42:02.6545533Z         with patch.object(Path, "exists", return_value=True):
Build & Test (sonnet - unified)	Run tests with coverage	2025-07-20T03:42:02.6546011Z             response = client.post("/phase/execute", json=request_data)
Build & Test (sonnet - unified)	Run tests with coverage	2025-07-20T03:42:02.6546312Z     
Build & Test (sonnet - unified)	Run tests with coverage	2025-07-20T03:42:02.6546490Z >       assert response.status_code == 200
Build & Test (sonnet - unified)	Run tests with coverage	2025-07-20T03:42:02.6546725Z E       assert 400 == 200
Build & Test (sonnet - unified)	Run tests with coverage	2025-07-20T03:42:02.6546967Z E        +  where 400 = <Response [400 Bad Request]>.status_code
Build & Test (sonnet - unified)	Run tests with coverage	2025-07-20T03:42:02.6547170Z 
Build & Test (sonnet - unified)	Run tests with coverage	2025-07-20T03:42:02.6547287Z tests/test_synthesis_agents.py:315: AssertionError
Build & Test (sonnet - unified)	Run tests with coverage	2025-07-20T03:42:02.6547589Z ================================ tests coverage ================================
Build & Test (sonnet - unified)	Run tests with coverage	2025-07-20T03:42:02.6547945Z _______________ coverage: platform linux, python 3.12.11-final-0 _______________
Build & Test (sonnet - unified)	Run tests with coverage	2025-07-20T03:42:02.6548211Z 
Build & Test (sonnet - unified)	Run tests with coverage	2025-07-20T03:42:02.6548307Z Coverage HTML written to dir htmlcov
Build & Test (sonnet - unified)	Run tests with coverage	2025-07-20T03:42:02.6548612Z Coverage XML written to file coverage.xml
Build & Test (sonnet - unified)	Run tests with coverage	2025-07-20T03:42:02.6548891Z =========================== short test summary info ============================
Build & Test (sonnet - unified)	Run tests with coverage	2025-07-20T03:42:02.6549586Z FAILED tests/test_synthesis_agents.py::TestKnowledgeGraph::test_identify_consensus - AttributeError: type object 'ResearchPerspective' has no attribute 'SONNET'
Build & Test (sonnet - unified)	Run tests with coverage	2025-07-20T03:42:02.6550598Z FAILED tests/test_synthesis_agents.py::TestKnowledgeGraph::test_identify_divergences - AttributeError: type object 'ResearchPerspective' has no attribute 'SONNET'
Build & Test (sonnet - unified)	Run tests with coverage	2025-07-20T03:42:02.6551753Z FAILED tests/test_synthesis_agents.py::TestFastAPIEndpoints::test_execute_phase_endpoint - assert 400 == 200
Build & Test (sonnet - unified)	Run tests with coverage	2025-07-20T03:42:02.6552600Z  +  where 400 = <Response [400 Bad Request]>.status_code
Build & Test (sonnet - unified)	Run tests with coverage	2025-07-20T03:42:02.6553231Z ======================== 3 failed, 18 passed in 17.74s =========================
Build & Test (sonnet - unified)	Run tests with coverage	2025-07-20T03:42:02.7449948Z ##[error]Process completed with exit code 1.
Build & Test (opus - baseline)	Run tests with coverage	∩╗┐2025-07-20T03:41:38.1208681Z ##[group]Run pytest tests/ -v --cov=src --cov-report=xml --cov-report=html
Build & Test (opus - baseline)	Run tests with coverage	2025-07-20T03:41:38.1209574Z [36;1mpytest tests/ -v --cov=src --cov-report=xml --cov-report=html[0m
Build & Test (opus - baseline)	Run tests with coverage	2025-07-20T03:41:38.1245154Z shell: /usr/bin/bash -e {0}
Build & Test (opus - baseline)	Run tests with coverage	2025-07-20T03:41:38.1245774Z env:
Build & Test (opus - baseline)	Run tests with coverage	2025-07-20T03:41:38.1246110Z   PYTHON_VERSION: 3.11
Build & Test (opus - baseline)	Run tests with coverage	2025-07-20T03:41:38.1246515Z   DOCKER_REGISTRY: ghcr.io
Build & Test (opus - baseline)	Run tests with coverage	2025-07-20T03:41:38.1246961Z   IMAGE_NAME: LiamKujawski/MCP
Build & Test (opus - baseline)	Run tests with coverage	2025-07-20T03:41:38.1247536Z   pythonLocation: /opt/hostedtoolcache/Python/3.12.11/x64
Build & Test (opus - baseline)	Run tests with coverage	2025-07-20T03:41:38.1248377Z   PKG_CONFIG_PATH: /opt/hostedtoolcache/Python/3.12.11/x64/lib/pkgconfig
Build & Test (opus - baseline)	Run tests with coverage	2025-07-20T03:41:38.1249189Z   Python_ROOT_DIR: /opt/hostedtoolcache/Python/3.12.11/x64
Build & Test (opus - baseline)	Run tests with coverage	2025-07-20T03:41:38.1249914Z   Python2_ROOT_DIR: /opt/hostedtoolcache/Python/3.12.11/x64
Build & Test (opus - baseline)	Run tests with coverage	2025-07-20T03:41:38.1250640Z   Python3_ROOT_DIR: /opt/hostedtoolcache/Python/3.12.11/x64
Build & Test (opus - baseline)	Run tests with coverage	2025-07-20T03:41:38.1251370Z   LD_LIBRARY_PATH: /opt/hostedtoolcache/Python/3.12.11/x64/lib
Build & Test (opus - baseline)	Run tests with coverage	2025-07-20T03:41:38.1251982Z   MODEL_TYPE: opus
Build & Test (opus - baseline)	Run tests with coverage	2025-07-20T03:41:38.1252554Z   PROMPT_TYPE: baseline
Build & Test (opus - baseline)	Run tests with coverage	2025-07-20T03:41:38.1252961Z ##[endgroup]
Build & Test (opus - baseline)	Run tests with coverage	2025-07-20T03:41:39.3108224Z ============================= test session starts ==============================
Build & Test (opus - baseline)	Run tests with coverage	2025-07-20T03:41:39.3110824Z platform linux -- Python 3.12.11, pytest-8.4.1, pluggy-1.6.0 -- /opt/hostedtoolcache/Python/3.12.11/x64/bin/python
Build & Test (opus - baseline)	Run tests with coverage	2025-07-20T03:41:39.3112033Z cachedir: .pytest_cache
Build & Test (opus - baseline)	Run tests with coverage	2025-07-20T03:41:39.3112918Z rootdir: /home/runner/work/MCP/MCP
Build & Test (opus - baseline)	Run tests with coverage	2025-07-20T03:41:39.3113544Z configfile: pytest.ini
Build & Test (opus - baseline)	Run tests with coverage	2025-07-20T03:41:39.3114115Z plugins: cov-6.2.1, asyncio-1.1.0, anyio-4.9.0
Build & Test (opus - baseline)	Run tests with coverage	2025-07-20T03:41:39.3115377Z asyncio: mode=Mode.STRICT, asyncio_default_fixture_loop_scope=None, asyncio_default_test_loop_scope=function
Build & Test (opus - baseline)	Run tests with coverage	2025-07-20T03:41:40.9146813Z collecting ... collected 21 items
Build & Test (opus - baseline)	Run tests with coverage	2025-07-20T03:41:40.9147424Z 
Build & Test (opus - baseline)	Run tests with coverage	2025-07-20T03:41:40.9179014Z tests/integration/test_api_integration.py::test_environment PASSED       [  4%]
Build & Test (opus - baseline)	Run tests with coverage	2025-07-20T03:41:40.9193397Z tests/integration/test_api_integration.py::test_smoke_integration PASSED [  9%]
Build & Test (opus - baseline)	Run tests with coverage	2025-07-20T03:41:40.9204620Z tests/test_smoke.py::test_smoke PASSED                                   [ 14%]
Build & Test (opus - baseline)	Run tests with coverage	2025-07-20T03:41:40.9217825Z tests/test_smoke.py::test_imports PASSED                                 [ 19%]
Build & Test (opus - baseline)	Run tests with coverage	2025-07-20T03:41:40.9230393Z tests/test_synthesis_agents.py::TestKnowledgeGraph::test_add_insight PASSED [ 23%]
Build & Test (opus - baseline)	Run tests with coverage	2025-07-20T03:41:40.9682514Z tests/test_synthesis_agents.py::TestKnowledgeGraph::test_identify_consensus FAILED [ 28%]
Build & Test (opus - baseline)	Run tests with coverage	2025-07-20T03:41:40.9775024Z tests/test_synthesis_agents.py::TestKnowledgeGraph::test_identify_divergences FAILED [ 33%]
Build & Test (opus - baseline)	Run tests with coverage	2025-07-20T03:41:43.9981770Z tests/test_synthesis_agents.py::TestResearchDigestionAgent::test_execute PASSED [ 38%]
Build & Test (opus - baseline)	Run tests with coverage	2025-07-20T03:41:44.1017450Z tests/test_synthesis_agents.py::TestResearchDigestionAgent::test_process_research_file PASSED [ 42%]
Build & Test (opus - baseline)	Run tests with coverage	2025-07-20T03:41:44.2065065Z tests/test_synthesis_agents.py::TestSynthesisReportAgent::test_execute_success PASSED [ 47%]
Build & Test (opus - baseline)	Run tests with coverage	2025-07-20T03:41:44.2104028Z tests/test_synthesis_agents.py::TestSynthesisReportAgent::test_execute_no_knowledge_graph PASSED [ 52%]
Build & Test (opus - baseline)	Run tests with coverage	2025-07-20T03:41:44.3146768Z tests/test_synthesis_agents.py::TestImplementationPlanAgent::test_execute PASSED [ 57%]
Build & Test (opus - baseline)	Run tests with coverage	2025-07-20T03:41:47.5359613Z tests/test_synthesis_agents.py::Test╬úBuilderOrchestrator::test_execute_workflow PASSED [ 61%]
Build & Test (opus - baseline)	Run tests with coverage	2025-07-20T03:41:50.7566991Z tests/test_synthesis_agents.py::TestProcessSigmaBuilderRequest::test_process_full_workflow PASSED [ 66%]
Build & Test (opus - baseline)	Run tests with coverage	2025-07-20T03:41:53.7741263Z tests/test_synthesis_agents.py::TestProcessSigmaBuilderRequest::test_process_specific_phase PASSED [ 71%]
Build & Test (opus - baseline)	Run tests with coverage	2025-07-20T03:41:53.7771766Z tests/test_synthesis_agents.py::TestProcessSigmaBuilderRequest::test_process_error_handling PASSED [ 76%]
Build & Test (opus - baseline)	Run tests with coverage	2025-07-20T03:41:53.8603807Z tests/test_synthesis_agents.py::TestFastAPIEndpoints::test_root_endpoint PASSED [ 80%]
Build & Test (opus - baseline)	Run tests with coverage	2025-07-20T03:41:53.8647686Z tests/test_synthesis_agents.py::TestFastAPIEndpoints::test_health_endpoint PASSED [ 85%]
Build & Test (opus - baseline)	Run tests with coverage	2025-07-20T03:41:53.8690460Z tests/test_synthesis_agents.py::TestFastAPIEndpoints::test_list_agents_endpoint PASSED [ 90%]
Build & Test (opus - baseline)	Run tests with coverage	2025-07-20T03:41:53.8766743Z tests/test_synthesis_agents.py::TestFastAPIEndpoints::test_start_workflow_endpoint PASSED [ 95%]
Build & Test (opus - baseline)	Run tests with coverage	2025-07-20T03:41:57.1757516Z tests/test_synthesis_agents.py::TestFastAPIEndpoints::test_execute_phase_endpoint FAILED [100%]
Build & Test (opus - baseline)	Run tests with coverage	2025-07-20T03:41:57.1759641Z 
Build & Test (opus - baseline)	Run tests with coverage	2025-07-20T03:41:57.1760033Z =================================== FAILURES ===================================
Build & Test (opus - baseline)	Run tests with coverage	2025-07-20T03:41:57.1761761Z __________________ TestKnowledgeGraph.test_identify_consensus __________________
Build & Test (opus - baseline)	Run tests with coverage	2025-07-20T03:41:57.1766166Z 
Build & Test (opus - baseline)	Run tests with coverage	2025-07-20T03:41:57.1766749Z self = <tests.test_synthesis_agents.TestKnowledgeGraph object at 0x7f1bc42a57c0>
Build & Test (opus - baseline)	Run tests with coverage	2025-07-20T03:41:57.1767501Z 
Build & Test (opus - baseline)	Run tests with coverage	2025-07-20T03:41:57.1767769Z     def test_identify_consensus(self):
Build & Test (opus - baseline)	Run tests with coverage	2025-07-20T03:41:57.1768650Z         """Test consensus pattern identification"""
Build & Test (opus - baseline)	Run tests with coverage	2025-07-20T03:41:57.1769232Z         graph = KnowledgeGraph()
Build & Test (opus - baseline)	Run tests with coverage	2025-07-20T03:41:57.1769668Z     
Build & Test (opus - baseline)	Run tests with coverage	2025-07-20T03:41:57.1770114Z         # Add insights from multiple perspectives on same type
Build & Test (opus - baseline)	Run tests with coverage	2025-07-20T03:41:57.1771114Z >       for i, perspective in enumerate([ResearchPerspective.O3, ResearchPerspective.SONNET]):
Build & Test (opus - baseline)	Run tests with coverage	2025-07-20T03:41:57.1772023Z                                                                  ^^^^^^^^^^^^^^^^^^^^^^^^^^
Build & Test (opus - baseline)	Run tests with coverage	2025-07-20T03:41:57.1773106Z E       AttributeError: type object 'ResearchPerspective' has no attribute 'SONNET'
Build & Test (opus - baseline)	Run tests with coverage	2025-07-20T03:41:57.1773738Z 
Build & Test (opus - baseline)	Run tests with coverage	2025-07-20T03:41:57.1774000Z tests/test_synthesis_agents.py:58: AttributeError
Build & Test (opus - baseline)	Run tests with coverage	2025-07-20T03:41:57.1774804Z _________________ TestKnowledgeGraph.test_identify_divergences _________________
Build & Test (opus - baseline)	Run tests with coverage	2025-07-20T03:41:57.1775405Z 
Build & Test (opus - baseline)	Run tests with coverage	2025-07-20T03:41:57.1775860Z self = <tests.test_synthesis_agents.TestKnowledgeGraph object at 0x7f1bc42a5c70>
Build & Test (opus - baseline)	Run tests with coverage	2025-07-20T03:41:57.1776669Z 
Build & Test (opus - baseline)	Run tests with coverage	2025-07-20T03:41:57.1776905Z     def test_identify_divergences(self):
Build & Test (opus - baseline)	Run tests with coverage	2025-07-20T03:41:57.1777387Z         """Test divergence identification"""
Build & Test (opus - baseline)	Run tests with coverage	2025-07-20T03:41:57.1777853Z         graph = KnowledgeGraph()
Build & Test (opus - baseline)	Run tests with coverage	2025-07-20T03:41:57.1778225Z     
Build & Test (opus - baseline)	Run tests with coverage	2025-07-20T03:41:57.1778528Z         # Add unique insight for O3
Build & Test (opus - baseline)	Run tests with coverage	2025-07-20T03:41:57.1778952Z         insight1 = ResearchInsight(
Build & Test (opus - baseline)	Run tests with coverage	2025-07-20T03:41:57.1779354Z             id="o3_unique",
Build & Test (opus - baseline)	Run tests with coverage	2025-07-20T03:41:57.1779711Z             source_file="o3.md",
Build & Test (opus - baseline)	Run tests with coverage	2025-07-20T03:41:57.1780153Z             perspective=ResearchPerspective.O3,
Build & Test (opus - baseline)	Run tests with coverage	2025-07-20T03:41:57.1780684Z             type=InsightType.SAFETY,
Build & Test (opus - baseline)	Run tests with coverage	2025-07-20T03:41:57.1781126Z             content="O3 unique safety insight"
Build & Test (opus - baseline)	Run tests with coverage	2025-07-20T03:41:57.1781549Z         )
Build & Test (opus - baseline)	Run tests with coverage	2025-07-20T03:41:57.1781811Z     
Build & Test (opus - baseline)	Run tests with coverage	2025-07-20T03:41:57.1782113Z         # Add different insight for Sonnet
Build & Test (opus - baseline)	Run tests with coverage	2025-07-20T03:41:57.1782810Z         insight2 = ResearchInsight(
Build & Test (opus - baseline)	Run tests with coverage	2025-07-20T03:41:57.1783234Z             id="sonnet_unique",
Build & Test (opus - baseline)	Run tests with coverage	2025-07-20T03:41:57.1783628Z             source_file="sonnet.md",
Build & Test (opus - baseline)	Run tests with coverage	2025-07-20T03:41:57.1784087Z >           perspective=ResearchPerspective.SONNET,
Build & Test (opus - baseline)	Run tests with coverage	2025-07-20T03:41:57.1784579Z                         ^^^^^^^^^^^^^^^^^^^^^^^^^^
Build & Test (opus - baseline)	Run tests with coverage	2025-07-20T03:41:57.1785042Z             type=InsightType.PERFORMANCE,
Build & Test (opus - baseline)	Run tests with coverage	2025-07-20T03:41:57.1785571Z             content="Sonnet unique performance insight"
Build & Test (opus - baseline)	Run tests with coverage	2025-07-20T03:41:57.1786028Z         )
Build & Test (opus - baseline)	Run tests with coverage	2025-07-20T03:41:57.1786560Z E       AttributeError: type object 'ResearchPerspective' has no attribute 'SONNET'
Build & Test (opus - baseline)	Run tests with coverage	2025-07-20T03:41:57.1787114Z 
Build & Test (opus - baseline)	Run tests with coverage	2025-07-20T03:41:57.1787326Z tests/test_synthesis_agents.py:91: AttributeError
Build & Test (opus - baseline)	Run tests with coverage	2025-07-20T03:41:57.1788026Z _______________ TestFastAPIEndpoints.test_execute_phase_endpoint _______________
Build & Test (opus - baseline)	Run tests with coverage	2025-07-20T03:41:57.1788546Z 
Build & Test (opus - baseline)	Run tests with coverage	2025-07-20T03:41:57.1788943Z self = <tests.test_synthesis_agents.TestFastAPIEndpoints object at 0x7f1bc42a66c0>
Build & Test (opus - baseline)	Run tests with coverage	2025-07-20T03:41:57.1789797Z client = <starlette.testclient.TestClient object at 0x7f1bc41448f0>
Build & Test (opus - baseline)	Run tests with coverage	2025-07-20T03:41:57.1790280Z 
Build & Test (opus - baseline)	Run tests with coverage	2025-07-20T03:41:57.1790468Z     def test_execute_phase_endpoint(self, client):
Build & Test (opus - baseline)	Run tests with coverage	2025-07-20T03:41:57.1790970Z         """Test phase execution endpoint"""
Build & Test (opus - baseline)	Run tests with coverage	2025-07-20T03:41:57.1791421Z         request_data = {
Build & Test (opus - baseline)	Run tests with coverage	2025-07-20T03:41:57.1792441Z             "phase": ╬úBuilderPhase.RESEARCH_DIGESTION.value,
Build & Test (opus - baseline)	Run tests with coverage	2025-07-20T03:41:57.1793276Z             "context": {}
Build & Test (opus - baseline)	Run tests with coverage	2025-07-20T03:41:57.1793621Z         }
Build & Test (opus - baseline)	Run tests with coverage	2025-07-20T03:41:57.1793890Z     
Build & Test (opus - baseline)	Run tests with coverage	2025-07-20T03:41:57.1794291Z         with patch.object(Path, "exists", return_value=True):
Build & Test (opus - baseline)	Run tests with coverage	2025-07-20T03:41:57.1795120Z             response = client.post("/phase/execute", json=request_data)
Build & Test (opus - baseline)	Run tests with coverage	2025-07-20T03:41:57.1795689Z     
Build & Test (opus - baseline)	Run tests with coverage	2025-07-20T03:41:57.1795992Z >       assert response.status_code == 200
Build & Test (opus - baseline)	Run tests with coverage	2025-07-20T03:41:57.1796444Z E       assert 400 == 200
Build & Test (opus - baseline)	Run tests with coverage	2025-07-20T03:41:57.1796889Z E        +  where 400 = <Response [400 Bad Request]>.status_code
Build & Test (opus - baseline)	Run tests with coverage	2025-07-20T03:41:57.1797229Z 
Build & Test (opus - baseline)	Run tests with coverage	2025-07-20T03:41:57.1797414Z tests/test_synthesis_agents.py:315: AssertionError
Build & Test (opus - baseline)	Run tests with coverage	2025-07-20T03:41:57.1797925Z ================================ tests coverage ================================
Build & Test (opus - baseline)	Run tests with coverage	2025-07-20T03:41:57.1798529Z _______________ coverage: platform linux, python 3.12.11-final-0 _______________
Build & Test (opus - baseline)	Run tests with coverage	2025-07-20T03:41:57.1798968Z 
Build & Test (opus - baseline)	Run tests with coverage	2025-07-20T03:41:57.1799099Z Coverage HTML written to dir htmlcov
Build & Test (opus - baseline)	Run tests with coverage	2025-07-20T03:41:57.1799508Z Coverage XML written to file coverage.xml
Build & Test (opus - baseline)	Run tests with coverage	2025-07-20T03:41:57.1799982Z =========================== short test summary info ============================
Build & Test (opus - baseline)	Run tests with coverage	2025-07-20T03:41:57.1801651Z FAILED tests/test_synthesis_agents.py::TestKnowledgeGraph::test_identify_consensus - AttributeError: type object 'ResearchPerspective' has no attribute 'SONNET'
Build & Test (opus - baseline)	Run tests with coverage	2025-07-20T03:41:57.1804894Z FAILED tests/test_synthesis_agents.py::TestKnowledgeGraph::test_identify_divergences - AttributeError: type object 'ResearchPerspective' has no attribute 'SONNET'
Build & Test (opus - baseline)	Run tests with coverage	2025-07-20T03:41:57.1807501Z FAILED tests/test_synthesis_agents.py::TestFastAPIEndpoints::test_execute_phase_endpoint - assert 400 == 200
Build & Test (opus - baseline)	Run tests with coverage	2025-07-20T03:41:57.1809199Z  +  where 400 = <Response [400 Bad Request]>.status_code
Build & Test (opus - baseline)	Run tests with coverage	2025-07-20T03:41:57.1810211Z ======================== 3 failed, 18 passed in 17.77s =========================
Build & Test (opus - baseline)	Run tests with coverage	2025-07-20T03:41:57.3041927Z ##[error]Process completed with exit code 1.
Build & Test (opus - cross)	Run tests with coverage	∩╗┐2025-07-20T03:41:36.2339837Z ##[group]Run pytest tests/ -v --cov=src --cov-report=xml --cov-report=html
Build & Test (opus - cross)	Run tests with coverage	2025-07-20T03:41:36.2340368Z [36;1mpytest tests/ -v --cov=src --cov-report=xml --cov-report=html[0m
Build & Test (opus - cross)	Run tests with coverage	2025-07-20T03:41:36.2368804Z shell: /usr/bin/bash -e {0}
Build & Test (opus - cross)	Run tests with coverage	2025-07-20T03:41:36.2369187Z env:
Build & Test (opus - cross)	Run tests with coverage	2025-07-20T03:41:36.2369356Z   PYTHON_VERSION: 3.11
Build & Test (opus - cross)	Run tests with coverage	2025-07-20T03:41:36.2369561Z   DOCKER_REGISTRY: ghcr.io
Build & Test (opus - cross)	Run tests with coverage	2025-07-20T03:41:36.2369772Z   IMAGE_NAME: LiamKujawski/MCP
Build & Test (opus - cross)	Run tests with coverage	2025-07-20T03:41:36.2370051Z   pythonLocation: /opt/hostedtoolcache/Python/3.12.11/x64
Build & Test (opus - cross)	Run tests with coverage	2025-07-20T03:41:36.2370453Z   PKG_CONFIG_PATH: /opt/hostedtoolcache/Python/3.12.11/x64/lib/pkgconfig
Build & Test (opus - cross)	Run tests with coverage	2025-07-20T03:41:36.2370836Z   Python_ROOT_DIR: /opt/hostedtoolcache/Python/3.12.11/x64
Build & Test (opus - cross)	Run tests with coverage	2025-07-20T03:41:36.2371177Z   Python2_ROOT_DIR: /opt/hostedtoolcache/Python/3.12.11/x64
Build & Test (opus - cross)	Run tests with coverage	2025-07-20T03:41:36.2371508Z   Python3_ROOT_DIR: /opt/hostedtoolcache/Python/3.12.11/x64
Build & Test (opus - cross)	Run tests with coverage	2025-07-20T03:41:36.2371850Z   LD_LIBRARY_PATH: /opt/hostedtoolcache/Python/3.12.11/x64/lib
Build & Test (opus - cross)	Run tests with coverage	2025-07-20T03:41:36.2372269Z   MODEL_TYPE: opus
Build & Test (opus - cross)	Run tests with coverage	2025-07-20T03:41:36.2372501Z   PROMPT_TYPE: cross
Build & Test (opus - cross)	Run tests with coverage	2025-07-20T03:41:36.2372698Z ##[endgroup]
Build & Test (opus - cross)	Run tests with coverage	2025-07-20T03:41:37.3326408Z ============================= test session starts ==============================
Build & Test (opus - cross)	Run tests with coverage	2025-07-20T03:41:37.3327163Z platform linux -- Python 3.12.11, pytest-8.4.1, pluggy-1.6.0 -- /opt/hostedtoolcache/Python/3.12.11/x64/bin/python
Build & Test (opus - cross)	Run tests with coverage	2025-07-20T03:41:37.3327717Z cachedir: .pytest_cache
Build & Test (opus - cross)	Run tests with coverage	2025-07-20T03:41:37.3327983Z rootdir: /home/runner/work/MCP/MCP
Build & Test (opus - cross)	Run tests with coverage	2025-07-20T03:41:37.3328276Z configfile: pytest.ini
Build & Test (opus - cross)	Run tests with coverage	2025-07-20T03:41:37.3328555Z plugins: cov-6.2.1, asyncio-1.1.0, anyio-4.9.0
Build & Test (opus - cross)	Run tests with coverage	2025-07-20T03:41:37.3329143Z asyncio: mode=Mode.STRICT, asyncio_default_fixture_loop_scope=None, asyncio_default_test_loop_scope=function
Build & Test (opus - cross)	Run tests with coverage	2025-07-20T03:41:38.9178284Z collecting ... collected 21 items
Build & Test (opus - cross)	Run tests with coverage	2025-07-20T03:41:38.9178974Z 
Build & Test (opus - cross)	Run tests with coverage	2025-07-20T03:41:38.9209302Z tests/integration/test_api_integration.py::test_environment PASSED       [  4%]
Build & Test (opus - cross)	Run tests with coverage	2025-07-20T03:41:38.9224325Z tests/integration/test_api_integration.py::test_smoke_integration PASSED [  9%]
Build & Test (opus - cross)	Run tests with coverage	2025-07-20T03:41:38.9236257Z tests/test_smoke.py::test_smoke PASSED                                   [ 14%]
Build & Test (opus - cross)	Run tests with coverage	2025-07-20T03:41:38.9249869Z tests/test_smoke.py::test_imports PASSED                                 [ 19%]
Build & Test (opus - cross)	Run tests with coverage	2025-07-20T03:41:38.9262640Z tests/test_synthesis_agents.py::TestKnowledgeGraph::test_add_insight PASSED [ 23%]
Build & Test (opus - cross)	Run tests with coverage	2025-07-20T03:41:38.9720791Z tests/test_synthesis_agents.py::TestKnowledgeGraph::test_identify_consensus FAILED [ 28%]
Build & Test (opus - cross)	Run tests with coverage	2025-07-20T03:41:38.9819909Z tests/test_synthesis_agents.py::TestKnowledgeGraph::test_identify_divergences FAILED [ 33%]
Build & Test (opus - cross)	Run tests with coverage	2025-07-20T03:41:42.0025950Z tests/test_synthesis_agents.py::TestResearchDigestionAgent::test_execute PASSED [ 38%]
Build & Test (opus - cross)	Run tests with coverage	2025-07-20T03:41:42.1055856Z tests/test_synthesis_agents.py::TestResearchDigestionAgent::test_process_research_file PASSED [ 42%]
Build & Test (opus - cross)	Run tests with coverage	2025-07-20T03:41:42.2097594Z tests/test_synthesis_agents.py::TestSynthesisReportAgent::test_execute_success PASSED [ 47%]
Build & Test (opus - cross)	Run tests with coverage	2025-07-20T03:41:42.2130314Z tests/test_synthesis_agents.py::TestSynthesisReportAgent::test_execute_no_knowledge_graph PASSED [ 52%]
Build & Test (opus - cross)	Run tests with coverage	2025-07-20T03:41:42.3171079Z tests/test_synthesis_agents.py::TestImplementationPlanAgent::test_execute PASSED [ 57%]
Build & Test (opus - cross)	Run tests with coverage	2025-07-20T03:41:45.5378232Z tests/test_synthesis_agents.py::Test╬úBuilderOrchestrator::test_execute_workflow PASSED [ 61%]
Build & Test (opus - cross)	Run tests with coverage	2025-07-20T03:41:48.7581691Z tests/test_synthesis_agents.py::TestProcessSigmaBuilderRequest::test_process_full_workflow PASSED [ 66%]
Build & Test (opus - cross)	Run tests with coverage	2025-07-20T03:41:51.7773689Z tests/test_synthesis_agents.py::TestProcessSigmaBuilderRequest::test_process_specific_phase PASSED [ 71%]
Build & Test (opus - cross)	Run tests with coverage	2025-07-20T03:41:51.7796427Z tests/test_synthesis_agents.py::TestProcessSigmaBuilderRequest::test_process_error_handling PASSED [ 76%]
Build & Test (opus - cross)	Run tests with coverage	2025-07-20T03:41:51.8568552Z tests/test_synthesis_agents.py::TestFastAPIEndpoints::test_root_endpoint PASSED [ 80%]
Build & Test (opus - cross)	Run tests with coverage	2025-07-20T03:41:51.8609671Z tests/test_synthesis_agents.py::TestFastAPIEndpoints::test_health_endpoint PASSED [ 85%]
Build & Test (opus - cross)	Run tests with coverage	2025-07-20T03:41:51.8650022Z tests/test_synthesis_agents.py::TestFastAPIEndpoints::test_list_agents_endpoint PASSED [ 90%]
Build & Test (opus - cross)	Run tests with coverage	2025-07-20T03:41:51.8725327Z tests/test_synthesis_agents.py::TestFastAPIEndpoints::test_start_workflow_endpoint PASSED [ 95%]
Build & Test (opus - cross)	Run tests with coverage	2025-07-20T03:41:55.1726274Z tests/test_synthesis_agents.py::TestFastAPIEndpoints::test_execute_phase_endpoint FAILED [100%]
Build & Test (opus - cross)	Run tests with coverage	2025-07-20T03:41:55.1727542Z 
Build & Test (opus - cross)	Run tests with coverage	2025-07-20T03:41:55.1727765Z =================================== FAILURES ===================================
Build & Test (opus - cross)	Run tests with coverage	2025-07-20T03:41:55.1728553Z __________________ TestKnowledgeGraph.test_identify_consensus __________________
Build & Test (opus - cross)	Run tests with coverage	2025-07-20T03:41:55.1729017Z 
Build & Test (opus - cross)	Run tests with coverage	2025-07-20T03:41:55.1729395Z self = <tests.test_synthesis_agents.TestKnowledgeGraph object at 0x7fa8affb1a60>
Build & Test (opus - cross)	Run tests with coverage	2025-07-20T03:41:55.1729875Z 
Build & Test (opus - cross)	Run tests with coverage	2025-07-20T03:41:55.1730032Z     def test_identify_consensus(self):
Build & Test (opus - cross)	Run tests with coverage	2025-07-20T03:41:55.1730333Z         """Test consensus pattern identification"""
Build & Test (opus - cross)	Run tests with coverage	2025-07-20T03:41:55.1730610Z         graph = KnowledgeGraph()
Build & Test (opus - cross)	Run tests with coverage	2025-07-20T03:41:55.1730824Z     
Build & Test (opus - cross)	Run tests with coverage	2025-07-20T03:41:55.1731036Z         # Add insights from multiple perspectives on same type
Build & Test (opus - cross)	Run tests with coverage	2025-07-20T03:41:55.1731504Z >       for i, perspective in enumerate([ResearchPerspective.O3, ResearchPerspective.SONNET]):
Build & Test (opus - cross)	Run tests with coverage	2025-07-20T03:41:55.1732224Z                                                                  ^^^^^^^^^^^^^^^^^^^^^^^^^^
Build & Test (opus - cross)	Run tests with coverage	2025-07-20T03:41:55.1732692Z E       AttributeError: type object 'ResearchPerspective' has no attribute 'SONNET'
Build & Test (opus - cross)	Run tests with coverage	2025-07-20T03:41:55.1732983Z 
Build & Test (opus - cross)	Run tests with coverage	2025-07-20T03:41:55.1733105Z tests/test_synthesis_agents.py:58: AttributeError
Build & Test (opus - cross)	Run tests with coverage	2025-07-20T03:41:55.1733472Z _________________ TestKnowledgeGraph.test_identify_divergences _________________
Build & Test (opus - cross)	Run tests with coverage	2025-07-20T03:41:55.1733746Z 
Build & Test (opus - cross)	Run tests with coverage	2025-07-20T03:41:55.1733941Z self = <tests.test_synthesis_agents.TestKnowledgeGraph object at 0x7fa8affb1bb0>
Build & Test (opus - cross)	Run tests with coverage	2025-07-20T03:41:55.1734230Z 
Build & Test (opus - cross)	Run tests with coverage	2025-07-20T03:41:55.1734330Z     def test_identify_divergences(self):
Build & Test (opus - cross)	Run tests with coverage	2025-07-20T03:41:55.1734590Z         """Test divergence identification"""
Build & Test (opus - cross)	Run tests with coverage	2025-07-20T03:41:55.1734850Z         graph = KnowledgeGraph()
Build & Test (opus - cross)	Run tests with coverage	2025-07-20T03:41:55.1735056Z     
Build & Test (opus - cross)	Run tests with coverage	2025-07-20T03:41:55.1735226Z         # Add unique insight for O3
Build & Test (opus - cross)	Run tests with coverage	2025-07-20T03:41:55.1735459Z         insight1 = ResearchInsight(
Build & Test (opus - cross)	Run tests with coverage	2025-07-20T03:41:55.1735680Z             id="o3_unique",
Build & Test (opus - cross)	Run tests with coverage	2025-07-20T03:41:55.1735877Z             source_file="o3.md",
Build & Test (opus - cross)	Run tests with coverage	2025-07-20T03:41:55.1736122Z             perspective=ResearchPerspective.O3,
Build & Test (opus - cross)	Run tests with coverage	2025-07-20T03:41:55.1736386Z             type=InsightType.SAFETY,
Build & Test (opus - cross)	Run tests with coverage	2025-07-20T03:41:55.1736633Z             content="O3 unique safety insight"
Build & Test (opus - cross)	Run tests with coverage	2025-07-20T03:41:55.1736865Z         )
Build & Test (opus - cross)	Run tests with coverage	2025-07-20T03:41:55.1737010Z     
Build & Test (opus - cross)	Run tests with coverage	2025-07-20T03:41:55.1737178Z         # Add different insight for Sonnet
Build & Test (opus - cross)	Run tests with coverage	2025-07-20T03:41:55.1737420Z         insight2 = ResearchInsight(
Build & Test (opus - cross)	Run tests with coverage	2025-07-20T03:41:55.1737647Z             id="sonnet_unique",
Build & Test (opus - cross)	Run tests with coverage	2025-07-20T03:41:55.1737862Z             source_file="sonnet.md",
Build & Test (opus - cross)	Run tests with coverage	2025-07-20T03:41:55.1738120Z >           perspective=ResearchPerspective.SONNET,
Build & Test (opus - cross)	Run tests with coverage	2025-07-20T03:41:55.1738379Z                         ^^^^^^^^^^^^^^^^^^^^^^^^^^
Build & Test (opus - cross)	Run tests with coverage	2025-07-20T03:41:55.1738637Z             type=InsightType.PERFORMANCE,
Build & Test (opus - cross)	Run tests with coverage	2025-07-20T03:41:55.1738924Z             content="Sonnet unique performance insight"
Build & Test (opus - cross)	Run tests with coverage	2025-07-20T03:41:55.1739172Z         )
Build & Test (opus - cross)	Run tests with coverage	2025-07-20T03:41:55.1739456Z E       AttributeError: type object 'ResearchPerspective' has no attribute 'SONNET'
Build & Test (opus - cross)	Run tests with coverage	2025-07-20T03:41:55.1739751Z 
Build & Test (opus - cross)	Run tests with coverage	2025-07-20T03:41:55.1739862Z tests/test_synthesis_agents.py:91: AttributeError
Build & Test (opus - cross)	Run tests with coverage	2025-07-20T03:41:55.1740225Z _______________ TestFastAPIEndpoints.test_execute_phase_endpoint _______________
Build & Test (opus - cross)	Run tests with coverage	2025-07-20T03:41:55.1740489Z 
Build & Test (opus - cross)	Run tests with coverage	2025-07-20T03:41:55.1740694Z self = <tests.test_synthesis_agents.TestFastAPIEndpoints object at 0x7fa8affb2510>
Build & Test (opus - cross)	Run tests with coverage	2025-07-20T03:41:55.1741135Z client = <starlette.testclient.TestClient object at 0x7fa8afe513a0>
Build & Test (opus - cross)	Run tests with coverage	2025-07-20T03:41:55.1741379Z 
Build & Test (opus - cross)	Run tests with coverage	2025-07-20T03:41:55.1741487Z     def test_execute_phase_endpoint(self, client):
Build & Test (opus - cross)	Run tests with coverage	2025-07-20T03:41:55.1741750Z         """Test phase execution endpoint"""
Build & Test (opus - cross)	Run tests with coverage	2025-07-20T03:41:55.1742172Z         request_data = {
Build & Test (opus - cross)	Run tests with coverage	2025-07-20T03:41:55.1742654Z             "phase": ╬úBuilderPhase.RESEARCH_DIGESTION.value,
Build & Test (opus - cross)	Run tests with coverage	2025-07-20T03:41:55.1743131Z             "context": {}
Build & Test (opus - cross)	Run tests with coverage	2025-07-20T03:41:55.1743310Z         }
Build & Test (opus - cross)	Run tests with coverage	2025-07-20T03:41:55.1743463Z     
Build & Test (opus - cross)	Run tests with coverage	2025-07-20T03:41:55.1743671Z         with patch.object(Path, "exists", return_value=True):
Build & Test (opus - cross)	Run tests with coverage	2025-07-20T03:41:55.1744140Z             response = client.post("/phase/execute", json=request_data)
Build & Test (opus - cross)	Run tests with coverage	2025-07-20T03:41:55.1744433Z     
Build & Test (opus - cross)	Run tests with coverage	2025-07-20T03:41:55.1744598Z >       assert response.status_code == 200
Build & Test (opus - cross)	Run tests with coverage	2025-07-20T03:41:55.1744836Z E       assert 400 == 200
Build & Test (opus - cross)	Run tests with coverage	2025-07-20T03:41:55.1745065Z E        +  where 400 = <Response [400 Bad Request]>.status_code
Build & Test (opus - cross)	Run tests with coverage	2025-07-20T03:41:55.1745270Z 
Build & Test (opus - cross)	Run tests with coverage	2025-07-20T03:41:55.1745383Z tests/test_synthesis_agents.py:315: AssertionError
Build & Test (opus - cross)	Run tests with coverage	2025-07-20T03:41:55.1745675Z ================================ tests coverage ================================
Build & Test (opus - cross)	Run tests with coverage	2025-07-20T03:41:55.1746026Z _______________ coverage: platform linux, python 3.12.11-final-0 _______________
Build & Test (opus - cross)	Run tests with coverage	2025-07-20T03:41:55.1746273Z 
Build & Test (opus - cross)	Run tests with coverage	2025-07-20T03:41:55.1746364Z Coverage HTML written to dir htmlcov
Build & Test (opus - cross)	Run tests with coverage	2025-07-20T03:41:55.1746609Z Coverage XML written to file coverage.xml
Build & Test (opus - cross)	Run tests with coverage	2025-07-20T03:41:55.1746888Z =========================== short test summary info ============================
Build & Test (opus - cross)	Run tests with coverage	2025-07-20T03:41:55.1747647Z FAILED tests/test_synthesis_agents.py::TestKnowledgeGraph::test_identify_consensus - AttributeError: type object 'ResearchPerspective' has no attribute 'SONNET'
Build & Test (opus - cross)	Run tests with coverage	2025-07-20T03:41:55.1748651Z FAILED tests/test_synthesis_agents.py::TestKnowledgeGraph::test_identify_divergences - AttributeError: type object 'ResearchPerspective' has no attribute 'SONNET'
Build & Test (opus - cross)	Run tests with coverage	2025-07-20T03:41:55.1749479Z FAILED tests/test_synthesis_agents.py::TestFastAPIEndpoints::test_execute_phase_endpoint - assert 400 == 200
Build & Test (opus - cross)	Run tests with coverage	2025-07-20T03:41:55.1749960Z  +  where 400 = <Response [400 Bad Request]>.status_code
Build & Test (opus - cross)	Run tests with coverage	2025-07-20T03:41:55.1750337Z ======================== 3 failed, 18 passed in 17.73s =========================
Build & Test (opus - cross)	Run tests with coverage	2025-07-20T03:41:55.2745979Z ##[error]Process completed with exit code 1.
